Archive member included to satisfy reference by file (symbol)

/Users/Luppy/riscv/apps/import/libs/libmm.a(umm_malloc_size.o)
                              .obj/qjs.o (malloc_size)
/Users/Luppy/riscv/apps/import/libs/libmm.a(umm_free.o)
                              .obj/qjs.o (free)
/Users/Luppy/riscv/apps/import/libs/libmm.a(umm_malloc.o)
                              .obj/qjs.o (malloc)
/Users/Luppy/riscv/apps/import/libs/libmm.a(umm_memalign.o)
                              /Users/Luppy/riscv/apps/import/libs/libmm.a(umm_malloc.o) (memalign)
/Users/Luppy/riscv/apps/import/libs/libmm.a(umm_realloc.o)
                              .obj/qjs.o (realloc)
/Users/Luppy/riscv/apps/import/libs/libmm.a(umm_sbrk.o)
                              /Users/Luppy/riscv/apps/import/libs/libmm.a(umm_memalign.o) (sbrk)
/Users/Luppy/riscv/apps/import/libs/libmm.a(mm_malloc_size.o)
                              /Users/Luppy/riscv/apps/import/libs/libmm.a(umm_malloc_size.o) (mm_malloc_size)
/Users/Luppy/riscv/apps/import/libs/libmm.a(mm_brkaddr.o)
                              /Users/Luppy/riscv/apps/import/libs/libmm.a(umm_sbrk.o) (mm_brkaddr)
/Users/Luppy/riscv/apps/import/libs/libmm.a(mm_extend.o)
                              /Users/Luppy/riscv/apps/import/libs/libmm.a(umm_sbrk.o) (mm_extend)
/Users/Luppy/riscv/apps/import/libs/libmm.a(mm_free.o)
                              /Users/Luppy/riscv/apps/import/libs/libmm.a(umm_free.o) (mm_free)
/Users/Luppy/riscv/apps/import/libs/libmm.a(mm_memalign.o)
                              /Users/Luppy/riscv/apps/import/libs/libmm.a(umm_memalign.o) (mm_memalign)
/Users/Luppy/riscv/apps/import/libs/libmm.a(mm_realloc.o)
                              /Users/Luppy/riscv/apps/import/libs/libmm.a(umm_realloc.o) (mm_realloc)
/Users/Luppy/riscv/apps/import/libs/libmm.a(mm_heapmember.o)
                              /Users/Luppy/riscv/apps/import/libs/libmm.a(mm_free.o) (mm_heapmember)
/Users/Luppy/riscv/apps/import/libs/libmm.a(umm_initialize.o)
                              /Users/Luppy/riscv/apps/import/libs/libmm.a(umm_memalign.o) (umm_try_initialize)
/Users/Luppy/riscv/apps/import/libs/libmm.a(mm_initialize.o)
                              /Users/Luppy/riscv/apps/import/libs/libmm.a(umm_initialize.o) (mm_initialize)
/Users/Luppy/riscv/apps/import/libs/libmm.a(mm_lock.o)
                              /Users/Luppy/riscv/apps/import/libs/libmm.a(mm_extend.o) (mm_lock)
/Users/Luppy/riscv/apps/import/libs/libmm.a(mm_addfreechunk.o)
                              /Users/Luppy/riscv/apps/import/libs/libmm.a(mm_free.o) (mm_addfreechunk)
/Users/Luppy/riscv/apps/import/libs/libmm.a(mm_size2ndx.o)
                              /Users/Luppy/riscv/apps/import/libs/libmm.a(mm_addfreechunk.o) (mm_size2ndx)
/Users/Luppy/riscv/apps/import/libs/libmm.a(mm_shrinkchunk.o)
                              /Users/Luppy/riscv/apps/import/libs/libmm.a(mm_memalign.o) (mm_shrinkchunk)
/Users/Luppy/riscv/apps/import/libs/libmm.a(mm_malloc.o)
                              /Users/Luppy/riscv/apps/import/libs/libmm.a(mm_memalign.o) (mm_malloc)
/Users/Luppy/riscv/apps/import/libs/libc.a(lib_assert.o)
                              .obj/qjs.o (__assert)
/Users/Luppy/riscv/apps/import/libs/libc.a(lib_opendir.o)
                              .obj/quickjs-libc.o (opendir)
/Users/Luppy/riscv/apps/import/libs/libc.a(lib_closedir.o)
                              .obj/quickjs-libc.o (closedir)
/Users/Luppy/riscv/apps/import/libs/libc.a(lib_readdir.o)
                              .obj/quickjs-libc.o (readdir)
/Users/Luppy/riscv/apps/import/libs/libc.a(lib_errno.o)
                              .obj/quickjs-libc.o (__errno)
/Users/Luppy/riscv/apps/import/libs/libc.a(lib_mutex.o)
                              /Users/Luppy/riscv/apps/import/libs/libmm.a(mm_initialize.o) (nxmutex_init)
/Users/Luppy/riscv/apps/import/libs/libc.a(pthread_attr_init.o)
                              .obj/quickjs-libc.o (pthread_attr_init)
/Users/Luppy/riscv/apps/import/libs/libc.a(pthread_attr_destroy.o)
                              .obj/quickjs-libc.o (pthread_attr_destroy)
/Users/Luppy/riscv/apps/import/libs/libc.a(pthread_attr_setdetachstate.o)
                              .obj/quickjs-libc.o (pthread_attr_setdetachstate)
/Users/Luppy/riscv/apps/import/libs/libc.a(pthread_condinit.o)
                              .obj/quickjs.o (pthread_cond_init)
/Users/Luppy/riscv/apps/import/libs/libc.a(pthread_conddestroy.o)
                              .obj/quickjs.o (pthread_cond_destroy)
/Users/Luppy/riscv/apps/import/libs/libc.a(pthread_condtimedwait.o)
                              .obj/quickjs.o (pthread_cond_timedwait)
/Users/Luppy/riscv/apps/import/libs/libc.a(pthread_create.o)
                              .obj/quickjs-libc.o (pthread_create)
/Users/Luppy/riscv/apps/import/libs/libc.a(pthread_exit.o)
                              /Users/Luppy/riscv/apps/import/libs/libc.a(pthread_create.o) (pthread_exit)
[...]
Memory Configuration

Name             Origin             Length             Attributes
*default*        0x0000000000000000 0xffffffffffffffff

Linker script and memory map

                0x00000000c0000000                . = 0xc0000000

.text           0x00000000c0000000    0x61844
                0x00000000c0000000                _stext = .
 *(.text)
 .text          0x00000000c0000000        0x0 /Users/Luppy/riscv/apps/import/startup/crt0.o
 .text          0x00000000c0000000        0x0 .obj/qjs.o
 .text          0x00000000c0000000        0x0 .obj/repl.o
 .text          0x00000000c0000000        0x0 .obj/quickjs.o
 .text          0x00000000c0000000        0x0 .obj/libregexp.o
 .text          0x00000000c0000000        0x0 .obj/libunicode.o
 .text          0x00000000c0000000        0x0 .obj/cutils.o
 .text          0x00000000c0000000        0x0 .obj/quickjs-libc.o
 .text          0x00000000c0000000        0x0 .obj/libbf.o
 .text          0x00000000c0000000        0x0 .obj/qjscalc.o
 .text          0x00000000c0000000        0x0 .obj/arch_atomic.o
 .text          0x00000000c0000000        0x0 .obj/stub.o
 .text          0x00000000c0000000        0x0 /Users/Luppy/riscv/apps/import/libs/libmm.a(umm_malloc_size.o)
 .text          0x00000000c0000000        0x0 /Users/Luppy/riscv/apps/import/libs/libmm.a(umm_free.o)
 .text          0x00000000c0000000        0x0 /Users/Luppy/riscv/apps/import/libs/libmm.a(umm_malloc.o)
 .text          0x00000000c0000000        0x0 /Users/Luppy/riscv/apps/import/libs/libmm.a(umm_memalign.o)
 .text          0x00000000c0000000        0x0 /Users/Luppy/riscv/apps/import/libs/libmm.a(umm_realloc.o)
 .text          0x00000000c0000000        0x0 /Users/Luppy/riscv/apps/import/libs/libmm.a(umm_sbrk.o)
 .text          0x00000000c0000000        0x0 /Users/Luppy/riscv/apps/import/libs/libmm.a(mm_malloc_size.o)
 .text          0x00000000c0000000        0x0 /Users/Luppy/riscv/apps/import/libs/libmm.a(mm_brkaddr.o)
 .text          0x00000000c0000000        0x0 /Users/Luppy/riscv/apps/import/libs/libmm.a(mm_extend.o)
 .text          0x00000000c0000000        0x0 /Users/Luppy/riscv/apps/import/libs/libmm.a(mm_free.o)
 .text          0x00000000c0000000        0x0 /Users/Luppy/riscv/apps/import/libs/libmm.a(mm_memalign.o)
 .text          0x00000000c0000000        0x0 /Users/Luppy/riscv/apps/import/libs/libmm.a(mm_realloc.o)
 .text          0x00000000c0000000        0x0 /Users/Luppy/riscv/apps/import/libs/libmm.a(mm_heapmember.o)
 .text          0x00000000c0000000        0x0 /Users/Luppy/riscv/apps/import/libs/libmm.a(umm_initialize.o)
 .text          0x00000000c0000000        0x0 /Users/Luppy/riscv/apps/import/libs/libmm.a(mm_initialize.o)
 .text          0x00000000c0000000        0x0 /Users/Luppy/riscv/apps/import/libs/libmm.a(mm_lock.o)
 .text          0x00000000c0000000        0x0 /Users/Luppy/riscv/apps/import/libs/libmm.a(mm_addfreechunk.o)
 .text          0x00000000c0000000        0x0 /Users/Luppy/riscv/apps/import/libs/libmm.a(mm_size2ndx.o)
 .text          0x00000000c0000000        0x0 /Users/Luppy/riscv/apps/import/libs/libmm.a(mm_shrinkchunk.o)
 .text          0x00000000c0000000        0x0 /Users/Luppy/riscv/apps/import/libs/libmm.a(mm_malloc.o)
 .text          0x00000000c0000000        0x0 /Users/Luppy/riscv/apps/import/libs/libc.a(lib_assert.o)
 .text          0x00000000c0000000        0x0 /Users/Luppy/riscv/apps/import/libs/libc.a(lib_opendir.o)
 .text          0x00000000c0000000        0x0 /Users/Luppy/riscv/apps/import/libs/libc.a(lib_closedir.o)
 .text          0x00000000c0000000        0x0 /Users/Luppy/riscv/apps/import/libs/libc.a(lib_readdir.o)
 .text          0x00000000c0000000        0x0 /Users/Luppy/riscv/apps/import/libs/libc.a(lib_errno.o)
 .text          0x00000000c0000000        0x0 /Users/Luppy/riscv/apps/import/libs/libc.a(lib_mutex.o)
 .text          0x00000000c0000000        0x0 /Users/Luppy/riscv/apps/import/libs/libc.a(pthread_attr_init.o)
 .text          0x00000000c0000000        0x0 /Users/Luppy/riscv/apps/import/libs/libc.a(pthread_attr_destroy.o)
 .text          0x00000000c0000000        0x0 /Users/Luppy/riscv/apps/import/libs/libc.a(pthread_attr_setdetachstate.o)
 .text          0x00000000c0000000        0x0 /Users/Luppy/riscv/apps/import/libs/libc.a(pthread_condinit.o)
 .text          0x00000000c0000000        0x0 /Users/Luppy/riscv/apps/import/libs/libc.a(pthread_conddestroy.o)
 .text          0x00000000c0000000        0x0 /Users/Luppy/riscv/apps/import/libs/libc.a(pthread_condtimedwait.o)
 .text          0x00000000c0000000        0x0 /Users/Luppy/riscv/apps/import/libs/libc.a(pthread_create.o)
 .text          0x00000000c0000000        0x0 /Users/Luppy/riscv/apps/import/libs/libc.a(pthread_exit.o)
 .text          0x00000000c0000000        0x0 /Users/Luppy/riscv/apps/import/libs/libc.a(pthread_mutex_lock.o)
 .text          0x00000000c0000000        0x0 /Users/Luppy/riscv/apps/import/libs/libc.a(clock_ticks2time.o)
 .text          0x00000000c0000000        0x0 /Users/Luppy/riscv/apps/import/libs/libc.a(clock_timespec_add.o)
 .text          0x00000000c0000000        0x0 /Users/Luppy/riscv/apps/import/libs/libc.a(task_setcancelstate.o)
 .text          0x00000000c0000000        0x0 /Users/Luppy/riscv/apps/import/libs/libc.a(sem_init.o)
 .text          0x00000000c0000000        0x0 /Users/Luppy/riscv/apps/import/libs/libc.a(sem_setprotocol.o)
 .text          0x00000000c0000000        0x0 /Users/Luppy/riscv/apps/import/libs/libc.a(sem_getvalue.o)
 .text          0x00000000c0000000        0x0 /Users/Luppy/riscv/apps/import/libs/libc.a(sem_destroy.o)
 .text          0x00000000c0000000        0x0 /Users/Luppy/riscv/apps/import/libs/libc.a(sig_signal.o)
 .text          0x00000000c0000000        0x0 /Users/Luppy/riscv/apps/import/libs/libc.a(lib_fileno.o)
 .text          0x00000000c0000000        0x0 /Users/Luppy/riscv/apps/import/libs/libc.a(lib_printf.o)
 .text          0x00000000c0000000        0x0 /Users/Luppy/riscv/apps/import/libs/libc.a(lib_sprintf.o)
 .text          0x00000000c0000000        0x0 /Users/Luppy/riscv/apps/import/libs/libc.a(lib_snprintf.o)
 .text          0x00000000c0000000        0x0 /Users/Luppy/riscv/apps/import/libs/libc.a(lib_vsnprintf.o)
 .text          0x00000000c0000000        0x0 /Users/Luppy/riscv/apps/import/libs/libc.a(lib_perror.o)
 .text          0x00000000c0000000        0x0 /Users/Luppy/riscv/apps/import/libs/libc.a(lib_putchar.o)
 .text          0x00000000c0000000        0x0 /Users/Luppy/riscv/apps/import/libs/libc.a(lib_puts.o)
 .text          0x00000000c0000000        0x0 /Users/Luppy/riscv/apps/import/libs/libc.a(lib_libvsprintf.o)
 .text          0x00000000c0000000        0x0 /Users/Luppy/riscv/apps/import/libs/libc.a(lib_remove.o)
 .text          0x00000000c0000000        0x0 /Users/Luppy/riscv/apps/import/libs/libc.a(lib_ultoa_invert.o)
 .text          0x00000000c0000000        0x0 /Users/Luppy/riscv/apps/import/libs/libc.a(lib_dtoa_engine.o)
 .text          0x00000000c0000000        0x0 /Users/Luppy/riscv/apps/import/libs/libc.a(lib_dtoa_data.o)
 .text          0x00000000c0000000        0x0 /Users/Luppy/riscv/apps/import/libs/libc.a(lib_fopen.o)
 .text          0x00000000c0000000        0x0 /Users/Luppy/riscv/apps/import/libs/libc.a(lib_fclose.o)
 .text          0x00000000c0000000        0x0 /Users/Luppy/riscv/apps/import/libs/libc.a(lib_fread.o)
 .text          0x00000000c0000000        0x0 /Users/Luppy/riscv/apps/import/libs/libc.a(lib_libfread_unlocked.o)
 .text          0x00000000c0000000        0x0 /Users/Luppy/riscv/apps/import/libs/libc.a(lib_fseek.o)
 .text          0x00000000c0000000        0x0 /Users/Luppy/riscv/apps/import/libs/libc.a(lib_fseeko.o)
 .text          0x00000000c0000000        0x0 /Users/Luppy/riscv/apps/import/libs/libc.a(lib_ftell.o)
 .text          0x00000000c0000000        0x0 /Users/Luppy/riscv/apps/import/libs/libc.a(lib_ftello.o)
 .text          0x00000000c0000000        0x0 /Users/Luppy/riscv/apps/import/libs/libc.a(lib_fgetc.o)
 .text          0x00000000c0000000        0x0 /Users/Luppy/riscv/apps/import/libs/libc.a(lib_fwrite.o)
 .text          0x00000000c0000000        0x0 /Users/Luppy/riscv/apps/import/libs/libc.a(lib_libfwrite.o)
 .text          0x00000000c0000000        0x0 /Users/Luppy/riscv/apps/import/libs/libc.a(lib_fflush.o)
 .text          0x00000000c0000000        0x0 /Users/Luppy/riscv/apps/import/libs/libc.a(lib_libflushall.o)
 .text          0x00000000c0000000        0x0 /Users/Luppy/riscv/apps/import/libs/libc.a(lib_libfflush.o)
 .text          0x00000000c0000000        0x0 /Users/Luppy/riscv/apps/import/libs/libc.a(lib_rdflush_unlocked.o)
 .text          0x00000000c0000000        0x0 /Users/Luppy/riscv/apps/import/libs/libc.a(lib_wrflush_unlocked.o)
 .text          0x00000000c0000000        0x0 /Users/Luppy/riscv/apps/import/libs/libc.a(lib_putc.o)
 .text          0x00000000c0000000        0x0 /Users/Luppy/riscv/apps/import/libs/libc.a(lib_fputc.o)
 .text          0x00000000c0000000        0x0 /Users/Luppy/riscv/apps/import/libs/libc.a(lib_fputs.o)
 .text          0x00000000c0000000        0x0 /Users/Luppy/riscv/apps/import/libs/libc.a(lib_fprintf.o)
 .text          0x00000000c0000000        0x0 /Users/Luppy/riscv/apps/import/libs/libc.a(lib_vfprintf.o)
 .text          0x00000000c0000000        0x0 /Users/Luppy/riscv/apps/import/libs/libc.a(lib_feof.o)
 .text          0x00000000c0000000        0x0 /Users/Luppy/riscv/apps/import/libs/libc.a(lib_ferror.o)
 .text          0x00000000c0000000        0x0 /Users/Luppy/riscv/apps/import/libs/libc.a(lib_clearerr.o)
 .text          0x00000000c0000000        0x0 /Users/Luppy/riscv/apps/import/libs/libc.a(lib_tmpfile.o)
 .text          0x00000000c0000000        0x0 /Users/Luppy/riscv/apps/import/libs/libc.a(lib_libfilelock.o)
 .text          0x00000000c0000000        0x0 /Users/Luppy/riscv/apps/import/libs/libc.a(lib_libgetstreams.o)
 .text          0x00000000c0000000        0x0 /Users/Luppy/riscv/apps/import/libs/libc.a(lib_abort.o)
 .text          0x00000000c0000000        0x0 /Users/Luppy/riscv/apps/import/libs/libc.a(lib_atoi.o)
 .text          0x00000000c0000000        0x0 /Users/Luppy/riscv/apps/import/libs/libc.a(lib_exit.o)
 .text          0x00000000c0000000        0x0 /Users/Luppy/riscv/apps/import/libs/libc.a(lib_realpath.o)
 .text          0x00000000c0000000        0x0 /Users/Luppy/riscv/apps/import/libs/libc.a(lib_strtol.o)
 .text          0x00000000c0000000        0x0 /Users/Luppy/riscv/apps/import/libs/libc.a(lib_strtoul.o)
 .text          0x00000000c0000000        0x0 /Users/Luppy/riscv/apps/import/libs/libc.a(lib_strtold.o)
 .text          0x00000000c0000000        0x0 /Users/Luppy/riscv/apps/import/libs/libc.a(lib_checkbase.o)
 .text          0x00000000c0000000        0x0 /Users/Luppy/riscv/apps/import/libs/libc.a(lib_mkstemp.o)
 .text          0x00000000c0000000        0x0 /Users/Luppy/riscv/apps/import/libs/libc.a(lib_atexit.o)
 .text          0x00000000c0000000        0x0 /Users/Luppy/riscv/apps/import/libs/libc.a(lib_memoutstream.o)
 .text          0x00000000c0000000        0x0 /Users/Luppy/riscv/apps/import/libs/libc.a(lib_nulloutstream.o)
 .text          0x00000000c0000000        0x0 /Users/Luppy/riscv/apps/import/libs/libc.a(lib_libnoflush.o)
 .text          0x00000000c0000000        0x0 /Users/Luppy/riscv/apps/import/libs/libc.a(lib_stdoutstream.o)
 .text          0x00000000c0000000        0x0 /Users/Luppy/riscv/apps/import/libs/libc.a(lib_flsl.o)
 .text          0x00000000c0000000        0x0 /Users/Luppy/riscv/apps/import/libs/libc.a(lib_isbasedigit.o)
 .text          0x00000000c0000000        0x0 /Users/Luppy/riscv/apps/import/libs/libc.a(lib_skipspace.o)
 .text          0x00000000c0000000        0x0 /Users/Luppy/riscv/apps/import/libs/libc.a(lib_strcat.o)
 .text          0x00000000c0000000        0x0 /Users/Luppy/riscv/apps/import/libs/libc.a(lib_strdup.o)
 .text          0x00000000c0000000        0x0 /Users/Luppy/riscv/apps/import/libs/libc.a(lib_strerror.o)
 .text          0x00000000c0000000        0x0 /Users/Luppy/riscv/apps/import/libs/libc.a(lib_strrchr.o)
 .text          0x00000000c0000000        0x0 /Users/Luppy/riscv/apps/import/libs/libc.a(lib_strspn.o)
 .text          0x00000000c0000000        0x0 /Users/Luppy/riscv/apps/import/libs/libc.a(lib_memchr.o)
 .text          0x00000000c0000000        0x0 /Users/Luppy/riscv/apps/import/libs/libc.a(lib_memcmp.o)
 .text          0x00000000c0000000        0x0 /Users/Luppy/riscv/apps/import/libs/libc.a(lib_memmove.o)
 .text          0x00000000c0000000        0x0 /Users/Luppy/riscv/apps/import/libs/libc.a(lib_memset.o)
 .text          0x00000000c0000000        0x0 /Users/Luppy/riscv/apps/import/libs/libc.a(lib_strchr.o)
 .text          0x00000000c0000000        0x0 /Users/Luppy/riscv/apps/import/libs/libc.a(lib_strcmp.o)
 .text          0x00000000c0000000        0x0 /Users/Luppy/riscv/apps/import/libs/libc.a(lib_strcpy.o)
 .text          0x00000000c0000000        0x0 /Users/Luppy/riscv/apps/import/libs/libc.a(lib_strlcpy.o)
 .text          0x00000000c0000000        0x0 /Users/Luppy/riscv/apps/import/libs/libc.a(lib_strlen.o)
 .text          0x00000000c0000000        0x0 /Users/Luppy/riscv/apps/import/libs/libc.a(lib_strnlen.o)
 .text          0x00000000c0000000        0x0 /Users/Luppy/riscv/apps/import/libs/libc.a(lib_memcpy.o)
 .text          0x00000000c0000000        0x0 /Users/Luppy/riscv/apps/import/libs/libc.a(lib_syslog.o)
 .text          0x00000000c0000000        0x0 /Users/Luppy/riscv/apps/import/libs/libc.a(lib_setlogmask.o)
 .text          0x00000000c0000000        0x0 /Users/Luppy/riscv/apps/import/libs/libc.a(lib_isatty.o)
 .text          0x00000000c0000000        0x0 /Users/Luppy/riscv/apps/import/libs/libc.a(lib_tcgetattr.o)
 .text          0x00000000c0000000        0x0 /Users/Luppy/riscv/apps/import/libs/libc.a(lib_tcsetattr.o)
 .text          0x00000000c0000000        0x0 /Users/Luppy/riscv/apps/import/libs/libc.a(lib_gettimeofday.o)
 .text          0x00000000c0000000        0x0 /Users/Luppy/riscv/apps/import/libs/libc.a(lib_nanosleep.o)
 .text          0x00000000c0000000        0x0 /Users/Luppy/riscv/apps/import/libs/libc.a(lib_gmtimer.o)
 .text          0x00000000c0000000        0x0 /Users/Luppy/riscv/apps/import/libs/libc.a(task_getinfo.o)
 .text          0x00000000c0000000        0x0 /Users/Luppy/riscv/apps/import/libs/libc.a(lib_sysconf.o)
 .text          0x00000000c0000000        0x0 /Users/Luppy/riscv/apps/import/libs/libc.a(lib_getoptindp.o)
 .text          0x00000000c0000000        0x0 /Users/Luppy/riscv/apps/import/libs/libc.a(lib_utimes.o)
 .text          0x00000000c0000000        0x0 /Users/Luppy/riscv/apps/import/libs/libc.a(lib_setuid.o)
 .text          0x00000000c0000000        0x0 /Users/Luppy/riscv/apps/import/libs/libc.a(lib_setgid.o)
 .text          0x00000000c0000000        0x0 /Users/Luppy/riscv/apps/import/libs/libc.a(lib_chdir.o)
 .text          0x00000000c0000000        0x0 /Users/Luppy/riscv/apps/import/libs/libc.a(lib_getcwd.o)
 .text          0x00000000c0000000        0x0 /Users/Luppy/riscv/apps/import/libs/libc.a(lib_fork.o)
 .text          0x00000000c0000000        0x0 /Users/Luppy/riscv/apps/import/libs/libc.a(lib_isspace.o)
 .text          0x00000000c0000000        0x0 /Users/Luppy/riscv/apps/import/libs/libc.a(lib_isxdigit.o)
 .text          0x00000000c0000000        0x0 /Users/Luppy/riscv/apps/import/libs/libc.a(lib_getfullpath.o)
 .text          0x00000000c0000000        0x0 /Users/Luppy/riscv/apps/import/libs/libc.a(sig_addset.o)
 .text          0x00000000c0000000        0x0 /Users/Luppy/riscv/apps/import/libs/libc.a(sig_emptyset.o)
 .text          0x00000000c0000000        0x0 /Users/Luppy/riscv/apps/import/libs/libc.a(lib_mktemp.o)
 .text          0x00000000c0000000        0x0 /Users/Luppy/riscv/apps/import/libs/libc.a(lib_strlcat.o)
 .text          0x00000000c0000000        0x0 /Users/Luppy/riscv/apps/import/libs/libc.a(lib_tcflush.o)
 .text          0x00000000c0000000        0x0 /Users/Luppy/riscv/apps/import/libs/libc.a(lib_tcdrain.o)
 .text          0x00000000c0000000        0x0 /Users/Luppy/riscv/apps/import/libs/libc.a(lib_daysbeforemonth.o)
 .text          0x00000000c0000000        0x0 /Users/Luppy/riscv/apps/import/libs/libc.a(lib_isleapyear.o)
 .text          0x00000000c0000000        0x0 /Users/Luppy/riscv/apps/import/libs/libc.a(lib_dayofweek.o)
 .text          0x00000000c0000000        0x0 /Users/Luppy/riscv/apps/import/libs/libc.a(lib_getoptvars.o)
 .text          0x00000000c0000000        0x0 /Users/Luppy/riscv/apps/import/libs/libproxies.a(PROXY__assert.o)
 .text          0x00000000c0000000        0x0 /Users/Luppy/riscv/apps/import/libs/libproxies.a(PROXY__exit.o)
 .text          0x00000000c0000000        0x0 /Users/Luppy/riscv/apps/import/libs/libproxies.a(PROXY_clock.o)
 .text          0x00000000c0000000        0x0 /Users/Luppy/riscv/apps/import/libs/libproxies.a(PROXY_clock_gettime.o)
 .text          0x00000000c0000000        0x0 /Users/Luppy/riscv/apps/import/libs/libproxies.a(PROXY_clock_nanosleep.o)
 .text          0x00000000c0000000        0x0 /Users/Luppy/riscv/apps/import/libs/libproxies.a(PROXY_close.o)
 .text          0x00000000c0000000        0x0 /Users/Luppy/riscv/apps/import/libs/libproxies.a(PROXY_dup.o)
 .text          0x00000000c0000000        0x0 /Users/Luppy/riscv/apps/import/libs/libproxies.a(PROXY_dup2.o)
 .text          0x00000000c0000000        0x0 /Users/Luppy/riscv/apps/import/libs/libproxies.a(PROXY_execve.o)
 .text          0x00000000c0000000        0x0 /Users/Luppy/riscv/apps/import/libs/libproxies.a(PROXY_fcntl.o)
 .text          0x00000000c0000000        0x0 /Users/Luppy/riscv/apps/import/libs/libproxies.a(PROXY_get_environ_ptr.o)
 .text          0x00000000c0000000        0x0 /Users/Luppy/riscv/apps/import/libs/libproxies.a(PROXY_getenv.o)
 .text          0x00000000c0000000        0x0 /Users/Luppy/riscv/apps/import/libs/libproxies.a(PROXY_getpid.o)
 .text          0x00000000c0000000        0x0 /Users/Luppy/riscv/apps/import/libs/libproxies.a(PROXY_gettid.o)
 .text          0x00000000c0000000        0x0 /Users/Luppy/riscv/apps/import/libs/libproxies.a(PROXY_ioctl.o)
 .text          0x00000000c0000000        0x0 /Users/Luppy/riscv/apps/import/libs/libproxies.a(PROXY_kill.o)
 .text          0x00000000c0000000        0x0 /Users/Luppy/riscv/apps/import/libs/libproxies.a(PROXY_lseek.o)
 .text          0x00000000c0000000        0x0 /Users/Luppy/riscv/apps/import/libs/libproxies.a(PROXY_lstat.o)
 .text          0x00000000c0000000        0x0 /Users/Luppy/riscv/apps/import/libs/libproxies.a(PROXY_mkdir.o)
 .text          0x00000000c0000000        0x0 /Users/Luppy/riscv/apps/import/libs/libproxies.a(PROXY_nx_pthread_create.o)
 .text          0x00000000c0000000        0x0 /Users/Luppy/riscv/apps/import/libs/libproxies.a(PROXY_nx_pthread_exit.o)
 .text          0x00000000c0000000        0x0 /Users/Luppy/riscv/apps/import/libs/libproxies.a(PROXY_nx_vsyslog.o)
 .text          0x00000000c0000000        0x0 /Users/Luppy/riscv/apps/import/libs/libproxies.a(PROXY_nxsem_clockwait.o)
 .text          0x00000000c0000000        0x0 /Users/Luppy/riscv/apps/import/libs/libproxies.a(PROXY_nxsem_destroy.o)
 .text          0x00000000c0000000        0x0 /Users/Luppy/riscv/apps/import/libs/libproxies.a(PROXY_nxsem_post.o)
 .text          0x00000000c0000000        0x0 /Users/Luppy/riscv/apps/import/libs/libproxies.a(PROXY_nxsem_trywait.o)
 .text          0x00000000c0000000        0x0 /Users/Luppy/riscv/apps/import/libs/libproxies.a(PROXY_nxsem_wait.o)
 .text          0x00000000c0000000        0x0 /Users/Luppy/riscv/apps/import/libs/libproxies.a(PROXY_open.o)
 .text          0x00000000c0000000        0x0 /Users/Luppy/riscv/apps/import/libs/libproxies.a(PROXY_pgalloc.o)
 .text          0x00000000c0000000        0x0 /Users/Luppy/riscv/apps/import/libs/libproxies.a(PROXY_pthread_cond_clockwait.o)
 .text          0x00000000c0000000        0x0 /Users/Luppy/riscv/apps/import/libs/libproxies.a(PROXY_pthread_cond_signal.o)
 .text          0x00000000c0000000        0x0 /Users/Luppy/riscv/apps/import/libs/libproxies.a(PROXY_pthread_cond_wait.o)
 .text          0x00000000c0000000        0x0 /Users/Luppy/riscv/apps/import/libs/libproxies.a(PROXY_pthread_mutex_destroy.o)
 .text          0x00000000c0000000        0x0 /Users/Luppy/riscv/apps/import/libs/libproxies.a(PROXY_pthread_mutex_init.o)
 .text          0x00000000c0000000        0x0 /Users/Luppy/riscv/apps/import/libs/libproxies.a(PROXY_pthread_mutex_timedlock.o)
 .text          0x00000000c0000000        0x0 /Users/Luppy/riscv/apps/import/libs/libproxies.a(PROXY_pthread_mutex_unlock.o)
 .text          0x00000000c0000000        0x0 /Users/Luppy/riscv/apps/import/libs/libproxies.a(PROXY_read.o)
 .text          0x00000000c0000000        0x0 /Users/Luppy/riscv/apps/import/libs/libproxies.a(PROXY_rename.o)
 .text          0x00000000c0000000        0x0 /Users/Luppy/riscv/apps/import/libs/libproxies.a(PROXY_rmdir.o)
 .text          0x00000000c0000000        0x0 /Users/Luppy/riscv/apps/import/libs/libproxies.a(PROXY_sched_lock.o)
 .text          0x00000000c0000000        0x0 /Users/Luppy/riscv/apps/import/libs/libproxies.a(PROXY_sched_unlock.o)
 .text          0x00000000c0000000        0x0 /Users/Luppy/riscv/apps/import/libs/libproxies.a(PROXY_select.o)
 .text          0x00000000c0000000        0x0 /Users/Luppy/riscv/apps/import/libs/libproxies.a(PROXY_setenv.o)
 .text          0x00000000c0000000        0x0 /Users/Luppy/riscv/apps/import/libs/libproxies.a(PROXY_sigaction.o)
 .text          0x00000000c0000000        0x0 /Users/Luppy/riscv/apps/import/libs/libproxies.a(PROXY_stat.o)
 .text          0x00000000c0000000        0x0 /Users/Luppy/riscv/apps/import/libs/libproxies.a(PROXY_unlink.o)
 .text          0x00000000c0000000        0x0 /Users/Luppy/riscv/apps/import/libs/libproxies.a(PROXY_unsetenv.o)
 .text          0x00000000c0000000        0x0 /Users/Luppy/riscv/apps/import/libs/libproxies.a(PROXY_up_fork.o)
 .text          0x00000000c0000000        0x0 /Users/Luppy/riscv/apps/import/libs/libproxies.a(PROXY_utimens.o)
 .text          0x00000000c0000000        0x0 /Users/Luppy/riscv/apps/import/libs/libproxies.a(PROXY_waitpid.o)
 .text          0x00000000c0000000        0x0 /Users/Luppy/riscv/apps/import/libs/libproxies.a(PROXY_write.o)
 .text          0x00000000c0000000        0x0 /Users/Luppy/riscv/apps/import/libs/libm.a(lib_acos.o)
 .text          0x00000000c0000000        0x0 /Users/Luppy/riscv/apps/import/libs/libm.a(lib_asin.o)
 .text          0x00000000c0000000        0x0 /Users/Luppy/riscv/apps/import/libs/libm.a(lib_atan.o)
 .text          0x00000000c0000000        0x0 /Users/Luppy/riscv/apps/import/libs/libm.a(lib_atan2.o)
 .text          0x00000000c0000000        0x0 /Users/Luppy/riscv/apps/import/libs/libm.a(lib_cos.o)
 .text          0x00000000c0000000        0x0 /Users/Luppy/riscv/apps/import/libs/libm.a(lib_cosh.o)
 .text          0x00000000c0000000        0x0 /Users/Luppy/riscv/apps/import/libs/libm.a(lib_exp.o)
 .text          0x00000000c0000000        0x0 /Users/Luppy/riscv/apps/import/libs/libm.a(lib_fabs.o)
 .text          0x00000000c0000000        0x0 /Users/Luppy/riscv/apps/import/libs/libm.a(lib_fmod.o)
 .text          0x00000000c0000000        0x0 /Users/Luppy/riscv/apps/import/libs/libm.a(lib_log.o)
 .text          0x00000000c0000000        0x0 /Users/Luppy/riscv/apps/import/libs/libm.a(lib_log10.o)
 .text          0x00000000c0000000        0x0 /Users/Luppy/riscv/apps/import/libs/libm.a(lib_log2.o)
 .text          0x00000000c0000000        0x0 /Users/Luppy/riscv/apps/import/libs/libm.a(lib_modf.o)
 .text          0x00000000c0000000        0x0 /Users/Luppy/riscv/apps/import/libs/libm.a(lib_pow.o)
 .text          0x00000000c0000000        0x0 /Users/Luppy/riscv/apps/import/libs/libm.a(lib_sin.o)
 .text          0x00000000c0000000        0x0 /Users/Luppy/riscv/apps/import/libs/libm.a(lib_sinh.o)
 .text          0x00000000c0000000        0x0 /Users/Luppy/riscv/apps/import/libs/libm.a(lib_sqrt.o)
 .text          0x00000000c0000000        0x0 /Users/Luppy/riscv/apps/import/libs/libm.a(lib_tan.o)
 .text          0x00000000c0000000        0x0 /Users/Luppy/riscv/apps/import/libs/libm.a(lib_tanh.o)
 .text          0x00000000c0000000        0x0 /Users/Luppy/riscv/apps/import/libs/libm.a(lib_asinh.o)
 .text          0x00000000c0000000        0x0 /Users/Luppy/riscv/apps/import/libs/libm.a(lib_acosh.o)
 .text          0x00000000c0000000        0x0 /Users/Luppy/riscv/apps/import/libs/libm.a(lib_atanh.o)
 .text          0x00000000c0000000        0x0 /Users/Luppy/riscv/apps/import/libs/libm.a(lib_cbrt.o)
 .text          0x00000000c0000000        0x0 /Users/Luppy/riscv/apps/import/libs/libm.a(lib_libexpi.o)
 .text          0x00000000c0000000        0x0 /Users/Luppy/riscv/apps/import/libs/libm.a(lib_libsqrtapprox.o)
 .text          0x00000000c0000000        0x0 /Users/Luppy/riscv/apps/import/libs/libm.a(lib_expm1.o)
 .text          0x00000000c0000000        0x0 /Users/Luppy/riscv/apps/import/libs/libm.a(lib_fmax.o)
 .text          0x00000000c0000000        0x0 /Users/Luppy/riscv/apps/import/libs/libm.a(lib_fmin.o)
 .text          0x00000000c0000000        0x0 /Users/Luppy/riscv/apps/import/libs/libm.a(lib_ceil.o)
 .text          0x00000000c0000000        0x0 /Users/Luppy/riscv/apps/import/libs/libm.a(lib_floor.o)
 .text          0x00000000c0000000        0x0 /Users/Luppy/riscv/apps/import/libs/libm.a(lib_round.o)
 .text          0x00000000c0000000        0x0 /Users/Luppy/riscv/apps/import/libs/libm.a(lib_trunc.o)
 .text          0x00000000c0000000       0x2e /Users/Luppy/riscv/apps/import/libs/libgcc.a(_ashldi3.o)
                0x00000000c0000000                __ashlti3
 .text          0x00000000c000002e       0x30 /Users/Luppy/riscv/apps/import/libs/libgcc.a(_clzsi2.o)
                0x00000000c000002e                __clzdi2
 .text          0x00000000c000005e       0x30 /Users/Luppy/riscv/apps/import/libs/libgcc.a(_ctzsi2.o)
                0x00000000c000005e                __ctzdi2
 .text          0x00000000c000008e      0x39a /Users/Luppy/riscv/apps/import/libs/libgcc.a(_divdi3.o)
                0x00000000c000008e                __divti3
 .text          0x00000000c0000428      0x382 /Users/Luppy/riscv/apps/import/libs/libgcc.a(_moddi3.o)
                0x00000000c0000428                __modti3
 .text          0x00000000c00007aa      0x34c /Users/Luppy/riscv/apps/import/libs/libgcc.a(_udivdi3.o)
                0x00000000c00007aa                __udivti3
 .text          0x00000000c0000af6      0x348 /Users/Luppy/riscv/apps/import/libs/libgcc.a(_umoddi3.o)
                0x00000000c0000af6                __umodti3
 .text          0x00000000c0000e3e      0x830 /Users/Luppy/riscv/apps/import/libs/libgcc.a(addtf3.o)
                0x00000000c0000e3e                __addtf3
 .text          0x00000000c000166e      0x6b0 /Users/Luppy/riscv/apps/import/libs/libgcc.a(divtf3.o)
                0x00000000c000166e                __divtf3
 .text          0x00000000c0001d1e       0x94 /Users/Luppy/riscv/apps/import/libs/libgcc.a(eqtf2.o)
                0x00000000c0001d1e                __eqtf2
                0x00000000c0001d1e                __netf2
 .text          0x00000000c0001db2       0xa6 /Users/Luppy/riscv/apps/import/libs/libgcc.a(getf2.o)
                0x00000000c0001db2                __getf2
                0x00000000c0001db2                __gttf2
 .text          0x00000000c0001e58       0xa6 /Users/Luppy/riscv/apps/import/libs/libgcc.a(letf2.o)
                0x00000000c0001e58                __letf2
                0x00000000c0001e58                __lttf2
 .text          0x00000000c0001efe      0x606 /Users/Luppy/riscv/apps/import/libs/libgcc.a(multf3.o)
                0x00000000c0001efe                __multf3
 .text          0x00000000c0002504      0x82c /Users/Luppy/riscv/apps/import/libs/libgcc.a(subtf3.o)
                0x00000000c0002504                __subtf3
 .text          0x00000000c0002d30       0x58 /Users/Luppy/riscv/apps/import/libs/libgcc.a(floatsitf.o)
                0x00000000c0002d30                __floatsitf
 .text          0x00000000c0002d88       0x3a /Users/Luppy/riscv/apps/import/libs/libgcc.a(floatunsitf.o)
                0x00000000c0002d88                __floatunsitf
 .text          0x00000000c0002dc2       0x84 /Users/Luppy/riscv/apps/import/libs/libgcc.a(floatditf.o)
                0x00000000c0002dc2                __floatditf
 .text          0x00000000c0002e46       0xa4 /Users/Luppy/riscv/apps/import/libs/libgcc.a(extendsftf2.o)
                0x00000000c0002e46                __extendsftf2
 .text          0x00000000c0002eea       0xc2 /Users/Luppy/riscv/apps/import/libs/libgcc.a(extenddftf2.o)
                0x00000000c0002eea                __extenddftf2
 .text          0x00000000c0002fac      0x1da /Users/Luppy/riscv/apps/import/libs/libgcc.a(trunctfsf2.o)
                0x00000000c0002fac                __trunctfsf2
 .text          0x00000000c0003186      0x22c /Users/Luppy/riscv/apps/import/libs/libgcc.a(trunctfdf2.o)
                0x00000000c0003186                __trunctfdf2
 .text          0x00000000c00033b2        0x0 /Users/Luppy/riscv/apps/import/libs/libgcc.a(_clz.o)
 .text          0x00000000c00033b2        0x0 /Users/Luppy/riscv/apps/import/libs/libmm.a(umm_zalloc.o)
 *(.text.*)
 .text.sig_trampoline
                0x00000000c00033b2       0x1a /Users/Luppy/riscv/apps/import/startup/crt0.o
 .text._start   0x00000000c00033cc       0x1c /Users/Luppy/riscv/apps/import/startup/crt0.o
                0x00000000c00033cc                _start
 .text.js_trace_malloc_usable_size
                0x00000000c00033e8        0x4 .obj/qjs.o
 .text.js_trace_malloc_printf
                0x00000000c00033ec       0xec .obj/qjs.o
 .text.js_trace_malloc
                0x00000000c00034d8       0x68 .obj/qjs.o
 .text.JS_NewCustomContext
                0x00000000c0003540       0x56 .obj/qjs.o
 .text.eval_buf
                0x00000000c0003596       0x9e .obj/qjs.o
 .text.eval_file
                0x00000000c0003634       0x76 .obj/qjs.o
 .text.js_trace_free
                0x00000000c00036aa       0x40 .obj/qjs.o
 .text.js_trace_realloc
                0x00000000c00036ea       0xba .obj/qjs.o
 .text.help     0x00000000c00037a4       0x16 .obj/qjs.o
                0x00000000c00037a4                help
 .text.startup.main
                0x00000000c00037ba      0x6b0 .obj/qjs.o
                0x00000000c00037ba                main
 .text.bswap32  0x00000000c0003e6a       0x28 .obj/quickjs.o
 .text.bswap64  0x00000000c0003e92       0x56 .obj/quickjs.o
 .text.list_del
                0x00000000c0003ee8       0x12 .obj/quickjs.o
 .text.js_malloc_usable_size_unknown
                0x00000000c0003efa        0x4 .obj/quickjs.o
 .text.js_realloc_rt
                0x00000000c0003efe        0x8 .obj/quickjs.o
                0x00000000c0003efe                js_realloc_rt
 .text.js_bf_realloc
                0x00000000c0003f06        0x2 .obj/quickjs.o
 .text.invalid_from_string
                0x00000000c0003f08       0x20 .obj/quickjs.o
 .text.is_strict_mode
                0x00000000c0003f28       0x10 .obj/quickjs.o
 .text.is_math_mode
                0x00000000c0003f38       0x14 .obj/quickjs.o
 .text.is_num_string
                0x00000000c0003f4c       0x9e .obj/quickjs.o
 .text.JS_IsEmptyString
                0x00000000c0003fea       0x1e .obj/quickjs.o
 .text.string_get
                0x00000000c0004008       0x1a .obj/quickjs.o
 .text.string_getc
                0x00000000c0004022       0x80 .obj/quickjs.o
 .text.js_shape_hash_link
                0x00000000c00040a2       0x38 .obj/quickjs.o
 .text.js_shape_hash_unlink
                0x00000000c00040da       0x3a .obj/quickjs.o
 .text.js_c_function_mark
                0x00000000c0004114       0x12 .obj/quickjs.o
 .text.gc_scan_incref_child2
                0x00000000c0004126        0x8 .obj/quickjs.o
 .text.JS_GetPrototypePrimitive
                0x00000000c000412e       0x86 .obj/quickjs.o
 .text.to_digit
                0x00000000c00041b4       0x36 .obj/quickjs.o
 .text.js_generator_mark
                0x00000000c00041ea       0x16 .obj/quickjs.o
 .text.js_async_function_resolve_mark
                0x00000000c0004200       0x12 .obj/quickjs.o
 .text.token_is_pseudo_keyword
                0x00000000c0004212       0x20 .obj/quickjs.o
 .text.update_token_ident
                0x00000000c0004232       0x9a .obj/quickjs.o
 .text.get_prev_opcode
                0x00000000c00042cc       0x18 .obj/quickjs.o
 .text.js_is_live_code
                0x00000000c00042e4       0x58 .obj/quickjs.o
 .text.find_global_var
                0x00000000c000433c       0x28 .obj/quickjs.o
 .text.token_is_ident
                0x00000000c0004364       0x16 .obj/quickjs.o
 .text.exec_module_list_cmp
                0x00000000c000437a       0x14 .obj/quickjs.o
 .text.can_opt_put_ref_value
                0x00000000c000438e       0x3c .obj/quickjs.o
 .text.add_pc2line_info
                0x00000000c00043ca       0x46 .obj/quickjs.o
 .text.code_has_label
                0x00000000c0004410       0x84 .obj/quickjs.o
 .text.bc_set_flags
                0x00000000c0004494       0x14 .obj/quickjs.o
 .text.js_function_proto
                0x00000000c00044a8        0xa .obj/quickjs.o
 .text.js_string_delete_property
                0x00000000c00044b2       0x32 .obj/quickjs.o
 .text.string_cmp
                0x00000000c00044e4       0x64 .obj/quickjs.o
 .text.string_indexof_char
                0x00000000c0004548       0x4c .obj/quickjs.o
 .text.string_indexof
                0x00000000c0004594       0x90 .obj/quickjs.o
 .text.js_math_sign
                0x00000000c0004624       0x2a .obj/quickjs.o
 .text.js_math_round
                0x00000000c000464e       0x64 .obj/quickjs.o
 .text.js_math_fround
                0x00000000c00046b2        0xa .obj/quickjs.o
 .text.js_math_random
                0x00000000c00046bc       0x4c .obj/quickjs.o
 .text.string_get_hex
                0x00000000c0004708       0x76 .obj/quickjs.o
 .text.days_in_year
                0x00000000c000477e       0x2e .obj/quickjs.o
 .text.string_skip_spaces
                0x00000000c00047ac       0x50 .obj/quickjs.o
 .text.string_get_digits
                0x00000000c00047fc       0x84 .obj/quickjs.o
 .text.string_get_signed_digits
                0x00000000c0004880       0x70 .obj/quickjs.o
 .text.js_bigfloat_isFinite
                0x00000000c00048f0       0x32 .obj/quickjs.o
 .text.js_bigfloat_isNaN
                0x00000000c0004922       0x36 .obj/quickjs.o
 .text.js_float_env_get_prec
                0x00000000c0004958       0x30 .obj/quickjs.o
 .text.js_float_env_get_expBits
                0x00000000c0004988       0x2c .obj/quickjs.o
 .text.js_array_buffer_isView
                0x00000000c00049b4       0x2c .obj/quickjs.o
 .text.js_TA_cmp_int8
                0x00000000c00049e0        0xc .obj/quickjs.o
 .text.js_TA_cmp_uint8
                0x00000000c00049ec        0xc .obj/quickjs.o
 .text.js_TA_cmp_int16
                0x00000000c00049f8        0xc .obj/quickjs.o
 .text.js_TA_cmp_uint16
                0x00000000c0004a04        0xc .obj/quickjs.o
 .text.js_TA_cmp_int32
                0x00000000c0004a10       0x10 .obj/quickjs.o
 .text.js_TA_cmp_uint32
                0x00000000c0004a20       0x10 .obj/quickjs.o
 .text.js_TA_cmp_int64
                0x00000000c0004a30       0x10 .obj/quickjs.o
 .text.js_TA_cmp_uint64
                0x00000000c0004a40       0x10 .obj/quickjs.o
 .text.js_TA_get_int8
                0x00000000c0004a50       0x12 .obj/quickjs.o
 .text.js_TA_get_uint8
                0x00000000c0004a62       0x12 .obj/quickjs.o
 .text.js_TA_get_int16
                0x00000000c0004a74       0x12 .obj/quickjs.o
 .text.js_TA_get_uint16
                0x00000000c0004a86       0x12 .obj/quickjs.o
 .text.js_TA_get_int32
                0x00000000c0004a98       0x10 .obj/quickjs.o
 .text.js_TA_get_uint32
                0x00000000c0004aa8       0x2e .obj/quickjs.o
 .text.js_TA_get_float32
                0x00000000c0004ad6       0x14 .obj/quickjs.o
 .text.js_TA_get_float64
                0x00000000c0004aea        0xa .obj/quickjs.o
 .text.JS_NewClass1
                0x00000000c0004af4      0x14e .obj/quickjs.o
 .text.init_class_range
                0x00000000c0004c42       0x50 .obj/quickjs.o
 .text.js_module_ns_has
                0x00000000c0004c92       0x48 .obj/quickjs.o
 .text.get_leb128
                0x00000000c0004cda       0x44 .obj/quickjs.o
 .text.get_sleb128
                0x00000000c0004d1e       0x34 .obj/quickjs.o
 .text.JS_AtomIsArrayIndex
                0x00000000c0004d52       0x72 .obj/quickjs.o
 .text.num_keys_cmp
                0x00000000c0004dc4       0x5a .obj/quickjs.o
 .text.JS_AtomGetKind
                0x00000000c0004e1e       0x4e .obj/quickjs.o
 .text.get_ovop_from_opcode
                0x00000000c0004e6c       0x78 .obj/quickjs.o
 .text.js_pow   0x00000000c0004ee4       0x42 .obj/quickjs.o
 .text.skip_shebang
                0x00000000c0004f26       0x9c .obj/quickjs.o
 .text.skip_spaces
                0x00000000c0004fc2       0x5c .obj/quickjs.o
 .text.is_safe_integer
                0x00000000c000501e       0x56 .obj/quickjs.o
 .text.dbuf_put_leb128
                0x00000000c0005074       0x34 .obj/quickjs.o
 .text.emit_u8  0x00000000c00050a8        0xa .obj/quickjs.o
 .text.js_dbuf_init
                0x00000000c00050b2       0x12 .obj/quickjs.o
 .text.code_match
                0x00000000c00050c4      0x236 .obj/quickjs.o
 .text.js_def_malloc_usable_size
                0x00000000c00052fa        0x4 .obj/quickjs.o
 .text.js_def_malloc
                0x00000000c00052fe       0x52 .obj/quickjs.o
 .text.dbuf_put_u16
                0x00000000c0005350       0x18 .obj/quickjs.o
 .text.emit_u16
                0x00000000c0005368        0x8 .obj/quickjs.o
 .text.get_loc_or_ref
                0x00000000c0005370       0x2e .obj/quickjs.o
 .text.put_short_code
                0x00000000c000539e       0xe8 .obj/quickjs.o
 .text.dbuf_put_u32
                0x00000000c0005486       0x14 .obj/quickjs.o
 .text.emit_op  0x00000000c000549a       0x54 .obj/quickjs.o
 .text.set_object_name_computed
                0x00000000c00054ee       0xa8 .obj/quickjs.o
 .text.pop_scope
                0x00000000c0005596       0x58 .obj/quickjs.o
 .text.close_scopes
                0x00000000c00055ee       0x42 .obj/quickjs.o
 .text.emit_u32
                0x00000000c0005630        0x8 .obj/quickjs.o
 .text.emit_label
                0x00000000c0005638       0x4a .obj/quickjs.o
 .text.push_short_int
                0x00000000c0005682       0x8e .obj/quickjs.o
 .text.getTimezoneOffset
                0x00000000c0005710       0x46 .obj/quickjs.o
 .text.date_now
                0x00000000c0005756       0x26 .obj/quickjs.o
 .text.js_Date_now
                0x00000000c000577c       0x34 .obj/quickjs.o
 .text.js_class_has_bytecode
                0x00000000c00057b0       0x24 .obj/quickjs.o
 .text.JS_GetFunctionBytecode
                0x00000000c00057d4       0x30 .obj/quickjs.o
 .text.js_function_proto_lineNumber
                0x00000000c0005804       0x38 .obj/quickjs.o
 .text.gc_scan_incref_child
                0x00000000c000583c       0x4e .obj/quickjs.o
 .text.compute_jsstring_size
                0x00000000c000588a       0x4a .obj/quickjs.o
 .text.compute_value_size
                0x00000000c00058d4       0x14 .obj/quickjs.o
 .text.check_define_prop_flags
                0x00000000c00058e8       0x68 .obj/quickjs.o
 .text.tag_is_number
                0x00000000c0005950       0x18 .obj/quickjs.o
 .text.is_var_in_arg_scope
                0x00000000c0005968       0x32 .obj/quickjs.o
 .text.string_advance_index
                0x00000000c000599a       0x2e .obj/quickjs.o
 .text.js_string_find_invalid_codepoint.part.0
                0x00000000c00059c8       0x66 .obj/quickjs.o
 .text.js_get_atom_index
                0x00000000c0005a2e       0x5a .obj/quickjs.o
 .text.gc_decref_child
                0x00000000c0005a88       0x68 .obj/quickjs.o
 .text.update_label
                0x00000000c0005af0       0x4c .obj/quickjs.o
 .text.find_jump_target
                0x00000000c0005b3c      0x120 .obj/quickjs.o
 .text.time_clip
                0x00000000c0005c5c       0x48 .obj/quickjs.o
 .text.js_def_free
                0x00000000c0005ca4       0x32 .obj/quickjs.o
 .text.js_def_realloc
                0x00000000c0005cd6       0x7a .obj/quickjs.o
 .text.lre_js_is_ident_first
                0x00000000c0005d50       0x2c .obj/quickjs.o
 .text.lre_js_is_ident_next
                0x00000000c0005d7c       0x4c .obj/quickjs.o
 .text.simple_next_token
                0x00000000c0005dc8      0x244 .obj/quickjs.o
 .text.peek_token
                0x00000000c000600c       0x14 .obj/quickjs.o
 .text.JS_WriteString
                0x00000000c0006020       0xa2 .obj/quickjs.o
 .text.set_eval_ret_undefined
                0x00000000c00060c2       0x36 .obj/quickjs.o
 .text.js_cmp_doubles
                0x00000000c00060f8       0x42 .obj/quickjs.o
 .text.js_TA_cmp_float64
                0x00000000c000613a        0x6 .obj/quickjs.o
 .text.js_TA_cmp_float32
                0x00000000c0006140       0x12 .obj/quickjs.o
 .text.string_get_month
                0x00000000c0006152       0xa6 .obj/quickjs.o
 .text.string_get_fixed_width_digits.constprop.0
                0x00000000c00061f8       0x84 .obj/quickjs.o
 .text.delete_weak_ref.constprop.0
                0x00000000c000627c       0x34 .obj/quickjs.o
 .text.optimize_scope_make_ref.constprop.0
                0x00000000c00062b0       0xda .obj/quickjs.o
 .text.find_private_class_field.constprop.0
                0x00000000c000638a       0x30 .obj/quickjs.o
 .text.find_lexical_decl.constprop.0
                0x00000000c00063ba       0x5c .obj/quickjs.o
 .text.__JS_FindAtom.constprop.0
                0x00000000c0006416       0xe8 .obj/quickjs.o
 .text.js_get_fast_array.constprop.0
                0x00000000c00064fe       0x36 .obj/quickjs.o
 .text.copy_str16.constprop.0
                0x00000000c0006534       0x36 .obj/quickjs.o
 .text.js_fcvt1.constprop.0
                0x00000000c000656a       0x66 .obj/quickjs.o
 .text.js_ecvt1.constprop.0
                0x00000000c00065d0       0xb0 .obj/quickjs.o
 .text.JS_AtomGetStrRT.constprop.0
                0x00000000c0006680      0x136 .obj/quickjs.o
 .text.JS_AtomGetStr.constprop.0
                0x00000000c00067b6        0x4 .obj/quickjs.o
 .text.JS_DupValue.constprop.0
                0x00000000c00067ba       0x1a .obj/quickjs.o
 .text.js_promise_finally_value_thunk
                0x00000000c00067d4        0xe .obj/quickjs.o
 .text.js_iterator_proto_iterator
                0x00000000c00067e2        0xa .obj/quickjs.o
 .text.js_get_this
                0x00000000c00067ec        0xa .obj/quickjs.o
 .text.bf_delete
                0x00000000c00067f6       0x12 .obj/quickjs.o
 .text.JS_ToBigFloat
                0x00000000c0006808       0x72 .obj/quickjs.o
 .text.js_object_has_name.constprop.0.isra.0
                0x00000000c000687a       0x74 .obj/quickjs.o
 .text.JS_NewModuleValue
                0x00000000c00068ee       0x10 .obj/quickjs.o
 .text.js_typed_array_mark
                0x00000000c00068fe       0x14 .obj/quickjs.o
 .text.js_bytecode_function_mark
                0x00000000c0006912       0x6e .obj/quickjs.o
 .text.hash_string
                0x00000000c0006980       0x4c .obj/quickjs.o
 .text.map_hash_key.constprop.0
                0x00000000c00069cc       0x96 .obj/quickjs.o
 .text.bf_free  0x00000000c0006a62        0xc .obj/quickjs.o
 .text.find_var
                0x00000000c0006a6e       0x48 .obj/quickjs.o
 .text.days_from_year
                0x00000000c0006ab6       0x82 .obj/quickjs.o
 .text.set_date_fields
                0x00000000c0006b38      0x118 .obj/quickjs.o
 .text.js_string_memcmp
                0x00000000c0006c50       0x94 .obj/quickjs.o
 .text.js_string_compare.constprop.0
                0x00000000c0006ce4       0x58 .obj/quickjs.o
 .text.js_malloc_rt
                0x00000000c0006d3c        0x8 .obj/quickjs.o
                0x00000000c0006d3c                js_malloc_rt
 .text.js_alloc_string_rt
                0x00000000c0006d44       0x3c .obj/quickjs.o
 .text.js_free_rt
                0x00000000c0006d80        0x8 .obj/quickjs.o
                0x00000000c0006d80                js_free_rt
 .text.JS_FreeAtomStruct
                0x00000000c0006d88       0xb4 .obj/quickjs.o
 .text.__JS_FreeAtom
                0x00000000c0006e3c       0x1e .obj/quickjs.o
 .text.js_free_string
                0x00000000c0006e5a       0x1e .obj/quickjs.o
 .text.map_decref_record
                0x00000000c0006e78       0x42 .obj/quickjs.o
 .text.js_array_buffer_finalizer
                0x00000000c0006eba       0x7c .obj/quickjs.o
 .text.js_array_buffer_free
                0x00000000c0006f36        0x4 .obj/quickjs.o
 .text.js_malloc_usable_size_rt
                0x00000000c0006f3a        0x6 .obj/quickjs.o
                0x00000000c0006f3a                js_malloc_usable_size_rt
 .text.js_mallocz_rt
                0x00000000c0006f40       0x1e .obj/quickjs.o
                0x00000000c0006f40                js_mallocz_rt
 .text.JS_ResizeAtomHash
                0x00000000c0006f5e       0xb6 .obj/quickjs.o
 .text.__JS_NewAtom
                0x00000000c0007014      0x2dc .obj/quickjs.o
 .text.__JS_NewAtomInit
                0x00000000c00072f0       0x5a .obj/quickjs.o
 .text.JS_NewAtomStr
                0x00000000c000734a       0x42 .obj/quickjs.o
 .text.js_free  0x00000000c000738c        0x6 .obj/quickjs.o
                0x00000000c000738c                js_free
 .text.string_buffer_set_error
                0x00000000c0007392       0x26 .obj/quickjs.o
 .text.string_buffer_free
                0x00000000c00073b8       0x1c .obj/quickjs.o
 .text.js_malloc_usable_size
                0x00000000c00073d4        0x6 .obj/quickjs.o
                0x00000000c00073d4                js_malloc_usable_size
 .text.JS_GetRuntimeOpaque
                0x00000000c00073da        0x6 .obj/quickjs.o
                0x00000000c00073da                JS_GetRuntimeOpaque
 .text.JS_SetRuntimeOpaque
                0x00000000c00073e0        0x6 .obj/quickjs.o
                0x00000000c00073e0                JS_SetRuntimeOpaque
 .text.JS_SetMemoryLimit
                0x00000000c00073e6        0x4 .obj/quickjs.o
                0x00000000c00073e6                JS_SetMemoryLimit
 .text.JS_SetGCThreshold
                0x00000000c00073ea        0x4 .obj/quickjs.o
                0x00000000c00073ea                JS_SetGCThreshold
 .text.JS_SetInterruptHandler
                0x00000000c00073ee        0xa .obj/quickjs.o
                0x00000000c00073ee                JS_SetInterruptHandler
 .text.JS_SetCanBlock
                0x00000000c00073f8        0x6 .obj/quickjs.o
                0x00000000c00073f8                JS_SetCanBlock
 .text.JS_SetSharedArrayBufferFunctions
                0x00000000c00073fe       0x16 .obj/quickjs.o
                0x00000000c00073fe                JS_SetSharedArrayBufferFunctions
 .text.JS_IsJobPending
                0x00000000c0007414       0x10 .obj/quickjs.o
                0x00000000c0007414                JS_IsJobPending
 .text.JS_SetRuntimeInfo
                0x00000000c0007424        0x6 .obj/quickjs.o
                0x00000000c0007424                JS_SetRuntimeInfo
 .text.JS_GetContextOpaque
                0x00000000c000742a        0x6 .obj/quickjs.o
                0x00000000c000742a                JS_GetContextOpaque
 .text.JS_SetContextOpaque
                0x00000000c0007430        0x6 .obj/quickjs.o
                0x00000000c0007430                JS_SetContextOpaque
 .text.JS_GetClassProto
                0x00000000c0007436       0x34 .obj/quickjs.o
                0x00000000c0007436                JS_GetClassProto
 .text.JS_DupContext
                0x00000000c000746a        0x8 .obj/quickjs.o
                0x00000000c000746a                JS_DupContext
 .text.JS_GetRuntime
                0x00000000c0007472        0x4 .obj/quickjs.o
                0x00000000c0007472                JS_GetRuntime
 .text.JS_SetMaxStackSize
                0x00000000c0007476        0xe .obj/quickjs.o
                0x00000000c0007476                JS_SetMaxStackSize
 .text.JS_UpdateStackTop
                0x00000000c0007484       0x18 .obj/quickjs.o
                0x00000000c0007484                JS_UpdateStackTop
 .text.JS_DupAtom
                0x00000000c000749c       0x24 .obj/quickjs.o
                0x00000000c000749c                JS_DupAtom
 .text.emit_atom
                0x00000000c00074c0       0x1e .obj/quickjs.o
 .text.JS_FreeAtom
                0x00000000c00074de       0x10 .obj/quickjs.o
                0x00000000c00074de                JS_FreeAtom
 .text.js_free_prop_enum
                0x00000000c00074ee       0x40 .obj/quickjs.o
 .text.put_lvalue
                0x00000000c000752e      0x1d8 .obj/quickjs.o
 .text.set_object_name
                0x00000000c0007706      0x10c .obj/quickjs.o
 .text.skip_dead_code
                0x00000000c0007812      0x190 .obj/quickjs.o
 .text.JS_FreeAtomRT
                0x00000000c00079a2        0xe .obj/quickjs.o
                0x00000000c00079a2                JS_FreeAtomRT
 .text.free_bytecode_atoms
                0x00000000c00079b0       0xa2 .obj/quickjs.o
 .text.JS_NewClassID
                0x00000000c0007a52       0x44 .obj/quickjs.o
                0x00000000c0007a52                JS_NewClassID
 .text.JS_IsRegisteredClass
                0x00000000c0007a96       0x22 .obj/quickjs.o
                0x00000000c0007a96                JS_IsRegisteredClass
 .text.JS_NewClass
                0x00000000c0007ab8       0x70 .obj/quickjs.o
                0x00000000c0007ab8                JS_NewClass
 .text.__JS_FreeValue
                0x00000000c0007b28        0xa .obj/quickjs.o
                0x00000000c0007b28                __JS_FreeValue
 .text.JS_FreeValue
                0x00000000c0007b32       0x24 .obj/quickjs.o
 .text.js_strict_eq2
                0x00000000c0007b56      0x1ae .obj/quickjs.o
 .text.js_same_value
                0x00000000c0007d04       0x36 .obj/quickjs.o
 .text.js_object_is
                0x00000000c0007d3a       0x24 .obj/quickjs.o
 .text.map_find_record
                0x00000000c0007d5e       0x8e .obj/quickjs.o
 .text.js_strict_eq_slow
                0x00000000c0007dec       0x4c .obj/quickjs.o
 .text.free_arg_list
                0x00000000c0007e38       0x3e .obj/quickjs.o
 .text.js_free_desc
                0x00000000c0007e76       0x30 .obj/quickjs.o
 .text.JS_ToBoolFree
                0x00000000c0007ea6       0xac .obj/quickjs.o
 .text.js_method_set_home_object
                0x00000000c0007f52       0x66 .obj/quickjs.o
 .text.JS_FreeBigInt
                0x00000000c0007fb8       0x18 .obj/quickjs.o
 .text.set_value
                0x00000000c0007fd0       0x14 .obj/quickjs.o
 .text.JS_SetClassProto
                0x00000000c0007fe4       0x36 .obj/quickjs.o
                0x00000000c0007fe4                JS_SetClassProto
 .text.JS_ExecutePendingJob
                0x00000000c000801a       0x8a .obj/quickjs.o
                0x00000000c000801a                JS_ExecutePendingJob
 .text.JS_FreeContext
                0x00000000c00080a4      0x150 .obj/quickjs.o
                0x00000000c00080a4                JS_FreeContext
 .text.js_c_function_finalizer
                0x00000000c00081f4       0x14 .obj/quickjs.o
 .text.free_property
                0x00000000c0008208       0x7c .obj/quickjs.o
 .text.free_gc_object
                0x00000000c0008284      0x22e .obj/quickjs.o
 .text.free_zero_refcount
                0x00000000c00084b2       0x4e .obj/quickjs.o
 .text.async_func_free
                0x00000000c0008500       0x60 .obj/quickjs.o
 .text.close_var_refs
                0x00000000c0008560       0x82 .obj/quickjs.o
 .text.free_generator_stack_rt
                0x00000000c00085e2       0x2a .obj/quickjs.o
 .text.js_async_generator_complete
                0x00000000c000860c       0x28 .obj/quickjs.o
 .text.js_async_function_resolve_finalizer
                0x00000000c0008634       0x14 .obj/quickjs.o
 .text.__JS_FreeValueRT
                0x00000000c0008648       0xbe .obj/quickjs.o
                0x00000000c0008648                __JS_FreeValueRT
 .text.JS_FreeValueRT
                0x00000000c0008706       0x26 .obj/quickjs.o
 .text.promise_reaction_data_free
                0x00000000c000872c       0x38 .obj/quickjs.o
 .text.js_free_shape
                0x00000000c0008764       0x98 .obj/quickjs.o
 .text.free_var_ref
                0x00000000c00087fc       0x78 .obj/quickjs.o
 .text.js_free_module_def
                0x00000000c0008874      0x112 .obj/quickjs.o
 .text.js_free_modules
                0x00000000c0008986       0x44 .obj/quickjs.o
 .text.async_func_free_frame
                0x00000000c00089ca       0x7a .obj/quickjs.o
 .text.js_regexp_string_iterator_finalizer
                0x00000000c0008a44       0x3e .obj/quickjs.o
 .text.js_array_iterator_finalizer
                0x00000000c0008a82       0x34 .obj/quickjs.o
 .text.js_map_finalizer
                0x00000000c0008ab6       0x96 .obj/quickjs.o
 .text.js_typed_array_finalizer
                0x00000000c0008b4c       0x40 .obj/quickjs.o
 .text.js_regexp_finalizer
                0x00000000c0008b8c       0x30 .obj/quickjs.o
 .text.js_for_in_iterator_finalizer
                0x00000000c0008bbc       0x56 .obj/quickjs.o
 .text.js_bound_function_finalizer
                0x00000000c0008c12       0x54 .obj/quickjs.o
 .text.js_bytecode_function_finalizer
                0x00000000c0008c66       0x82 .obj/quickjs.o
 .text.js_object_data_finalizer
                0x00000000c0008ce8       0x24 .obj/quickjs.o
 .text.js_array_finalizer
                0x00000000c0008d0c       0x3a .obj/quickjs.o
 .text.map_delete_record.part.0
                0x00000000c0008d46       0x78 .obj/quickjs.o
 .text.js_async_generator_free
                0x00000000c0008dbe       0x7a .obj/quickjs.o
 .text.js_promise_resolve_function_finalizer
                0x00000000c0008e38       0x46 .obj/quickjs.o
 .text.js_map_iterator_finalizer
                0x00000000c0008e7e       0x50 .obj/quickjs.o
 .text.JS_FreeCString
                0x00000000c0008ece       0x12 .obj/quickjs.o
                0x00000000c0008ece                JS_FreeCString
 .text.value_buffer_free
                0x00000000c0008ee0       0x48 .obj/quickjs.o
 .text.free_token
                0x00000000c0008f28       0x88 .obj/quickjs.o
 .text.js_free_function_def
                0x00000000c0008fb0      0x17a .obj/quickjs.o
 .text.JS_CompactBigInt1
                0x00000000c000912a       0xb4 .obj/quickjs.o
 .text.JS_CompactBigInt
                0x00000000c00091de       0x22 .obj/quickjs.o
 .text.js_compare_bigfloat
                0x00000000c0009200       0xf2 .obj/quickjs.o
 .text.JS_MarkValue
                0x00000000c00092f2       0x12 .obj/quickjs.o
                0x00000000c00092f2                JS_MarkValue
 .text.js_regexp_string_iterator_mark
                0x00000000c0009304       0x40 .obj/quickjs.o
 .text.js_array_iterator_mark
                0x00000000c0009344       0x18 .obj/quickjs.o
 .text.js_map_iterator_mark
                0x00000000c000935c       0x18 .obj/quickjs.o
 .text.js_map_mark
                0x00000000c0009374       0x64 .obj/quickjs.o
 .text.js_for_in_iterator_mark
                0x00000000c00093d8       0x12 .obj/quickjs.o
 .text.js_bound_function_mark
                0x00000000c00093ea       0x58 .obj/quickjs.o
 .text.js_object_data_mark
                0x00000000c0009442       0x12 .obj/quickjs.o
 .text.js_array_mark
                0x00000000c0009454       0x44 .obj/quickjs.o
 .text.mark_children
                0x00000000c0009498      0x378 .obj/quickjs.o
 .text.js_promise_resolve_function_mark
                0x00000000c0009810       0x18 .obj/quickjs.o
 .text.JS_RunGC
                0x00000000c0009828      0x174 .obj/quickjs.o
                0x00000000c0009828                JS_RunGC
 .text.JS_FreeRuntime
                0x00000000c000999c      0x110 .obj/quickjs.o
                0x00000000c000999c                JS_FreeRuntime
 .text.JS_NewRuntime2
                0x00000000c0009aac      0x240 .obj/quickjs.o
                0x00000000c0009aac                JS_NewRuntime2
 .text.JS_NewRuntime
                0x00000000c0009cec        0xe .obj/quickjs.o
                0x00000000c0009cec                JS_NewRuntime
 .text.JS_IsLiveObject
                0x00000000c0009cfa       0x22 .obj/quickjs.o
                0x00000000c0009cfa                JS_IsLiveObject
 .text.JS_ComputeMemoryUsage
                0x00000000c0009d1c      0x676 .obj/quickjs.o
                0x00000000c0009d1c                JS_ComputeMemoryUsage
 .text.JS_DumpMemoryUsage
                0x00000000c000a392      0x42e .obj/quickjs.o
                0x00000000c000a392                JS_DumpMemoryUsage
 .text.JS_GetGlobalObject
                0x00000000c000a7c0       0x12 .obj/quickjs.o
                0x00000000c000a7c0                JS_GetGlobalObject
 .text.JS_Throw
                0x00000000c000a7d2       0x28 .obj/quickjs.o
                0x00000000c000a7d2                JS_Throw
 .text.js_promise_finally_thrower
                0x00000000c000a7fa       0x24 .obj/quickjs.o
 .text.JS_GetException
                0x00000000c000a81e       0x14 .obj/quickjs.o
                0x00000000c000a81e                JS_GetException
 .text.JS_IsFunction
                0x00000000c000a832       0x4c .obj/quickjs.o
                0x00000000c000a832                JS_IsFunction
 .text.js_operator_typeof
                0x00000000c000a87e       0xa6 .obj/quickjs.o
 .text.JS_IsCFunction
                0x00000000c000a924       0x2e .obj/quickjs.o
                0x00000000c000a924                JS_IsCFunction
 .text.JS_IsConstructor
                0x00000000c000a952       0x1a .obj/quickjs.o
                0x00000000c000a952                JS_IsConstructor
 .text.JS_SetConstructorBit
                0x00000000c000a96c       0x28 .obj/quickjs.o
                0x00000000c000a96c                JS_SetConstructorBit
 .text.JS_IsError
                0x00000000c000a994       0x1e .obj/quickjs.o
                0x00000000c000a994                JS_IsError
 .text.JS_IsUncatchableError
                0x00000000c000a9b2       0x26 .obj/quickjs.o
                0x00000000c000a9b2                JS_IsUncatchableError
 .text.JS_SetUncatchableError
                0x00000000c000a9d8       0x30 .obj/quickjs.o
                0x00000000c000a9d8                JS_SetUncatchableError
 .text.JS_ResetUncatchableError
                0x00000000c000aa08        0xc .obj/quickjs.o
                0x00000000c000aa08                JS_ResetUncatchableError
 .text.JS_SetOpaque
                0x00000000c000aa14       0x10 .obj/quickjs.o
                0x00000000c000aa14                JS_SetOpaque
 .text.JS_GetOpaque
                0x00000000c000aa24       0x24 .obj/quickjs.o
                0x00000000c000aa24                JS_GetOpaque
 .text.js_c_function_data_call
                0x00000000c000aa48       0xaa .obj/quickjs.o
 .text.js_generator_finalizer
                0x00000000c000aaf2       0x38 .obj/quickjs.o
 .text.js_operator_set_mark
                0x00000000c000ab2a       0xba .obj/quickjs.o
 .text.js_operator_set_finalizer
                0x00000000c000abe4       0xfe .obj/quickjs.o
 .text.js_float_env_finalizer
                0x00000000c000ace2       0x24 .obj/quickjs.o
 .text.js_c_function_data_mark
                0x00000000c000ad06       0x56 .obj/quickjs.o
 .text.js_c_function_data_finalizer
                0x00000000c000ad5c       0x5e .obj/quickjs.o
 .text.js_proxy_revoke
                0x00000000c000adba       0x44 .obj/quickjs.o
 .text.js_proxy_mark
                0x00000000c000adfe       0x52 .obj/quickjs.o
 .text.js_proxy_finalizer
                0x00000000c000ae50       0x4e .obj/quickjs.o
 .text.js_async_generator_mark
                0x00000000c000ae9e       0x90 .obj/quickjs.o
 .text.js_async_generator_finalizer
                0x00000000c000af2e       0x2e .obj/quickjs.o
 .text.js_async_from_sync_iterator_mark
                0x00000000c000af5c       0x52 .obj/quickjs.o
 .text.js_async_from_sync_iterator_finalizer
                0x00000000c000afae       0x4e .obj/quickjs.o
 .text.js_promise_mark
                0x00000000c000affc       0xd4 .obj/quickjs.o
 .text.js_promise_finalizer
                0x00000000c000b0d0       0x88 .obj/quickjs.o
 .text.JS_SetIsHTMLDDA
                0x00000000c000b158       0x1e .obj/quickjs.o
                0x00000000c000b158                JS_SetIsHTMLDDA
 .text.JS_ToBool
                0x00000000c000b176       0x20 .obj/quickjs.o
                0x00000000c000b176                JS_ToBool
 .text.JS_DetectModule
                0x00000000c000b196       0x4e .obj/quickjs.o
                0x00000000c000b196                JS_DetectModule
 .text.JS_SetModuleLoaderFunc
                0x00000000c000b1e4        0xe .obj/quickjs.o
                0x00000000c000b1e4                JS_SetModuleLoaderFunc
 .text.JS_GetScriptOrModuleName
                0x00000000c000b1f2       0x72 .obj/quickjs.o
                0x00000000c000b1f2                JS_GetScriptOrModuleName
 .text.JS_GetModuleName
                0x00000000c000b264        0x6 .obj/quickjs.o
                0x00000000c000b264                JS_GetModuleName
 .text.lre_check_stack_overflow
                0x00000000c000b26a       0x18 .obj/quickjs.o
                0x00000000c000b26a                lre_check_stack_overflow
 .text.lre_realloc
                0x00000000c000b282        0x6 .obj/quickjs.o
                0x00000000c000b282                lre_realloc
 .text.JS_AddIntrinsicRegExpCompiler
                0x00000000c000b288        0xe .obj/quickjs.o
                0x00000000c000b288                JS_AddIntrinsicRegExpCompiler
 .text.JS_PromiseState
                0x00000000c000b296       0x24 .obj/quickjs.o
                0x00000000c000b296                JS_PromiseState
 .text.JS_PromiseResult
                0x00000000c000b2ba       0x2e .obj/quickjs.o
                0x00000000c000b2ba                JS_PromiseResult
 .text.JS_SetHostPromiseRejectionTracker
                0x00000000c000b2e8        0xa .obj/quickjs.o
                0x00000000c000b2e8                JS_SetHostPromiseRejectionTracker
 .text.JS_NewPromiseCapability
                0x00000000c000b2f2        0xc .obj/quickjs.o
                0x00000000c000b2f2                JS_NewPromiseCapability
 .text.JS_CallInternal
                0x00000000c000b2fe     0x7b06 .obj/quickjs.o
 .text.JS_CallFree
                0x00000000c0012e04       0x36 .obj/quickjs.o
 .text.JS_GetPropertyInternal
                0x00000000c0012e3a      0x364 .obj/quickjs.o
                0x00000000c0012e3a                JS_GetPropertyInternal
 .text.JS_IteratorGetCompleteValue
                0x00000000c001319e       0x82 .obj/quickjs.o
 .text.js_is_regexp
                0x00000000c0013220       0x80 .obj/quickjs.o
 .text.JS_GetPropertyValue
                0x00000000c00132a0      0x228 .obj/quickjs.o
 .text.JS_GetPropertyUint32
                0x00000000c00134c8       0x38 .obj/quickjs.o
                0x00000000c00134c8                JS_GetPropertyUint32
 .text.JS_GetOwnPropertyInternal
                0x00000000c0013500      0x1da .obj/quickjs.o
 .text.JS_SetPropertyInternal
                0x00000000c00136da      0x5aa .obj/quickjs.o
                0x00000000c00136da                JS_SetPropertyInternal
 .text.JS_SetPropertyValue
                0x00000000c0013c84      0x218 .obj/quickjs.o
 .text.JS_SetPropertyUint32
                0x00000000c0013e9c       0x42 .obj/quickjs.o
                0x00000000c0013e9c                JS_SetPropertyUint32
 .text.JS_DefineProperty
                0x00000000c0013ede      0x6de .obj/quickjs.o
                0x00000000c0013ede                JS_DefineProperty
 .text.JS_DefinePropertyValue
                0x00000000c00145bc       0x40 .obj/quickjs.o
                0x00000000c00145bc                JS_DefinePropertyValue
 .text.JS_ThrowError2
                0x00000000c00145fc       0x90 .obj/quickjs.o
 .text.JS_ThrowError
                0x00000000c001468c       0x42 .obj/quickjs.o
 .text.JS_ThrowTypeErrorOrFalse
                0x00000000c00146ce       0x44 .obj/quickjs.o
 .text.JS_ThrowSyntaxError
                0x00000000c0014712       0x2a .obj/quickjs.o
                0x00000000c0014712                JS_ThrowSyntaxError
 .text.__JS_ThrowSyntaxErrorAtom
                0x00000000c001473c       0x36 .obj/quickjs.o
 .text.js_resolve_export_throw_error
                0x00000000c0014772       0x92 .obj/quickjs.o
 .text.bc_read_error_end
                0x00000000c0014804       0x28 .obj/quickjs.o
 .text.bc_get_u8
                0x00000000c001482c       0x24 .obj/quickjs.o
 .text.bc_get_leb128
                0x00000000c0014850       0x32 .obj/quickjs.o
 .text.bc_get_leb128_u16
                0x00000000c0014882       0x26 .obj/quickjs.o
 .text.bc_get_u64
                0x00000000c00148a8       0x5c .obj/quickjs.o
 .text.bc_get_buf
                0x00000000c0014904       0x4a .obj/quickjs.o
 .text.bc_idx_to_atom
                0x00000000c001494e       0x6c .obj/quickjs.o
 .text.bc_get_atom
                0x00000000c00149ba       0x42 .obj/quickjs.o
 .text.JS_ThrowTypeError
                0x00000000c00149fc       0x2a .obj/quickjs.o
                0x00000000c00149fc                JS_ThrowTypeError
 .text.call_setter
                0x00000000c0014a26       0x88 .obj/quickjs.o
 .text.check_function
                0x00000000c0014aae       0x2a .obj/quickjs.o
 .text.__JS_ThrowTypeErrorAtom
                0x00000000c0014ad8       0x36 .obj/quickjs.o
 .text.JS_ThrowTypeErrorReadOnly
                0x00000000c0014b0e       0x48 .obj/quickjs.o
 .text.JS_ThrowTypeErrorInvalidClass
                0x00000000c0014b56       0x28 .obj/quickjs.o
 .text.JS_GetOpaque2
                0x00000000c0014b7e       0x34 .obj/quickjs.o
                0x00000000c0014b7e                JS_GetOpaque2
 .text.js_map_get
                0x00000000c0014bb2       0x78 .obj/quickjs.o
 .text.js_map_delete
                0x00000000c0014c2a       0x7c .obj/quickjs.o
 .text.js_map_has
                0x00000000c0014ca6       0x64 .obj/quickjs.o
 .text.js_map_get_size
                0x00000000c0014d0a       0x4c .obj/quickjs.o
 .text.js_map_clear
                0x00000000c0014d56       0x60 .obj/quickjs.o
 .text.js_float_env_clearStatus
                0x00000000c0014db6       0x28 .obj/quickjs.o
 .text.js_float_env_proto_get_status
                0x00000000c0014dde       0xca .obj/quickjs.o
 .text.js_array_buffer_get_byteLength
                0x00000000c0014ea8       0x44 .obj/quickjs.o
 .text.JS_EvalThis
                0x00000000c0014eec       0x44 .obj/quickjs.o
                0x00000000c0014eec                JS_EvalThis
 .text.JS_Eval  0x00000000c0014f30       0x18 .obj/quickjs.o
                0x00000000c0014f30                JS_Eval
 .text.js_promise_executor
                0x00000000c0014f48       0x72 .obj/quickjs.o
 .text.JS_ThrowTypeErrorNotAnObject
                0x00000000c0014fba       0x10 .obj/quickjs.o
 .text.JS_IteratorClose
                0x00000000c0014fca       0xb8 .obj/quickjs.o
 .text.js_regexp_get_flag
                0x00000000c0015082       0x80 .obj/quickjs.o
 .text.JS_CheckBrand
                0x00000000c0015102       0xfa .obj/quickjs.o
 .text.JS_SpeciesConstructor
                0x00000000c00151fc      0x118 .obj/quickjs.o
 .text.JS_ThrowTypeErrorDetachedArrayBuffer
                0x00000000c0015314       0x10 .obj/quickjs.o
 .text.js_call_unary_op_fallback
                0x00000000c0015324      0x108 .obj/quickjs.o
 .text.JS_ThrowUnsupportedOperation
                0x00000000c001542c       0x10 .obj/quickjs.o
 .text.invalid_mul_pow10
                0x00000000c001543c       0x10 .obj/quickjs.o
 .text.invalid_mul_pow10_to_float64
                0x00000000c001544c        0x8 .obj/quickjs.o
 .text.invalid_binary_arith
                0x00000000c0015454       0x2e .obj/quickjs.o
 .text.invalid_unary_arith
                0x00000000c0015482       0x20 .obj/quickjs.o
 .text.invalid_to_string
                0x00000000c00154a2        0x8 .obj/quickjs.o
 .text.JS_SetThisTimeValue
                0x00000000c00154aa       0x80 .obj/quickjs.o
 .text.js_thisBigIntValue
                0x00000000c001552a       0x4a .obj/quickjs.o
 .text.js_bigint_valueOf
                0x00000000c0015574        0x8 .obj/quickjs.o
 .text.js_thisBigFloatValue
                0x00000000c001557c       0x4a .obj/quickjs.o
 .text.js_bigfloat_valueOf
                0x00000000c00155c6        0x8 .obj/quickjs.o
 .text.js_thisBigDecimalValue
                0x00000000c00155ce       0x4a .obj/quickjs.o
 .text.js_bigdecimal_valueOf
                0x00000000c0015618        0x8 .obj/quickjs.o
 .text.js_symbol_keyFor
                0x00000000c0015620       0x4a .obj/quickjs.o
 .text.js_thisSymbolValue
                0x00000000c001566a       0x48 .obj/quickjs.o
 .text.js_symbol_valueOf
                0x00000000c00156b2        0x8 .obj/quickjs.o
 .text.js_string_toString
                0x00000000c00156ba       0x4c .obj/quickjs.o
 .text.js_thisBooleanValue
                0x00000000c0015706       0x4a .obj/quickjs.o
 .text.js_boolean_valueOf
                0x00000000c0015750        0x8 .obj/quickjs.o
 .text.js_thisNumberValue
                0x00000000c0015758       0x46 .obj/quickjs.o
 .text.js_number_valueOf
                0x00000000c001579e        0x8 .obj/quickjs.o
 .text.get_typed_array
                0x00000000c00157a6       0x5e .obj/quickjs.o
 .text.js_typed_array_get_length_internal
                0x00000000c0015804       0x34 .obj/quickjs.o
 .text.js_typed_array_reverse
                0x00000000c0015838       0xd0 .obj/quickjs.o
 .text.js_typed_array_get_byteOffset
                0x00000000c0015908       0x58 .obj/quickjs.o
 .text.js_typed_array_get_byteLength
                0x00000000c0015960       0x58 .obj/quickjs.o
 .text.js_typed_array_get_buffer
                0x00000000c00159b8       0x2e .obj/quickjs.o
 .text.validate_typed_array
                0x00000000c00159e6       0x32 .obj/quickjs.o
 .text.js_typed_array_get_length
                0x00000000c0015a18       0x2e .obj/quickjs.o
 .text.js_throw_type_error
                0x00000000c0015a46       0x10 .obj/quickjs.o
 .text.js_function_proto_caller
                0x00000000c0015a56       0x46 .obj/quickjs.o
 .text.js_typed_array_base_constructor
                0x00000000c0015a9c       0x10 .obj/quickjs.o
 .text.JS_ThrowTypeErrorRevokedProxy.isra.0
                0x00000000c0015aac       0x10 .obj/quickjs.o
 .text.JS_GetFunctionRealm
                0x00000000c0015abc       0x74 .obj/quickjs.o
 .text.JS_SetObjectData.isra.0
                0x00000000c0015b30       0x82 .obj/quickjs.o
 .text.JS_ThrowReferenceError
                0x00000000c0015bb2       0x2a .obj/quickjs.o
                0x00000000c0015bb2                JS_ThrowReferenceError
 .text.JS_ThrowReferenceErrorUninitialized
                0x00000000c0015bdc       0x32 .obj/quickjs.o
 .text.JS_ThrowReferenceErrorUninitialized2
                0x00000000c0015c0e       0x28 .obj/quickjs.o
 .text.JS_ThrowReferenceErrorNotDefined
                0x00000000c0015c36       0x28 .obj/quickjs.o
 .text.JS_ThrowRangeError
                0x00000000c0015c5e       0x2a .obj/quickjs.o
                0x00000000c0015c5e                JS_ThrowRangeError
 .text.JS_ThrowInternalError
                0x00000000c0015c88       0x2a .obj/quickjs.o
                0x00000000c0015c88                JS_ThrowInternalError
 .text.JS_ThrowStackOverflow
                0x00000000c0015cb2       0x10 .obj/quickjs.o
 .text.get_proxy_method
                0x00000000c0015cc2       0x9c .obj/quickjs.o
 .text.JS_IsExtensible
                0x00000000c0015d5e       0xbc .obj/quickjs.o
                0x00000000c0015d5e                JS_IsExtensible
 .text.js_object_isExtensible
                0x00000000c0015e1a       0x48 .obj/quickjs.o
 .text.JS_GetPrototype
                0x00000000c0015e62      0x13c .obj/quickjs.o
                0x00000000c0015e62                JS_GetPrototype
 .text.JS_GetPrototypeFree
                0x00000000c0015f9e       0x2a .obj/quickjs.o
 .text.js_object_getPrototypeOf
                0x00000000c0015fc8       0x2e .obj/quickjs.o
 .text.JS_PreventExtensions
                0x00000000c0015ff6       0xc2 .obj/quickjs.o
                0x00000000c0015ff6                JS_PreventExtensions
 .text.js_object_preventExtensions
                0x00000000c00160b8       0x82 .obj/quickjs.o
 .text.JS_IsArray
                0x00000000c001613a       0x8c .obj/quickjs.o
                0x00000000c001613a                JS_IsArray
 .text.js_array_isArray
                0x00000000c00161c6       0x30 .obj/quickjs.o
 .text.__js_poll_interrupts
                0x00000000c00161f6       0x4c .obj/quickjs.o
 .text.js_poll_interrupts
                0x00000000c0016242       0x18 .obj/quickjs.o
 .text.JS_OrdinaryIsInstanceOf
                0x00000000c001625a      0x130 .obj/quickjs.o
 .text.JS_IsInstanceOf
                0x00000000c001638a       0xa4 .obj/quickjs.o
                0x00000000c001638a                JS_IsInstanceOf
 .text.js_function_hasInstance
                0x00000000c001642e       0x36 .obj/quickjs.o
 .text.JS_ThrowOutOfMemory
                0x00000000c0016464       0x30 .obj/quickjs.o
                0x00000000c0016464                JS_ThrowOutOfMemory
 .text.js_malloc
                0x00000000c0016494       0x26 .obj/quickjs.o
                0x00000000c0016494                js_malloc
 .text.js_strndup
                0x00000000c00164ba       0x36 .obj/quickjs.o
                0x00000000c00164ba                js_strndup
 .text.js_strdup
                0x00000000c00164f0       0x20 .obj/quickjs.o
                0x00000000c00164f0                js_strdup
 .text.JS_NewBigFloat
                0x00000000c0016510       0x40 .obj/quickjs.o
 .text.js_bigfloat_get_const
                0x00000000c0016550      0x118 .obj/quickjs.o
 .text.get_var_ref
                0x00000000c0016668       0xd6 .obj/quickjs.o
 .text.js_clone_shape
                0x00000000c001673e       0xa4 .obj/quickjs.o
 .text.js_shape_prepare_update
                0x00000000c00167e2       0x8c .obj/quickjs.o
 .text.JS_AutoInitProperty
                0x00000000c001686e       0x8a .obj/quickjs.o
 .text.JS_SetPrototypeInternal
                0x00000000c00168f8      0x1c8 .obj/quickjs.o
 .text.JS_SetPrototype
                0x00000000c0016ac0        0xa .obj/quickjs.o
                0x00000000c0016ac0                JS_SetPrototype
 .text.js_reflect_setPrototypeOf
                0x00000000c0016aca       0x38 .obj/quickjs.o
 .text.js_object_set___proto__
                0x00000000c0016b02       0x56 .obj/quickjs.o
 .text.js_object_setPrototypeOf
                0x00000000c0016b58       0x30 .obj/quickjs.o
 .text.js_update_property_flags
                0x00000000c0016b88       0x40 .obj/quickjs.o
 .text.seal_template_obj
                0x00000000c0016bc8       0x78 .obj/quickjs.o
 .text.JS_EnqueueJob
                0x00000000c0016c40       0x86 .obj/quickjs.o
                0x00000000c0016c40                JS_EnqueueJob
 .text.fulfill_or_reject_promise
                0x00000000c0016cc6      0x142 .obj/quickjs.o
 .text.js_promise_resolve_function_call
                0x00000000c0016e08      0x132 .obj/quickjs.o
 .text.JS_NewBigInt
                0x00000000c0016f3a       0x40 .obj/quickjs.o
 .text.js_create_module_var
                0x00000000c0016f7a       0x5c .obj/quickjs.o
 .text.add_reloc
                0x00000000c0016fd6       0x30 .obj/quickjs.o
 .text.JS_NewBigDecimal
                0x00000000c0017006       0x40 .obj/quickjs.o
 .text.js_typed_array_sort
                0x00000000c0017046      0x2be .obj/quickjs.o
 .text.js_new_shape2.constprop.0
                0x00000000c0017304      0x13e .obj/quickjs.o
 .text.typed_array_init.isra.0
                0x00000000c0017442       0x86 .obj/quickjs.o
 .text.js_mallocz
                0x00000000c00174c8       0x26 .obj/quickjs.o
                0x00000000c00174c8                js_mallocz
 .text.async_func_init
                0x00000000c00174ee      0x152 .obj/quickjs.o
 .text.js_closure2
                0x00000000c0017640       0xae .obj/quickjs.o
 .text.perform_promise_then
                0x00000000c00176ee      0x1a8 .obj/quickjs.o
 .text.js_new_module_def
                0x00000000c0017896       0x80 .obj/quickjs.o
 .text.js_realloc
                0x00000000c0017916       0x30 .obj/quickjs.o
                0x00000000c0017916                js_realloc
 .text.resize_properties
                0x00000000c0017946      0x15c .obj/quickjs.o
 .text.add_shape_property
                0x00000000c0017aa2      0x110 .obj/quickjs.o
 .text.add_property
                0x00000000c0017bb2      0x198 .obj/quickjs.o
 .text.JS_DefineAutoInitProperty
                0x00000000c0017d4a       0xc6 .obj/quickjs.o
 .text.JS_NewObjectFromShape
                0x00000000c0017e10      0x164 .obj/quickjs.o
 .text.JS_NewObjectProtoClass
                0x00000000c0017f74       0x98 .obj/quickjs.o
                0x00000000c0017f74                JS_NewObjectProtoClass
 .text.js_create_from_ctor
                0x00000000c001800c       0xb2 .obj/quickjs.o
 .text.js_array_buffer_constructor3
                0x00000000c00180be      0x148 .obj/quickjs.o
 .text.js_array_buffer_constructor2
                0x00000000c0018206       0x1e .obj/quickjs.o
 .text.js_dummy_operators_ctor
                0x00000000c0018224        0xa .obj/quickjs.o
 .text.js_boolean_constructor
                0x00000000c001822e       0x6e .obj/quickjs.o
 .text.JS_NewObjectClass
                0x00000000c001829c       0x16 .obj/quickjs.o
                0x00000000c001829c                JS_NewObjectClass
 .text.JS_NewError
                0x00000000c00182b2        0xa .obj/quickjs.o
                0x00000000c00182b2                JS_NewError
 .text.js_create_map_iterator
                0x00000000c00182bc       0x9e .obj/quickjs.o
 .text.JS_NewObjectProto
                0x00000000c001835a        0xa .obj/quickjs.o
                0x00000000c001835a                JS_NewObjectProto
 .text.JS_GetImportMeta
                0x00000000c0018364       0x50 .obj/quickjs.o
                0x00000000c0018364                JS_GetImportMeta
 .text.JS_NewObject
                0x00000000c00183b4       0x10 .obj/quickjs.o
                0x00000000c00183b4                JS_NewObject
 .text.js_create_module_function
                0x00000000c00183c4      0x12a .obj/quickjs.o
 .text.js_proxy_constructor
                0x00000000c00184ee       0xfc .obj/quickjs.o
 .text.JS_NewArray
                0x00000000c00185ea       0x12 .obj/quickjs.o
                0x00000000c00185ea                JS_NewArray
 .text.convert_fast_array_to_array
                0x00000000c00185fc       0xae .obj/quickjs.o
 .text.ident_realloc
                0x00000000c00186aa       0x70 .obj/quickjs.o
 .text.delete_property
                0x00000000c001871a      0x386 .obj/quickjs.o
 .text.js_realloc2
                0x00000000c0018aa0       0x52 .obj/quickjs.o
                0x00000000c0018aa0                js_realloc2
 .text.string_buffer_widen
                0x00000000c0018af2       0x72 .obj/quickjs.o
 .text.expand_fast_array
                0x00000000c0018b64       0x4a .obj/quickjs.o
 .text.add_fast_array_element
                0x00000000c0018bae       0xba .obj/quickjs.o
 .text.js_allocate_fast_array
                0x00000000c0018c68       0x7c .obj/quickjs.o
 .text.js_realloc_array
                0x00000000c0018ce4       0x58 .obj/quickjs.o
 .text.js_resize_array
                0x00000000c0018d3c        0xe .obj/quickjs.o
 .text.get_exported_names
                0x00000000c0018d4a      0x126 .obj/quickjs.o
 .text.js_resolve_export1
                0x00000000c0018e70      0x176 .obj/quickjs.o
 .text.js_resolve_export
                0x00000000c0018fe6       0x48 .obj/quickjs.o
 .text.gather_available_ancestors
                0x00000000c001902e      0x11c .obj/quickjs.o
 .text.bc_atom_to_idx
                0x00000000c001914a       0xd2 .obj/quickjs.o
 .text.bc_put_atom.isra.0
                0x00000000c001921c       0x3c .obj/quickjs.o
 .text.BC_add_object_ref1
                0x00000000c0019258       0x4a .obj/quickjs.o
 .text.new_label_fd
                0x00000000c00192a2       0x5a .obj/quickjs.o
 .text.new_label
                0x00000000c00192fc        0x8 .obj/quickjs.o
 .text.emit_goto
                0x00000000c0019304       0x5c .obj/quickjs.o
 .text.emit_class_field_init
                0x00000000c0019360       0x8a .obj/quickjs.o
 .text.emit_return
                0x00000000c00193ea      0x1b8 .obj/quickjs.o
 .text.optional_chain_test
                0x00000000c00195a2       0x7c .obj/quickjs.o
 .text.js_emit_spread_code
                0x00000000c001961e       0xa6 .obj/quickjs.o
 .text.var_object_test
                0x00000000c00196c4       0x92 .obj/quickjs.o
 .text.cpool_add
                0x00000000c0019756       0x52 .obj/quickjs.o
 .text.emit_push_const
                0x00000000c00197a8       0x76 .obj/quickjs.o
 .text.emit_class_init_end
                0x00000000c001981e       0x58 .obj/quickjs.o
 .text.add_global_var
                0x00000000c0019876       0x6c .obj/quickjs.o
 .text.add_req_module_entry
                0x00000000c00198e2       0x76 .obj/quickjs.o
 .text.js_map_set
                0x00000000c0019958      0x200 .obj/quickjs.o
 .text.push_scope
                0x00000000c0019b58       0xd0 .obj/quickjs.o
 .text.js_atof2
                0x00000000c0019c28      0x5ea .obj/quickjs.o
 .text.JS_NewSymbol
                0x00000000c001a212       0x40 .obj/quickjs.o
 .text.JS_NewSymbolFromAtom.constprop.0
                0x00000000c001a252       0x5c .obj/quickjs.o
 .text.js_alloc_string
                0x00000000c001a2ae       0x26 .obj/quickjs.o
 .text.string_buffer_init2
                0x00000000c001a2d4       0x38 .obj/quickjs.o
 .text.string_buffer_init
                0x00000000c001a30c        0x6 .obj/quickjs.o
 .text.js_new_string16
                0x00000000c001a312       0x42 .obj/quickjs.o
 .text.JS_ReadString
                0x00000000c001a354       0x82 .obj/quickjs.o
 .text.JS_NewBigInt64_1
                0x00000000c001a3d6       0x64 .obj/quickjs.o
                0x00000000c001a3d6                JS_NewBigInt64_1
 .text.JS_NewBigInt64
                0x00000000c001a43a       0x5c .obj/quickjs.o
                0x00000000c001a43a                JS_NewBigInt64
 .text.js_TA_get_int64
                0x00000000c001a496        0xa .obj/quickjs.o
 .text.JS_NewBigUint64
                0x00000000c001a4a0       0xa6 .obj/quickjs.o
                0x00000000c001a4a0                JS_NewBigUint64
 .text.js_TA_get_uint64
                0x00000000c001a546        0xa .obj/quickjs.o
 .text.js_string_to_bigint
                0x00000000c001a550       0x82 .obj/quickjs.o
 .text.js_mul_pow10_to_float64
                0x00000000c001a5d2       0x66 .obj/quickjs.o
 .text.js_string_to_bigfloat
                0x00000000c001a638       0xaa .obj/quickjs.o
 .text.js_string_to_bigdecimal
                0x00000000c001a6e2       0x74 .obj/quickjs.o
 .text.throw_bf_exception
                0x00000000c001a756       0x42 .obj/quickjs.o
 .text.js_binary_arith_bigfloat
                0x00000000c001a798      0x1b6 .obj/quickjs.o
 .text.js_unary_arith_bigfloat
                0x00000000c001a94e      0x12a .obj/quickjs.o
 .text.js_binary_arith_bigdecimal
                0x00000000c001aa78      0x1b0 .obj/quickjs.o
 .text.js_unary_arith_bigdecimal
                0x00000000c001ac28      0x10a .obj/quickjs.o
 .text.string_buffer_realloc
                0x00000000c001ad32       0xbe .obj/quickjs.o
 .text.string_buffer_write8
                0x00000000c001adf0       0x82 .obj/quickjs.o
 .text.string_buffer_concat
                0x00000000c001ae72       0xe4 .obj/quickjs.o
 .text.string_buffer_puts8
                0x00000000c001af56       0x22 .obj/quickjs.o
 .text.encodeURI_hex.isra.0
                0x00000000c001af78       0x78 .obj/quickjs.o
 .text.string_buffer_putc8
                0x00000000c001aff0       0x52 .obj/quickjs.o
 .text.string_buffer_putc_slow
                0x00000000c001b042       0x80 .obj/quickjs.o
 .text.string_buffer_putc16
                0x00000000c001b0c2       0x3e .obj/quickjs.o
 .text.string_buffer_putc
                0x00000000c001b100       0x50 .obj/quickjs.o
 .text.string_buffer_fill
                0x00000000c001b150       0x4a .obj/quickjs.o
 .text.JS_NewStringLen
                0x00000000c001b19a      0x15e .obj/quickjs.o
                0x00000000c001b19a                JS_NewStringLen
 .text.JS_NewAtomLen
                0x00000000c001b2f8       0x52 .obj/quickjs.o
                0x00000000c001b2f8                JS_NewAtomLen
 .text.JS_NewAtom
                0x00000000c001b34a       0x20 .obj/quickjs.o
                0x00000000c001b34a                JS_NewAtom
 .text.js_host_resolve_imported_module
                0x00000000c001b36a      0x1a4 .obj/quickjs.o
 .text.JS_GetPropertyStr
                0x00000000c001b50e       0x48 .obj/quickjs.o
                0x00000000c001b50e                JS_GetPropertyStr
 .text.js_operators_updateBigIntOperators
                0x00000000c001b556      0x130 .obj/quickjs.o
 .text.js_operators_create_internal
                0x00000000c001b686      0x2de .obj/quickjs.o
 .text.js_operators_create
                0x00000000c001b964        0xe .obj/quickjs.o
 .text.JS_NewCModule
                0x00000000c001b972       0x2a .obj/quickjs.o
                0x00000000c001b972                JS_NewCModule
 .text.JS_SetModuleExport
                0x00000000c001b99c       0x74 .obj/quickjs.o
                0x00000000c001b99c                JS_SetModuleExport
 .text.find_atom
                0x00000000c001ba10       0x94 .obj/quickjs.o
 .text.js_new_function_def
                0x00000000c001baa4       0xdc .obj/quickjs.o
 .text.emit_class_init_start
                0x00000000c001bb80       0xc4 .obj/quickjs.o
 .text.parse_ident
                0x00000000c001bc44      0x104 .obj/quickjs.o
 .text.JS_NewString
                0x00000000c001bd48       0x20 .obj/quickjs.o
                0x00000000c001bd48                JS_NewString
 .text.JS_NewAtomUInt32
                0x00000000c001bd68       0x4e .obj/quickjs.o
                0x00000000c001bd68                JS_NewAtomUInt32
 .text.__JS_AtomToValue
                0x00000000c001bdb6       0xa2 .obj/quickjs.o
 .text.JS_AtomToValue
                0x00000000c001be58        0xa .obj/quickjs.o
                0x00000000c001be58                JS_AtomToValue
 .text.JS_AtomToString
                0x00000000c001be62        0xa .obj/quickjs.o
                0x00000000c001be62                JS_AtomToString
 .text.JS_ToPrimitiveFree
                0x00000000c001be6c      0x1a0 .obj/quickjs.o
 .text.JS_ToPrimitive
                0x00000000c001c00c       0x24 .obj/quickjs.o
 .text.string_buffer_end
                0x00000000c001c030       0x96 .obj/quickjs.o
 .text.JS_NewAtomString
                0x00000000c001c0c6       0x44 .obj/quickjs.o
                0x00000000c001c0c6                JS_NewAtomString
 .text.exported_names_cmp
                0x00000000c001c10a       0x66 .obj/quickjs.o
 .text.js_symbol_get_description
                0x00000000c001c170       0x6c .obj/quickjs.o
 .text.js_boolean_toString
                0x00000000c001c1dc       0x34 .obj/quickjs.o
 .text.js_function_proto_fileName
                0x00000000c001c210       0x38 .obj/quickjs.o
 .text.js_object___getClass
                0x00000000c001c248       0x52 .obj/quickjs.o
 .text.js_typed_array_get_toStringTag
                0x00000000c001c29a       0x3e .obj/quickjs.o
 .text.js_new_string8
                0x00000000c001c2d8       0x52 .obj/quickjs.o
 .text.js_new_string_char
                0x00000000c001c32a       0x34 .obj/quickjs.o
 .text.js_string_get_own_property
                0x00000000c001c35e       0x7a .obj/quickjs.o
 .text.js_string_iterator_next
                0x00000000c001c3d8       0xc6 .obj/quickjs.o
 .text.js_sub_string
                0x00000000c001c49e       0xd2 .obj/quickjs.o
 .text.JS_NewAtomInt64
                0x00000000c001c570       0x58 .obj/quickjs.o
 .text.js_dtoa  0x00000000c001c5c8      0x3e2 .obj/quickjs.o
 .text.JS_ToStringInternal
                0x00000000c001c9aa      0x162 .obj/quickjs.o
                0x00000000c001c9aa                JS_ToStringInternal
 .text.JS_ToString
                0x00000000c001cb0c        0xa .obj/quickjs.o
                0x00000000c001cb0c                JS_ToString
 .text.JS_ToStringFree
                0x00000000c001cb16       0x2a .obj/quickjs.o
 .text.JS_ConcatString3
                0x00000000c001cb40       0xe2 .obj/quickjs.o
 .text.js_get_function_name
                0x00000000c001cc22       0x76 .obj/quickjs.o
 .text.JS_ConcatString
                0x00000000c001cc98      0x252 .obj/quickjs.o
 .text.js_error_toString
                0x00000000c001ceea      0x128 .obj/quickjs.o
 .text.string_buffer_concat_value_free
                0x00000000c001d012       0x86 .obj/quickjs.o
 .text.js_regexp_toString
                0x00000000c001d098       0xaa .obj/quickjs.o
 .text.js_bigdecimal_toString
                0x00000000c001d142       0x2e .obj/quickjs.o
 .text.check_regexp_g_flag
                0x00000000c001d170       0xa0 .obj/quickjs.o
 .text.JS_ToStringCheckObject
                0x00000000c001d210       0x20 .obj/quickjs.o
 .text.JS_ToQuotedString
                0x00000000c001d230      0x17a .obj/quickjs.o
 .text.JS_ToQuotedStringFree
                0x00000000c001d3aa       0x2a .obj/quickjs.o
 .text.js_string___quote
                0x00000000c001d3d4        0x8 .obj/quickjs.o
 .text.js_string_CreateHTML
                0x00000000c001d3dc      0x160 .obj/quickjs.o
 .text.js_string_toLowerCase
                0x00000000c001d53c      0x1be .obj/quickjs.o
 .text.js_string_isWellFormed
                0x00000000c001d6fa       0x5a .obj/quickjs.o
 .text.js_string_concat
                0x00000000c001d754       0x6a .obj/quickjs.o
 .text.js_string_toWellFormed
                0x00000000c001d7be       0xfe .obj/quickjs.o
 .text.js_string_trim
                0x00000000c001d8bc       0xb0 .obj/quickjs.o
 .text.js_string_normalize1
                0x00000000c001d96c       0xd0 .obj/quickjs.o
 .text.string_buffer_concat_value
                0x00000000c001da3c       0x7c .obj/quickjs.o
 .text.js_Date_parse
                0x00000000c001dab8      0x412 .obj/quickjs.o
 .text.js_symbol_for
                0x00000000c001deca       0x34 .obj/quickjs.o
 .text.js_symbol_constructor
                0x00000000c001defe       0x5e .obj/quickjs.o
 .text.js_string_localeCompare
                0x00000000c001df5c      0x110 .obj/quickjs.o
 .text.js_global_unescape
                0x00000000c001e06c       0xe8 .obj/quickjs.o
 .text.js_global_escape
                0x00000000c001e154       0xb8 .obj/quickjs.o
 .text.JS_ToCStringLen2
                0x00000000c001e20c      0x1fe .obj/quickjs.o
                0x00000000c001e20c                JS_ToCStringLen2
 .text.JS_ToNumberHintFree
                0x00000000c001e40a      0x210 .obj/quickjs.o
 .text.JS_ToNumberFree
                0x00000000c001e61a        0xa .obj/quickjs.o
 .text.JS_ToInt32Free
                0x00000000c001e624       0xd2 .obj/quickjs.o
 .text.js_get_length32
                0x00000000c001e6f6       0x54 .obj/quickjs.o
 .text.JS_ToInt32
                0x00000000c001e74a       0x28 .obj/quickjs.o
                0x00000000c001e74a                JS_ToInt32
 .text.js_string_codePointRange
                0x00000000c001e772       0xa8 .obj/quickjs.o
                0x00000000c001e772                js_string_codePointRange
 .text.js_math_clz32
                0x00000000c001e81a       0x44 .obj/quickjs.o
 .text.js_math_imul
                0x00000000c001e85e       0x4e .obj/quickjs.o
 .text.js_string_fromCharCode
                0x00000000c001e8ac       0x7c .obj/quickjs.o
 .text.JS_ToUint8ClampFree
                0x00000000c001e928       0xfe .obj/quickjs.o
 .text.JS_ToFloat64Free
                0x00000000c001ea26       0xa6 .obj/quickjs.o
 .text.JS_ToFloat64
                0x00000000c001eacc       0x28 .obj/quickjs.o
                0x00000000c001eacc                JS_ToFloat64
 .text.JS_NumberIsInteger
                0x00000000c001eaf4       0x62 .obj/quickjs.o
 .text.js_number_isInteger
                0x00000000c001eb56       0x30 .obj/quickjs.o
 .text.js_Date_UTC
                0x00000000c001eb86      0x136 .obj/quickjs.o
 .text.JS_ThisTimeValue
                0x00000000c001ecbc       0x46 .obj/quickjs.o
 .text.get_date_fields
                0x00000000c001ed02      0x19a .obj/quickjs.o
 .text.get_date_field
                0x00000000c001ee9c       0x98 .obj/quickjs.o
 .text.js_date_getTimezoneOffset
                0x00000000c001ef34       0x56 .obj/quickjs.o
 .text.js_date_getTime
                0x00000000c001ef8a       0x4c .obj/quickjs.o
 .text.set_date_field
                0x00000000c001efd6      0x10e .obj/quickjs.o
 .text.js_date_setYear
                0x00000000c001f0e4       0xd4 .obj/quickjs.o
 .text.js_date_setTime
                0x00000000c001f1b8       0x54 .obj/quickjs.o
 .text.js_math_hypot
                0x00000000c001f20c       0xa0 .obj/quickjs.o
 .text.js_math_min_max
                0x00000000c001f2ac      0x16a .obj/quickjs.o
 .text.js_string_fromCodePoint
                0x00000000c001f416       0xc2 .obj/quickjs.o
 .text.js_number_isSafeInteger
                0x00000000c001f4d8       0x4a .obj/quickjs.o
 .text.js_global_isFinite
                0x00000000c001f522       0x4e .obj/quickjs.o
 .text.js_number_isFinite
                0x00000000c001f570       0x22 .obj/quickjs.o
 .text.js_global_isNaN
                0x00000000c001f592       0x36 .obj/quickjs.o
 .text.js_number_isNaN
                0x00000000c001f5c8       0x22 .obj/quickjs.o
 .text.JS_ToArrayLengthFree
                0x00000000c001f5ea      0x114 .obj/quickjs.o
 .text.set_array_length
                0x00000000c001f6fe      0x1f0 .obj/quickjs.o