Archive member included to satisfy reference by file (symbol)

../apps/import/libs/libmm.a(umm_free.o)
                              .obj/qjs.o (free)
../apps/import/libs/libmm.a(umm_malloc.o)
                              .obj/qjs.o (malloc)
../apps/import/libs/libmm.a(umm_memalign.o)
                              ../apps/import/libs/libmm.a(umm_malloc.o) (memalign)
../apps/import/libs/libmm.a(umm_realloc.o)
                              .obj/qjs.o (realloc)
../apps/import/libs/libmm.a(umm_sbrk.o)
                              ../apps/import/libs/libmm.a(umm_memalign.o) (sbrk)
../apps/import/libs/libmm.a(mm_brkaddr.o)
                              ../apps/import/libs/libmm.a(umm_sbrk.o) (mm_brkaddr)
../apps/import/libs/libmm.a(mm_extend.o)
                              ../apps/import/libs/libmm.a(umm_sbrk.o) (mm_extend)
../apps/import/libs/libmm.a(mm_free.o)
                              ../apps/import/libs/libmm.a(umm_free.o) (mm_free)
../apps/import/libs/libmm.a(mm_memalign.o)
                              ../apps/import/libs/libmm.a(umm_memalign.o) (mm_memalign)
../apps/import/libs/libmm.a(mm_realloc.o)
                              ../apps/import/libs/libmm.a(umm_realloc.o) (mm_realloc)
../apps/import/libs/libmm.a(mm_heapmember.o)
                              ../apps/import/libs/libmm.a(mm_free.o) (mm_heapmember)
../apps/import/libs/libmm.a(umm_initialize.o)
                              ../apps/import/libs/libmm.a(umm_memalign.o) (umm_try_initialize)
../apps/import/libs/libmm.a(mm_initialize.o)
                              ../apps/import/libs/libmm.a(umm_initialize.o) (mm_initialize)
../apps/import/libs/libmm.a(mm_lock.o)
                              ../apps/import/libs/libmm.a(mm_extend.o) (mm_lock)
../apps/import/libs/libmm.a(mm_addfreechunk.o)
                              ../apps/import/libs/libmm.a(mm_free.o) (mm_addfreechunk)
../apps/import/libs/libmm.a(mm_size2ndx.o)
                              ../apps/import/libs/libmm.a(mm_addfreechunk.o) (mm_size2ndx)
../apps/import/libs/libmm.a(mm_shrinkchunk.o)
                              ../apps/import/libs/libmm.a(mm_memalign.o) (mm_shrinkchunk)
../apps/import/libs/libmm.a(mm_malloc.o)
                              ../apps/import/libs/libmm.a(mm_memalign.o) (mm_malloc)
../apps/import/libs/libc.a(lib_assert.o)
                              .obj/qjs.o (__assert)
../apps/import/libs/libc.a(lib_opendir.o)
                              .obj/quickjs-libc.o (opendir)
../apps/import/libs/libc.a(lib_closedir.o)
                              .obj/quickjs-libc.o (closedir)
../apps/import/libs/libc.a(lib_readdir.o)
                              .obj/quickjs-libc.o (readdir)
../apps/import/libs/libc.a(lib_errno.o)
                              .obj/quickjs-libc.o (__errno)
../apps/import/libs/libc.a(lib_mutex.o)
                              ../apps/import/libs/libmm.a(mm_initialize.o) (nxmutex_init)
../apps/import/libs/libc.a(pthread_attr_init.o)
                              .obj/quickjs-libc.o (pthread_attr_init)
../apps/import/libs/libc.a(pthread_attr_destroy.o)
                              .obj/quickjs-libc.o (pthread_attr_destroy)
../apps/import/libs/libc.a(pthread_attr_setdetachstate.o)
                              .obj/quickjs-libc.o (pthread_attr_setdetachstate)
../apps/import/libs/libc.a(pthread_create.o)
                              .obj/quickjs-libc.o (pthread_create)
../apps/import/libs/libc.a(pthread_exit.o)
                              ../apps/import/libs/libc.a(pthread_create.o) (pthread_exit)
../apps/import/libs/libc.a(pthread_mutex_lock.o)
                              .obj/quickjs-libc.o (pthread_mutex_lock)
../apps/import/libs/libc.a(clock_ticks2time.o)
                              ../apps/import/libs/libc.a(lib_mutex.o) (clock_ticks2time)
../apps/import/libs/libc.a(clock_timespec_add.o)
                              ../apps/import/libs/libc.a(lib_mutex.o) (clock_timespec_add)
../apps/import/libs/libc.a(task_setcancelstate.o)
                              ../apps/import/libs/libc.a(pthread_exit.o) (task_setcancelstate)
../apps/import/libs/libc.a(sem_init.o)
                              ../apps/import/libs/libc.a(lib_mutex.o) (nxsem_init)
../apps/import/libs/libc.a(sem_setprotocol.o)
                              ../apps/import/libs/libc.a(lib_mutex.o) (nxsem_set_protocol)
../apps/import/libs/libc.a(sem_getvalue.o)
                              ../apps/import/libs/libc.a(lib_mutex.o) (nxsem_get_value)
../apps/import/libs/libc.a(sig_signal.o)
                              .obj/quickjs-libc.o (signal)
../apps/import/libs/libc.a(lib_fileno.o)
                              .obj/quickjs-libc.o (fileno)
../apps/import/libs/libc.a(lib_printf.o)
                              .obj/qjs.o (printf)
../apps/import/libs/libc.a(lib_sprintf.o)
                              .obj/quickjs.o (sprintf)
../apps/import/libs/libc.a(lib_snprintf.o)
                              .obj/quickjs.o (snprintf)
../apps/import/libs/libc.a(lib_vsnprintf.o)
[...]
Memory Configuration

Name             Origin             Length             Attributes
*default*        0x0000000000000000 0xffffffffffffffff

Linker script and memory map

                0x00000000c0000000                . = 0xc0000000

.text           0x00000000c0000000    0x57ac8
                0x00000000c0000000                _stext = .
 *(.text)
 .text          0x00000000c0000000        0x0 ../apps/import/startup/crt0.o
 .text          0x00000000c0000000        0x0 .obj/qjs.o
 .text          0x00000000c0000000        0x0 .obj/repl.o
 .text          0x00000000c0000000        0x0 .obj/quickjs.o
 .text          0x00000000c0000000        0x0 .obj/libregexp.o
 .text          0x00000000c0000000        0x0 .obj/libunicode.o
 .text          0x00000000c0000000        0x0 .obj/cutils.o
 .text          0x00000000c0000000        0x0 .obj/quickjs-libc.o
 .text          0x00000000c0000000        0x0 .obj/libbf.o
 .text          0x00000000c0000000        0x0 .obj/arch_atomic.o
 .text          0x00000000c0000000        0x0 .obj/stub.o
 .text          0x00000000c0000000        0x0 ../apps/import/libs/libmm.a(umm_free.o)
 .text          0x00000000c0000000        0x0 ../apps/import/libs/libmm.a(umm_malloc.o)
 .text          0x00000000c0000000        0x0 ../apps/import/libs/libmm.a(umm_memalign.o)
 .text          0x00000000c0000000        0x0 ../apps/import/libs/libmm.a(umm_realloc.o)
 .text          0x00000000c0000000        0x0 ../apps/import/libs/libmm.a(umm_sbrk.o)
 .text          0x00000000c0000000        0x0 ../apps/import/libs/libmm.a(mm_brkaddr.o)
 .text          0x00000000c0000000        0x0 ../apps/import/libs/libmm.a(mm_extend.o)
 .text          0x00000000c0000000        0x0 ../apps/import/libs/libmm.a(mm_free.o)
 .text          0x00000000c0000000        0x0 ../apps/import/libs/libmm.a(mm_memalign.o)
 .text          0x00000000c0000000        0x0 ../apps/import/libs/libmm.a(mm_realloc.o)
 .text          0x00000000c0000000        0x0 ../apps/import/libs/libmm.a(mm_heapmember.o)
 .text          0x00000000c0000000        0x0 ../apps/import/libs/libmm.a(umm_initialize.o)
 .text          0x00000000c0000000        0x0 ../apps/import/libs/libmm.a(mm_initialize.o)
 .text          0x00000000c0000000        0x0 ../apps/import/libs/libmm.a(mm_lock.o)
 .text          0x00000000c0000000        0x0 ../apps/import/libs/libmm.a(mm_addfreechunk.o)
 .text          0x00000000c0000000        0x0 ../apps/import/libs/libmm.a(mm_size2ndx.o)
 .text          0x00000000c0000000        0x0 ../apps/import/libs/libmm.a(mm_shrinkchunk.o)
 .text          0x00000000c0000000        0x0 ../apps/import/libs/libmm.a(mm_malloc.o)
 .text          0x00000000c0000000        0x0 ../apps/import/libs/libc.a(lib_assert.o)
 .text          0x00000000c0000000        0x0 ../apps/import/libs/libc.a(lib_opendir.o)
 .text          0x00000000c0000000        0x0 ../apps/import/libs/libc.a(lib_closedir.o)
 .text          0x00000000c0000000        0x0 ../apps/import/libs/libc.a(lib_readdir.o)
 .text          0x00000000c0000000        0x0 ../apps/import/libs/libc.a(lib_errno.o)
 .text          0x00000000c0000000        0x0 ../apps/import/libs/libc.a(lib_mutex.o)
 .text          0x00000000c0000000        0x0 ../apps/import/libs/libc.a(pthread_attr_init.o)
 .text          0x00000000c0000000        0x0 ../apps/import/libs/libc.a(pthread_attr_destroy.o)
 .text          0x00000000c0000000        0x0 ../apps/import/libs/libc.a(pthread_attr_setdetachstate.o)
 .text          0x00000000c0000000        0x0 ../apps/import/libs/libc.a(pthread_create.o)
 .text          0x00000000c0000000        0x0 ../apps/import/libs/libc.a(pthread_exit.o)
 .text          0x00000000c0000000        0x0 ../apps/import/libs/libc.a(pthread_mutex_lock.o)
 .text          0x00000000c0000000        0x0 ../apps/import/libs/libc.a(clock_ticks2time.o)
 .text          0x00000000c0000000        0x0 ../apps/import/libs/libc.a(clock_timespec_add.o)
 .text          0x00000000c0000000        0x0 ../apps/import/libs/libc.a(task_setcancelstate.o)
 .text          0x00000000c0000000        0x0 ../apps/import/libs/libc.a(sem_init.o)
 .text          0x00000000c0000000        0x0 ../apps/import/libs/libc.a(sem_setprotocol.o)
 .text          0x00000000c0000000        0x0 ../apps/import/libs/libc.a(sem_getvalue.o)
 .text          0x00000000c0000000        0x0 ../apps/import/libs/libc.a(sig_signal.o)
 .text          0x00000000c0000000        0x0 ../apps/import/libs/libc.a(lib_fileno.o)
 .text          0x00000000c0000000        0x0 ../apps/import/libs/libc.a(lib_printf.o)
 .text          0x00000000c0000000        0x0 ../apps/import/libs/libc.a(lib_sprintf.o)
 .text          0x00000000c0000000        0x0 ../apps/import/libs/libc.a(lib_snprintf.o)
 .text          0x00000000c0000000        0x0 ../apps/import/libs/libc.a(lib_vsnprintf.o)
 .text          0x00000000c0000000        0x0 ../apps/import/libs/libc.a(lib_perror.o)
 .text          0x00000000c0000000        0x0 ../apps/import/libs/libc.a(lib_putchar.o)
 .text          0x00000000c0000000        0x0 ../apps/import/libs/libc.a(lib_puts.o)
 .text          0x00000000c0000000        0x0 ../apps/import/libs/libc.a(lib_libvsprintf.o)
 .text          0x00000000c0000000        0x0 ../apps/import/libs/libc.a(lib_remove.o)
 .text          0x00000000c0000000        0x0 ../apps/import/libs/libc.a(lib_ultoa_invert.o)
 .text          0x00000000c0000000        0x0 ../apps/import/libs/libc.a(lib_dtoa_engine.o)
 .text          0x00000000c0000000        0x0 ../apps/import/libs/libc.a(lib_dtoa_data.o)
 .text          0x00000000c0000000        0x0 ../apps/import/libs/libc.a(lib_fopen.o)
 .text          0x00000000c0000000        0x0 ../apps/import/libs/libc.a(lib_fclose.o)
 .text          0x00000000c0000000        0x0 ../apps/import/libs/libc.a(lib_fread.o)
 .text          0x00000000c0000000        0x0 ../apps/import/libs/libc.a(lib_libfread_unlocked.o)
 .text          0x00000000c0000000        0x0 ../apps/import/libs/libc.a(lib_fseek.o)
 .text          0x00000000c0000000        0x0 ../apps/import/libs/libc.a(lib_fseeko.o)
 .text          0x00000000c0000000        0x0 ../apps/import/libs/libc.a(lib_ftell.o)
 .text          0x00000000c0000000        0x0 ../apps/import/libs/libc.a(lib_ftello.o)
 .text          0x00000000c0000000        0x0 ../apps/import/libs/libc.a(lib_fgetc.o)
 .text          0x00000000c0000000        0x0 ../apps/import/libs/libc.a(lib_fwrite.o)
 .text          0x00000000c0000000        0x0 ../apps/import/libs/libc.a(lib_libfwrite.o)
 .text          0x00000000c0000000        0x0 ../apps/import/libs/libc.a(lib_fflush.o)
 .text          0x00000000c0000000        0x0 ../apps/import/libs/libc.a(lib_libflushall.o)
 .text          0x00000000c0000000        0x0 ../apps/import/libs/libc.a(lib_libfflush.o)
 .text          0x00000000c0000000        0x0 ../apps/import/libs/libc.a(lib_rdflush_unlocked.o)
 .text          0x00000000c0000000        0x0 ../apps/import/libs/libc.a(lib_wrflush_unlocked.o)
 .text          0x00000000c0000000        0x0 ../apps/import/libs/libc.a(lib_putc.o)
 .text          0x00000000c0000000        0x0 ../apps/import/libs/libc.a(lib_fputc.o)
 .text          0x00000000c0000000        0x0 ../apps/import/libs/libc.a(lib_fputs.o)
 .text          0x00000000c0000000        0x0 ../apps/import/libs/libc.a(lib_fprintf.o)
 .text          0x00000000c0000000        0x0 ../apps/import/libs/libc.a(lib_vfprintf.o)
 .text          0x00000000c0000000        0x0 ../apps/import/libs/libc.a(lib_feof.o)
 .text          0x00000000c0000000        0x0 ../apps/import/libs/libc.a(lib_ferror.o)
 .text          0x00000000c0000000        0x0 ../apps/import/libs/libc.a(lib_clearerr.o)
 .text          0x00000000c0000000        0x0 ../apps/import/libs/libc.a(lib_tmpfile.o)
 .text          0x00000000c0000000        0x0 ../apps/import/libs/libc.a(lib_libfilelock.o)
 .text          0x00000000c0000000        0x0 ../apps/import/libs/libc.a(lib_libgetstreams.o)
 .text          0x00000000c0000000        0x0 ../apps/import/libs/libc.a(lib_abort.o)
 .text          0x00000000c0000000        0x0 ../apps/import/libs/libc.a(lib_atoi.o)
 .text          0x00000000c0000000        0x0 ../apps/import/libs/libc.a(lib_exit.o)
 .text          0x00000000c0000000        0x0 ../apps/import/libs/libc.a(lib_realpath.o)
 .text          0x00000000c0000000        0x0 ../apps/import/libs/libc.a(lib_strtol.o)
 .text          0x00000000c0000000        0x0 ../apps/import/libs/libc.a(lib_strtoul.o)
 .text          0x00000000c0000000        0x0 ../apps/import/libs/libc.a(lib_strtold.o)
 .text          0x00000000c0000000        0x0 ../apps/import/libs/libc.a(lib_checkbase.o)
 .text          0x00000000c0000000        0x0 ../apps/import/libs/libc.a(lib_mkstemp.o)
 .text          0x00000000c0000000        0x0 ../apps/import/libs/libc.a(lib_atexit.o)
 .text          0x00000000c0000000        0x0 ../apps/import/libs/libc.a(lib_memoutstream.o)
 .text          0x00000000c0000000        0x0 ../apps/import/libs/libc.a(lib_nulloutstream.o)
 .text          0x00000000c0000000        0x0 ../apps/import/libs/libc.a(lib_libnoflush.o)
 .text          0x00000000c0000000        0x0 ../apps/import/libs/libc.a(lib_stdoutstream.o)
 .text          0x00000000c0000000        0x0 ../apps/import/libs/libc.a(lib_flsl.o)
 .text          0x00000000c0000000        0x0 ../apps/import/libs/libc.a(lib_isbasedigit.o)
 .text          0x00000000c0000000        0x0 ../apps/import/libs/libc.a(lib_skipspace.o)
 .text          0x00000000c0000000        0x0 ../apps/import/libs/libc.a(lib_strcat.o)
 .text          0x00000000c0000000        0x0 ../apps/import/libs/libc.a(lib_strdup.o)
 .text          0x00000000c0000000        0x0 ../apps/import/libs/libc.a(lib_strerror.o)
 .text          0x00000000c0000000        0x0 ../apps/import/libs/libc.a(lib_strrchr.o)
 .text          0x00000000c0000000        0x0 ../apps/import/libs/libc.a(lib_strspn.o)
 .text          0x00000000c0000000        0x0 ../apps/import/libs/libc.a(lib_memchr.o)
 .text          0x00000000c0000000        0x0 ../apps/import/libs/libc.a(lib_memcmp.o)
 .text          0x00000000c0000000        0x0 ../apps/import/libs/libc.a(lib_memmove.o)
 .text          0x00000000c0000000        0x0 ../apps/import/libs/libc.a(lib_memset.o)
 .text          0x00000000c0000000        0x0 ../apps/import/libs/libc.a(lib_strchr.o)
 .text          0x00000000c0000000        0x0 ../apps/import/libs/libc.a(lib_strcmp.o)
 .text          0x00000000c0000000        0x0 ../apps/import/libs/libc.a(lib_strcpy.o)
 .text          0x00000000c0000000        0x0 ../apps/import/libs/libc.a(lib_strlcpy.o)
 .text          0x00000000c0000000        0x0 ../apps/import/libs/libc.a(lib_strlen.o)
 .text          0x00000000c0000000        0x0 ../apps/import/libs/libc.a(lib_strnlen.o)
 .text          0x00000000c0000000        0x0 ../apps/import/libs/libc.a(lib_memcpy.o)
 .text          0x00000000c0000000        0x0 ../apps/import/libs/libc.a(lib_syslog.o)
 .text          0x00000000c0000000        0x0 ../apps/import/libs/libc.a(lib_setlogmask.o)
 .text          0x00000000c0000000        0x0 ../apps/import/libs/libc.a(lib_isatty.o)
 .text          0x00000000c0000000        0x0 ../apps/import/libs/libc.a(lib_tcgetattr.o)
 .text          0x00000000c0000000        0x0 ../apps/import/libs/libc.a(lib_tcsetattr.o)
 .text          0x00000000c0000000        0x0 ../apps/import/libs/libc.a(lib_gettimeofday.o)
 .text          0x00000000c0000000        0x0 ../apps/import/libs/libc.a(lib_nanosleep.o)
 .text          0x00000000c0000000        0x0 ../apps/import/libs/libc.a(lib_gmtimer.o)
 .text          0x00000000c0000000        0x0 ../apps/import/libs/libc.a(task_getinfo.o)
 .text          0x00000000c0000000        0x0 ../apps/import/libs/libc.a(lib_sysconf.o)
 .text          0x00000000c0000000        0x0 ../apps/import/libs/libc.a(lib_getoptindp.o)
 .text          0x00000000c0000000        0x0 ../apps/import/libs/libc.a(lib_utimes.o)
 .text          0x00000000c0000000        0x0 ../apps/import/libs/libc.a(lib_setuid.o)
 .text          0x00000000c0000000        0x0 ../apps/import/libs/libc.a(lib_setgid.o)
 .text          0x00000000c0000000        0x0 ../apps/import/libs/libc.a(lib_chdir.o)
 .text          0x00000000c0000000        0x0 ../apps/import/libs/libc.a(lib_getcwd.o)
 .text          0x00000000c0000000        0x0 ../apps/import/libs/libc.a(lib_fork.o)
 .text          0x00000000c0000000        0x0 ../apps/import/libs/libc.a(lib_isspace.o)
 .text          0x00000000c0000000        0x0 ../apps/import/libs/libc.a(lib_isxdigit.o)
 .text          0x00000000c0000000        0x0 ../apps/import/libs/libc.a(lib_getfullpath.o)
 .text          0x00000000c0000000        0x0 ../apps/import/libs/libc.a(sig_addset.o)
 .text          0x00000000c0000000        0x0 ../apps/import/libs/libc.a(sig_emptyset.o)
 .text          0x00000000c0000000        0x0 ../apps/import/libs/libc.a(lib_mktemp.o)
 .text          0x00000000c0000000        0x0 ../apps/import/libs/libc.a(lib_strlcat.o)
 .text          0x00000000c0000000        0x0 ../apps/import/libs/libc.a(lib_tcflush.o)
 .text          0x00000000c0000000        0x0 ../apps/import/libs/libc.a(lib_tcdrain.o)
 .text          0x00000000c0000000        0x0 ../apps/import/libs/libc.a(lib_daysbeforemonth.o)
 .text          0x00000000c0000000        0x0 ../apps/import/libs/libc.a(lib_isleapyear.o)
 .text          0x00000000c0000000        0x0 ../apps/import/libs/libc.a(lib_dayofweek.o)
 .text          0x00000000c0000000        0x0 ../apps/import/libs/libc.a(lib_getoptvars.o)
 .text          0x00000000c0000000        0x0 ../apps/import/libs/libproxies.a(PROXY__assert.o)
 .text          0x00000000c0000000        0x0 ../apps/import/libs/libproxies.a(PROXY__exit.o)
 .text          0x00000000c0000000        0x0 ../apps/import/libs/libproxies.a(PROXY_clock.o)
 .text          0x00000000c0000000        0x0 ../apps/import/libs/libproxies.a(PROXY_clock_gettime.o)
 .text          0x00000000c0000000        0x0 ../apps/import/libs/libproxies.a(PROXY_clock_nanosleep.o)
 .text          0x00000000c0000000        0x0 ../apps/import/libs/libproxies.a(PROXY_close.o)
 .text          0x00000000c0000000        0x0 ../apps/import/libs/libproxies.a(PROXY_dup.o)
 .text          0x00000000c0000000        0x0 ../apps/import/libs/libproxies.a(PROXY_dup2.o)
 .text          0x00000000c0000000        0x0 ../apps/import/libs/libproxies.a(PROXY_execve.o)
 .text          0x00000000c0000000        0x0 ../apps/import/libs/libproxies.a(PROXY_fcntl.o)
 .text          0x00000000c0000000        0x0 ../apps/import/libs/libproxies.a(PROXY_get_environ_ptr.o)
 .text          0x00000000c0000000        0x0 ../apps/import/libs/libproxies.a(PROXY_getenv.o)
 .text          0x00000000c0000000        0x0 ../apps/import/libs/libproxies.a(PROXY_getpid.o)
 .text          0x00000000c0000000        0x0 ../apps/import/libs/libproxies.a(PROXY_gettid.o)
 .text          0x00000000c0000000        0x0 ../apps/import/libs/libproxies.a(PROXY_ioctl.o)
 .text          0x00000000c0000000        0x0 ../apps/import/libs/libproxies.a(PROXY_kill.o)
 .text          0x00000000c0000000        0x0 ../apps/import/libs/libproxies.a(PROXY_lseek.o)
 .text          0x00000000c0000000        0x0 ../apps/import/libs/libproxies.a(PROXY_lstat.o)
 .text          0x00000000c0000000        0x0 ../apps/import/libs/libproxies.a(PROXY_mkdir.o)
 .text          0x00000000c0000000        0x0 ../apps/import/libs/libproxies.a(PROXY_nx_pthread_create.o)
 .text          0x00000000c0000000        0x0 ../apps/import/libs/libproxies.a(PROXY_nx_pthread_exit.o)
 .text          0x00000000c0000000        0x0 ../apps/import/libs/libproxies.a(PROXY_nx_vsyslog.o)
 .text          0x00000000c0000000        0x0 ../apps/import/libs/libproxies.a(PROXY_nxsem_clockwait.o)
 .text          0x00000000c0000000        0x0 ../apps/import/libs/libproxies.a(PROXY_nxsem_destroy.o)
 .text          0x00000000c0000000        0x0 ../apps/import/libs/libproxies.a(PROXY_nxsem_post.o)
 .text          0x00000000c0000000        0x0 ../apps/import/libs/libproxies.a(PROXY_nxsem_trywait.o)
 .text          0x00000000c0000000        0x0 ../apps/import/libs/libproxies.a(PROXY_nxsem_wait.o)
 .text          0x00000000c0000000        0x0 ../apps/import/libs/libproxies.a(PROXY_open.o)
 .text          0x00000000c0000000        0x0 ../apps/import/libs/libproxies.a(PROXY_pgalloc.o)
 .text          0x00000000c0000000        0x0 ../apps/import/libs/libproxies.a(PROXY_pthread_mutex_destroy.o)
 .text          0x00000000c0000000        0x0 ../apps/import/libs/libproxies.a(PROXY_pthread_mutex_init.o)
 .text          0x00000000c0000000        0x0 ../apps/import/libs/libproxies.a(PROXY_pthread_mutex_timedlock.o)
 .text          0x00000000c0000000        0x0 ../apps/import/libs/libproxies.a(PROXY_pthread_mutex_unlock.o)
 .text          0x00000000c0000000        0x0 ../apps/import/libs/libproxies.a(PROXY_read.o)
 .text          0x00000000c0000000        0x0 ../apps/import/libs/libproxies.a(PROXY_rename.o)
 .text          0x00000000c0000000        0x0 ../apps/import/libs/libproxies.a(PROXY_rmdir.o)
 .text          0x00000000c0000000        0x0 ../apps/import/libs/libproxies.a(PROXY_sched_lock.o)
 .text          0x00000000c0000000        0x0 ../apps/import/libs/libproxies.a(PROXY_sched_unlock.o)
 .text          0x00000000c0000000        0x0 ../apps/import/libs/libproxies.a(PROXY_select.o)
 .text          0x00000000c0000000        0x0 ../apps/import/libs/libproxies.a(PROXY_setenv.o)
 .text          0x00000000c0000000        0x0 ../apps/import/libs/libproxies.a(PROXY_sigaction.o)
 .text          0x00000000c0000000        0x0 ../apps/import/libs/libproxies.a(PROXY_stat.o)
 .text          0x00000000c0000000        0x0 ../apps/import/libs/libproxies.a(PROXY_unlink.o)
 .text          0x00000000c0000000        0x0 ../apps/import/libs/libproxies.a(PROXY_unsetenv.o)
 .text          0x00000000c0000000        0x0 ../apps/import/libs/libproxies.a(PROXY_up_fork.o)
 .text          0x00000000c0000000        0x0 ../apps/import/libs/libproxies.a(PROXY_utimens.o)
 .text          0x00000000c0000000        0x0 ../apps/import/libs/libproxies.a(PROXY_waitpid.o)
 .text          0x00000000c0000000        0x0 ../apps/import/libs/libproxies.a(PROXY_write.o)
 .text          0x00000000c0000000       0x30 ../apps/import/libs/libgcc.a(_clzsi2.o)
                0x00000000c0000000                __clzdi2
 .text          0x00000000c0000030       0x30 ../apps/import/libs/libgcc.a(_ctzsi2.o)
                0x00000000c0000030                __ctzdi2
 .text          0x00000000c0000060      0x39a ../apps/import/libs/libgcc.a(_divdi3.o)
                0x00000000c0000060                __divti3
 .text          0x00000000c00003fa      0x382 ../apps/import/libs/libgcc.a(_moddi3.o)
                0x00000000c00003fa                __modti3
 .text          0x00000000c000077c      0x34c ../apps/import/libs/libgcc.a(_udivdi3.o)
                0x00000000c000077c                __udivti3
 .text          0x00000000c0000ac8      0x348 ../apps/import/libs/libgcc.a(_umoddi3.o)
                0x00000000c0000ac8                __umodti3
 .text          0x00000000c0000e10      0x830 ../apps/import/libs/libgcc.a(addtf3.o)
                0x00000000c0000e10                __addtf3
 .text          0x00000000c0001640      0x6b0 ../apps/import/libs/libgcc.a(divtf3.o)
                0x00000000c0001640                __divtf3
 .text          0x00000000c0001cf0       0x94 ../apps/import/libs/libgcc.a(eqtf2.o)
                0x00000000c0001cf0                __eqtf2
                0x00000000c0001cf0                __netf2
 .text          0x00000000c0001d84       0xa6 ../apps/import/libs/libgcc.a(getf2.o)
                0x00000000c0001d84                __getf2
                0x00000000c0001d84                __gttf2
 .text          0x00000000c0001e2a      0x606 ../apps/import/libs/libgcc.a(multf3.o)
                0x00000000c0001e2a                __multf3
 .text          0x00000000c0002430      0x82c ../apps/import/libs/libgcc.a(subtf3.o)
                0x00000000c0002430                __subtf3
 .text          0x00000000c0002c5c       0x58 ../apps/import/libs/libgcc.a(floatsitf.o)
                0x00000000c0002c5c                __floatsitf
 .text          0x00000000c0002cb4       0x3a ../apps/import/libs/libgcc.a(floatunsitf.o)
                0x00000000c0002cb4                __floatunsitf
 .text          0x00000000c0002cee       0x84 ../apps/import/libs/libgcc.a(floatditf.o)
                0x00000000c0002cee                __floatditf
 .text          0x00000000c0002d72       0xc2 ../apps/import/libs/libgcc.a(extenddftf2.o)
                0x00000000c0002d72                __extenddftf2
 .text          0x00000000c0002e34      0x1da ../apps/import/libs/libgcc.a(trunctfsf2.o)
                0x00000000c0002e34                __trunctfsf2
 .text          0x00000000c000300e      0x22c ../apps/import/libs/libgcc.a(trunctfdf2.o)
                0x00000000c000300e                __trunctfdf2
 .text          0x00000000c000323a        0x0 ../apps/import/libs/libgcc.a(_clz.o)
 .text          0x00000000c000323a        0x0 ../apps/import/libs/libm.a(lib_acos.o)
 .text          0x00000000c000323a        0x0 ../apps/import/libs/libm.a(lib_asin.o)
 .text          0x00000000c000323a        0x0 ../apps/import/libs/libm.a(lib_atan.o)
 .text          0x00000000c000323a        0x0 ../apps/import/libs/libm.a(lib_atan2.o)
 .text          0x00000000c000323a        0x0 ../apps/import/libs/libm.a(lib_cos.o)
 .text          0x00000000c000323a        0x0 ../apps/import/libs/libm.a(lib_cosh.o)
 .text          0x00000000c000323a        0x0 ../apps/import/libs/libm.a(lib_exp.o)
 .text          0x00000000c000323a        0x0 ../apps/import/libs/libm.a(lib_fabs.o)
 .text          0x00000000c000323a        0x0 ../apps/import/libs/libm.a(lib_fmod.o)
 .text          0x00000000c000323a        0x0 ../apps/import/libs/libm.a(lib_log.o)
 .text          0x00000000c000323a        0x0 ../apps/import/libs/libm.a(lib_log10.o)
 .text          0x00000000c000323a        0x0 ../apps/import/libs/libm.a(lib_log2.o)
 .text          0x00000000c000323a        0x0 ../apps/import/libs/libm.a(lib_modf.o)
 .text          0x00000000c000323a        0x0 ../apps/import/libs/libm.a(lib_pow.o)
 .text          0x00000000c000323a        0x0 ../apps/import/libs/libm.a(lib_sin.o)
 .text          0x00000000c000323a        0x0 ../apps/import/libs/libm.a(lib_sinh.o)
 .text          0x00000000c000323a        0x0 ../apps/import/libs/libm.a(lib_sqrt.o)
 .text          0x00000000c000323a        0x0 ../apps/import/libs/libm.a(lib_tan.o)
 .text          0x00000000c000323a        0x0 ../apps/import/libs/libm.a(lib_tanh.o)
 .text          0x00000000c000323a        0x0 ../apps/import/libs/libm.a(lib_asinh.o)
 .text          0x00000000c000323a        0x0 ../apps/import/libs/libm.a(lib_acosh.o)
 .text          0x00000000c000323a        0x0 ../apps/import/libs/libm.a(lib_atanh.o)
 .text          0x00000000c000323a        0x0 ../apps/import/libs/libm.a(lib_cbrt.o)
 .text          0x00000000c000323a        0x0 ../apps/import/libs/libm.a(lib_libexpi.o)
 .text          0x00000000c000323a        0x0 ../apps/import/libs/libm.a(lib_libsqrtapprox.o)
 .text          0x00000000c000323a        0x0 ../apps/import/libs/libm.a(lib_expm1.o)
 .text          0x00000000c000323a        0x0 ../apps/import/libs/libm.a(lib_fmax.o)
 .text          0x00000000c000323a        0x0 ../apps/import/libs/libm.a(lib_fmin.o)
 .text          0x00000000c000323a        0x0 ../apps/import/libs/libm.a(lib_ceil.o)
 .text          0x00000000c000323a        0x0 ../apps/import/libs/libm.a(lib_floor.o)
 .text          0x00000000c000323a        0x0 ../apps/import/libs/libm.a(lib_round.o)
 .text          0x00000000c000323a        0x0 ../apps/import/libs/libm.a(lib_trunc.o)
 .text          0x00000000c000323a       0xa6 /Users/Luppy/riscv64-unknown-elf-toolchain-10.2.0-2020.12.8-x86_64-apple-darwin/lib/gcc/riscv64-unknown-elf/10.2.0/rv64imafdc/lp64d/libgcc.a(letf2.o)
                0x00000000c000323a                __letf2
                0x00000000c000323a                __lttf2
 .text          0x00000000c00032e0       0xa4 /Users/Luppy/riscv64-unknown-elf-toolchain-10.2.0-2020.12.8-x86_64-apple-darwin/lib/gcc/riscv64-unknown-elf/10.2.0/rv64imafdc/lp64d/libgcc.a(extendsftf2.o)
                0x00000000c00032e0                __extendsftf2
 .text          0x00000000c0003384        0x0 ../apps/import/libs/libmm.a(umm_zalloc.o)
 *(.text.*)
 .text.sig_trampoline
                0x00000000c0003384       0x1a ../apps/import/startup/crt0.o
 .text._start   0x00000000c000339e       0x1c ../apps/import/startup/crt0.o
                0x00000000c000339e                _start
 .text.js_trace_malloc_usable_size
                0x00000000c00033ba        0x4 .obj/qjs.o
 .text.js_trace_malloc_printf
                0x00000000c00033be       0xe4 .obj/qjs.o
 .text.js_trace_malloc
                0x00000000c00034a2       0x60 .obj/qjs.o
 .text.js_trace_realloc
                0x00000000c0003502       0x88 .obj/qjs.o
 .text.JS_NewCustomContext
                0x00000000c000358a       0x50 .obj/qjs.o
 .text.eval_buf
                0x00000000c00035da       0x9e .obj/qjs.o
 .text.eval_file
                0x00000000c0003678       0x76 .obj/qjs.o
 .text.js_trace_free
                0x00000000c00036ee       0x38 .obj/qjs.o
 .text.help     0x00000000c0003726       0x16 .obj/qjs.o
                0x00000000c0003726                help
 .text.startup.main
                0x00000000c000373c      0x63e .obj/qjs.o
                0x00000000c000373c                main
 .text.bswap32  0x00000000c0003d7a       0x28 .obj/quickjs.o
 .text.bswap64  0x00000000c0003da2       0x56 .obj/quickjs.o
 .text.list_del
                0x00000000c0003df8       0x12 .obj/quickjs.o
 .text.js_malloc_usable_size_unknown
                0x00000000c0003e0a        0x4 .obj/quickjs.o
 .text.js_realloc_rt
                0x00000000c0003e0e        0x8 .obj/quickjs.o
                0x00000000c0003e0e                js_realloc_rt
 .text.js_bf_realloc
                0x00000000c0003e16        0x2 .obj/quickjs.o
 .text.invalid_from_string
                0x00000000c0003e18       0x20 .obj/quickjs.o
 .text.is_strict_mode
                0x00000000c0003e38       0x10 .obj/quickjs.o
 .text.is_num_string
                0x00000000c0003e48       0x9e .obj/quickjs.o
 .text.JS_IsEmptyString
                0x00000000c0003ee6       0x1e .obj/quickjs.o
 .text.string_get
                0x00000000c0003f04       0x1a .obj/quickjs.o
 .text.string_getc
                0x00000000c0003f1e       0x80 .obj/quickjs.o
 .text.js_shape_hash_link
                0x00000000c0003f9e       0x38 .obj/quickjs.o
 .text.js_shape_hash_unlink
                0x00000000c0003fd6       0x3a .obj/quickjs.o
 .text.js_c_function_mark
                0x00000000c0004010       0x12 .obj/quickjs.o
 .text.gc_scan_incref_child2
                0x00000000c0004022        0x8 .obj/quickjs.o
 .text.JS_GetPrototypePrimitive
                0x00000000c000402a       0x6a .obj/quickjs.o
 .text.to_digit
                0x00000000c0004094       0x36 .obj/quickjs.o
 .text.js_generator_mark
                0x00000000c00040ca       0x16 .obj/quickjs.o
 .text.js_async_function_resolve_mark
                0x00000000c00040e0       0x12 .obj/quickjs.o
 .text.token_is_pseudo_keyword
                0x00000000c00040f2       0x20 .obj/quickjs.o
 .text.update_token_ident
                0x00000000c0004112       0x9a .obj/quickjs.o
 .text.get_prev_opcode
                0x00000000c00041ac       0x18 .obj/quickjs.o
 .text.js_is_live_code
                0x00000000c00041c4       0x58 .obj/quickjs.o
 .text.find_global_var
                0x00000000c000421c       0x28 .obj/quickjs.o
 .text.token_is_ident
                0x00000000c0004244       0x16 .obj/quickjs.o
 .text.exec_module_list_cmp
                0x00000000c000425a       0x14 .obj/quickjs.o
 .text.can_opt_put_ref_value
                0x00000000c000426e       0x3c .obj/quickjs.o
 .text.add_pc2line_info
                0x00000000c00042aa       0x46 .obj/quickjs.o
 .text.code_has_label
                0x00000000c00042f0       0x84 .obj/quickjs.o
 .text.bc_set_flags
                0x00000000c0004374       0x14 .obj/quickjs.o
 .text.js_function_proto
                0x00000000c0004388        0xa .obj/quickjs.o
 .text.js_string_delete_property
                0x00000000c0004392       0x32 .obj/quickjs.o
 .text.string_cmp
                0x00000000c00043c4       0x64 .obj/quickjs.o
 .text.string_indexof_char
                0x00000000c0004428       0x4c .obj/quickjs.o
 .text.string_indexof
                0x00000000c0004474       0x90 .obj/quickjs.o
 .text.js_math_sign
                0x00000000c0004504       0x2a .obj/quickjs.o
 .text.js_math_round
                0x00000000c000452e       0x64 .obj/quickjs.o
 .text.js_math_fround
                0x00000000c0004592        0xa .obj/quickjs.o
 .text.js_math_random
                0x00000000c000459c       0x4c .obj/quickjs.o
 .text.string_get_hex
                0x00000000c00045e8       0x76 .obj/quickjs.o
 .text.days_in_year
                0x00000000c000465e       0x2e .obj/quickjs.o
 .text.string_skip_spaces
                0x00000000c000468c       0x50 .obj/quickjs.o
 .text.string_get_digits
                0x00000000c00046dc       0x84 .obj/quickjs.o
 .text.string_get_signed_digits
                0x00000000c0004760       0x70 .obj/quickjs.o
 .text.js_array_buffer_isView
                0x00000000c00047d0       0x2c .obj/quickjs.o
 .text.js_TA_cmp_int8
                0x00000000c00047fc        0xc .obj/quickjs.o
 .text.js_TA_cmp_uint8
                0x00000000c0004808        0xc .obj/quickjs.o
 .text.js_TA_cmp_int16
                0x00000000c0004814        0xc .obj/quickjs.o
 .text.js_TA_cmp_uint16
                0x00000000c0004820        0xc .obj/quickjs.o
 .text.js_TA_cmp_int32
                0x00000000c000482c       0x10 .obj/quickjs.o
 .text.js_TA_cmp_uint32
                0x00000000c000483c       0x10 .obj/quickjs.o
 .text.js_TA_cmp_int64
                0x00000000c000484c       0x10 .obj/quickjs.o
 .text.js_TA_cmp_uint64
                0x00000000c000485c       0x10 .obj/quickjs.o
 .text.js_TA_get_int8
                0x00000000c000486c       0x12 .obj/quickjs.o
 .text.js_TA_get_uint8
                0x00000000c000487e       0x12 .obj/quickjs.o
 .text.js_TA_get_int16
                0x00000000c0004890       0x12 .obj/quickjs.o
 .text.js_TA_get_uint16
                0x00000000c00048a2       0x12 .obj/quickjs.o
 .text.js_TA_get_int32
                0x00000000c00048b4       0x10 .obj/quickjs.o
 .text.js_TA_get_uint32
                0x00000000c00048c4       0x2e .obj/quickjs.o
 .text.js_TA_get_float32
                0x00000000c00048f2       0x14 .obj/quickjs.o
 .text.js_TA_get_float64
                0x00000000c0004906        0xa .obj/quickjs.o
 .text.JS_NewClass1
                0x00000000c0004910      0x14e .obj/quickjs.o
 .text.init_class_range
                0x00000000c0004a5e       0x50 .obj/quickjs.o
 .text.js_module_ns_has
                0x00000000c0004aae       0x48 .obj/quickjs.o
 .text.get_leb128
                0x00000000c0004af6       0x44 .obj/quickjs.o
 .text.get_sleb128
                0x00000000c0004b3a       0x34 .obj/quickjs.o
 .text.JS_AtomIsArrayIndex
                0x00000000c0004b6e       0x72 .obj/quickjs.o
 .text.num_keys_cmp
                0x00000000c0004be0       0x5a .obj/quickjs.o
 .text.JS_AtomGetKind
                0x00000000c0004c3a       0x4e .obj/quickjs.o
 .text.js_pow   0x00000000c0004c88       0x42 .obj/quickjs.o
 .text.skip_shebang
                0x00000000c0004cca       0x9c .obj/quickjs.o
 .text.skip_spaces
                0x00000000c0004d66       0x5c .obj/quickjs.o
 .text.dbuf_put_leb128
                0x00000000c0004dc2       0x34 .obj/quickjs.o
 .text.emit_u8  0x00000000c0004df6        0xa .obj/quickjs.o
 .text.js_dbuf_init
                0x00000000c0004e00       0x12 .obj/quickjs.o
 .text.code_match
                0x00000000c0004e12      0x236 .obj/quickjs.o
 .text.js_def_malloc
                0x00000000c0005048       0x48 .obj/quickjs.o
 .text.dbuf_put_u16
                0x00000000c0005090       0x18 .obj/quickjs.o
 .text.emit_u16
                0x00000000c00050a8        0x8 .obj/quickjs.o
 .text.get_loc_or_ref
                0x00000000c00050b0       0x2e .obj/quickjs.o
 .text.put_short_code
                0x00000000c00050de       0xe8 .obj/quickjs.o
 .text.dbuf_put_u32
                0x00000000c00051c6       0x14 .obj/quickjs.o
 .text.emit_op  0x00000000c00051da       0x54 .obj/quickjs.o
 .text.set_object_name_computed
                0x00000000c000522e       0xa8 .obj/quickjs.o
 .text.pop_scope
                0x00000000c00052d6       0x58 .obj/quickjs.o
 .text.close_scopes
                0x00000000c000532e       0x42 .obj/quickjs.o
 .text.emit_u32
                0x00000000c0005370        0x8 .obj/quickjs.o
 .text.emit_label
                0x00000000c0005378       0x4a .obj/quickjs.o
 .text.push_short_int
                0x00000000c00053c2       0x8e .obj/quickjs.o
 .text.getTimezoneOffset
                0x00000000c0005450       0x46 .obj/quickjs.o
 .text.date_now
                0x00000000c0005496       0x26 .obj/quickjs.o
 .text.js_Date_now
                0x00000000c00054bc       0x34 .obj/quickjs.o
 .text.js_class_has_bytecode
                0x00000000c00054f0       0x24 .obj/quickjs.o
 .text.JS_GetFunctionBytecode
                0x00000000c0005514       0x30 .obj/quickjs.o
 .text.js_function_proto_lineNumber
                0x00000000c0005544       0x38 .obj/quickjs.o
 .text.gc_scan_incref_child
                0x00000000c000557c       0x4e .obj/quickjs.o
 .text.compute_jsstring_size
                0x00000000c00055ca       0x4a .obj/quickjs.o
 .text.compute_value_size
                0x00000000c0005614       0x14 .obj/quickjs.o
 .text.check_define_prop_flags
                0x00000000c0005628       0x68 .obj/quickjs.o
 .text.tag_is_number
                0x00000000c0005690       0x18 .obj/quickjs.o
 .text.is_var_in_arg_scope
                0x00000000c00056a8       0x32 .obj/quickjs.o
 .text.string_advance_index
                0x00000000c00056da       0x2e .obj/quickjs.o
 .text.js_string_find_invalid_codepoint.part.0
                0x00000000c0005708       0x66 .obj/quickjs.o
 .text.js_get_atom_index
                0x00000000c000576e       0x5a .obj/quickjs.o
 .text.gc_decref_child
                0x00000000c00057c8       0x68 .obj/quickjs.o
 .text.update_label
                0x00000000c0005830       0x4c .obj/quickjs.o
 .text.find_jump_target
                0x00000000c000587c      0x120 .obj/quickjs.o
 .text.time_clip
                0x00000000c000599c       0x48 .obj/quickjs.o
 .text.js_def_free
                0x00000000c00059e4       0x18 .obj/quickjs.o
 .text.js_def_realloc
                0x00000000c00059fc       0x3e .obj/quickjs.o
 .text.lre_js_is_ident_first
                0x00000000c0005a3a       0x2c .obj/quickjs.o
 .text.lre_js_is_ident_next
                0x00000000c0005a66       0x4c .obj/quickjs.o
 .text.simple_next_token
                0x00000000c0005ab2      0x244 .obj/quickjs.o
 .text.peek_token
                0x00000000c0005cf6       0x14 .obj/quickjs.o
 .text.JS_WriteString
                0x00000000c0005d0a       0xa2 .obj/quickjs.o
 .text.set_eval_ret_undefined
                0x00000000c0005dac       0x36 .obj/quickjs.o
 .text.js_cmp_doubles
                0x00000000c0005de2       0x42 .obj/quickjs.o
 .text.js_TA_cmp_float64
                0x00000000c0005e24        0x6 .obj/quickjs.o
 .text.js_TA_cmp_float32
                0x00000000c0005e2a       0x12 .obj/quickjs.o
 .text.string_get_month
                0x00000000c0005e3c       0xa6 .obj/quickjs.o
 .text.string_get_fixed_width_digits.constprop.0
                0x00000000c0005ee2       0x84 .obj/quickjs.o
 .text.delete_weak_ref.constprop.0
                0x00000000c0005f66       0x34 .obj/quickjs.o
 .text.optimize_scope_make_ref.constprop.0
                0x00000000c0005f9a       0xda .obj/quickjs.o
 .text.find_private_class_field.constprop.0
                0x00000000c0006074       0x30 .obj/quickjs.o
 .text.find_lexical_decl.constprop.0
                0x00000000c00060a4       0x5c .obj/quickjs.o
 .text.JS_CompactBigInt1.constprop.0
                0x00000000c0006100       0x50 .obj/quickjs.o
 .text.js_get_fast_array.constprop.0
                0x00000000c0006150       0x36 .obj/quickjs.o
 .text.copy_str16.constprop.0
                0x00000000c0006186       0x36 .obj/quickjs.o
 .text.js_fcvt1.constprop.0
                0x00000000c00061bc       0x66 .obj/quickjs.o
 .text.js_ecvt1.constprop.0
                0x00000000c0006222       0xb0 .obj/quickjs.o
 .text.JS_AtomGetStrRT.constprop.0
                0x00000000c00062d2      0x136 .obj/quickjs.o
 .text.JS_AtomGetStr.constprop.0
                0x00000000c0006408        0x4 .obj/quickjs.o
 .text.JS_DupValue.constprop.0
                0x00000000c000640c       0x1a .obj/quickjs.o
 .text.js_promise_finally_value_thunk
                0x00000000c0006426        0xe .obj/quickjs.o
 .text.js_iterator_proto_iterator
                0x00000000c0006434        0xa .obj/quickjs.o
 .text.js_get_this
                0x00000000c000643e        0xa .obj/quickjs.o
 .text.bf_delete
                0x00000000c0006448       0x12 .obj/quickjs.o
 .text.JS_ToBigFloat
                0x00000000c000645a       0x70 .obj/quickjs.o
 .text.js_object_has_name.constprop.0.isra.0
                0x00000000c00064ca       0x74 .obj/quickjs.o
 .text.JS_NewModuleValue
                0x00000000c000653e       0x10 .obj/quickjs.o
 .text.js_def_malloc_usable_size
                0x00000000c000654e        0x4 .obj/quickjs.o
 .text.js_bytecode_function_mark
                0x00000000c0006552       0x6e .obj/quickjs.o
 .text.js_typed_array_mark
                0x00000000c00065c0       0x14 .obj/quickjs.o
 .text.find_var
                0x00000000c00065d4       0x48 .obj/quickjs.o
 .text.days_from_year
                0x00000000c000661c       0x82 .obj/quickjs.o
 .text.set_date_fields
                0x00000000c000669e      0x118 .obj/quickjs.o
 .text.js_string_memcmp
                0x00000000c00067b6       0x94 .obj/quickjs.o
 .text.js_string_compare.constprop.0
                0x00000000c000684a       0x58 .obj/quickjs.o
 .text.js_malloc_rt
                0x00000000c00068a2        0x8 .obj/quickjs.o
                0x00000000c00068a2                js_malloc_rt
 .text.js_alloc_string_rt
                0x00000000c00068aa       0x3c .obj/quickjs.o
 .text.js_free_rt
                0x00000000c00068e6        0x8 .obj/quickjs.o
                0x00000000c00068e6                js_free_rt
 .text.JS_FreeAtomStruct
                0x00000000c00068ee       0xb4 .obj/quickjs.o
 .text.__JS_FreeAtom
                0x00000000c00069a2       0x1e .obj/quickjs.o
 .text.js_free_string
                0x00000000c00069c0       0x1e .obj/quickjs.o
 .text.map_decref_record
                0x00000000c00069de       0x42 .obj/quickjs.o
 .text.js_array_buffer_finalizer
                0x00000000c0006a20       0x7c .obj/quickjs.o
 .text.js_array_buffer_free
                0x00000000c0006a9c        0x4 .obj/quickjs.o
 .text.js_malloc_usable_size_rt
                0x00000000c0006aa0        0x6 .obj/quickjs.o
                0x00000000c0006aa0                js_malloc_usable_size_rt
 .text.js_mallocz_rt
                0x00000000c0006aa6       0x1e .obj/quickjs.o
                0x00000000c0006aa6                js_mallocz_rt
 .text.JS_ResizeAtomHash
                0x00000000c0006ac4       0xb6 .obj/quickjs.o
 .text.js_free  0x00000000c0006b7a        0x4 .obj/quickjs.o
                0x00000000c0006b7a                js_free
 .text.string_buffer_set_error
                0x00000000c0006b7e       0x26 .obj/quickjs.o
 .text.string_buffer_free
                0x00000000c0006ba4       0x1c .obj/quickjs.o
 .text.js_malloc_usable_size
                0x00000000c0006bc0        0x4 .obj/quickjs.o
                0x00000000c0006bc0                js_malloc_usable_size
 .text.JS_GetRuntimeOpaque
                0x00000000c0006bc4        0x6 .obj/quickjs.o
                0x00000000c0006bc4                JS_GetRuntimeOpaque
 .text.JS_SetRuntimeOpaque
                0x00000000c0006bca        0x6 .obj/quickjs.o
                0x00000000c0006bca                JS_SetRuntimeOpaque
 .text.JS_SetMemoryLimit
                0x00000000c0006bd0        0x4 .obj/quickjs.o
                0x00000000c0006bd0                JS_SetMemoryLimit
 .text.JS_SetGCThreshold
                0x00000000c0006bd4        0x4 .obj/quickjs.o
                0x00000000c0006bd4                JS_SetGCThreshold
 .text.JS_SetInterruptHandler
                0x00000000c0006bd8        0xa .obj/quickjs.o
                0x00000000c0006bd8                JS_SetInterruptHandler
 .text.JS_SetCanBlock
                0x00000000c0006be2        0x6 .obj/quickjs.o
                0x00000000c0006be2                JS_SetCanBlock
 .text.JS_SetSharedArrayBufferFunctions
                0x00000000c0006be8       0x16 .obj/quickjs.o
                0x00000000c0006be8                JS_SetSharedArrayBufferFunctions
 .text.JS_IsJobPending
                0x00000000c0006bfe       0x10 .obj/quickjs.o
                0x00000000c0006bfe                JS_IsJobPending
 .text.JS_SetRuntimeInfo
                0x00000000c0006c0e        0x6 .obj/quickjs.o
                0x00000000c0006c0e                JS_SetRuntimeInfo
 .text.JS_GetContextOpaque
                0x00000000c0006c14        0x6 .obj/quickjs.o
                0x00000000c0006c14                JS_GetContextOpaque
 .text.JS_SetContextOpaque
                0x00000000c0006c1a        0x6 .obj/quickjs.o
                0x00000000c0006c1a                JS_SetContextOpaque
 .text.JS_GetClassProto
                0x00000000c0006c20       0x34 .obj/quickjs.o
                0x00000000c0006c20                JS_GetClassProto
 .text.JS_DupContext
                0x00000000c0006c54        0x8 .obj/quickjs.o
                0x00000000c0006c54                JS_DupContext
 .text.JS_GetRuntime
                0x00000000c0006c5c        0x4 .obj/quickjs.o
                0x00000000c0006c5c                JS_GetRuntime
 .text.JS_SetMaxStackSize
                0x00000000c0006c60        0xe .obj/quickjs.o
                0x00000000c0006c60                JS_SetMaxStackSize
 .text.JS_UpdateStackTop
                0x00000000c0006c6e       0x10 .obj/quickjs.o
                0x00000000c0006c6e                JS_UpdateStackTop
 .text.hash_string8
                0x00000000c0006c7e       0x22 .obj/quickjs.o
                0x00000000c0006c7e                hash_string8
 .text.hash_string
                0x00000000c0006ca0       0x34 .obj/quickjs.o
 .text.__JS_NewAtom
                0x00000000c0006cd4      0x2dc .obj/quickjs.o
 .text.__JS_NewAtomInit
                0x00000000c0006fb0       0x5a .obj/quickjs.o
 .text.JS_NewAtomStr
                0x00000000c000700a       0x42 .obj/quickjs.o
 .text.map_hash_key.constprop.0
                0x00000000c000704c       0x96 .obj/quickjs.o
 .text.__JS_FindAtom.constprop.0
                0x00000000c00070e2      0x188 .obj/quickjs.o
 .text.JS_DupAtom
                0x00000000c000726a       0x24 .obj/quickjs.o
                0x00000000c000726a                JS_DupAtom
 .text.emit_atom
                0x00000000c000728e       0x1e .obj/quickjs.o
 .text.JS_FreeAtom
                0x00000000c00072ac       0x10 .obj/quickjs.o
                0x00000000c00072ac                JS_FreeAtom
 .text.js_free_prop_enum
                0x00000000c00072bc       0x42 .obj/quickjs.o
 .text.put_lvalue
                0x00000000c00072fe      0x1d8 .obj/quickjs.o
 .text.set_object_name
                0x00000000c00074d6      0x10c .obj/quickjs.o
 .text.skip_dead_code
                0x00000000c00075e2      0x190 .obj/quickjs.o
 .text.JS_FreeAtomRT
                0x00000000c0007772        0xe .obj/quickjs.o
                0x00000000c0007772                JS_FreeAtomRT
 .text.free_bytecode_atoms
                0x00000000c0007780       0xa2 .obj/quickjs.o
 .text.JS_NewClassID
                0x00000000c0007822       0x1a .obj/quickjs.o
                0x00000000c0007822                JS_NewClassID
 .text.JS_IsRegisteredClass
                0x00000000c000783c       0x22 .obj/quickjs.o
                0x00000000c000783c                JS_IsRegisteredClass
 .text.JS_NewClass
                0x00000000c000785e       0x70 .obj/quickjs.o
                0x00000000c000785e                JS_NewClass
 .text.__JS_FreeValue
                0x00000000c00078ce        0xa .obj/quickjs.o
                0x00000000c00078ce                __JS_FreeValue
 .text.JS_FreeValue
                0x00000000c00078d8       0x24 .obj/quickjs.o
 .text.js_strict_eq2
                0x00000000c00078fc      0x166 .obj/quickjs.o
 .text.js_same_value
                0x00000000c0007a62       0x34 .obj/quickjs.o
 .text.js_object_is
                0x00000000c0007a96       0x24 .obj/quickjs.o
 .text.map_find_record
                0x00000000c0007aba       0x8e .obj/quickjs.o
 .text.js_strict_eq_slow
                0x00000000c0007b48       0x4c .obj/quickjs.o
 .text.free_arg_list
                0x00000000c0007b94       0x3e .obj/quickjs.o
 .text.js_free_desc
                0x00000000c0007bd2       0x30 .obj/quickjs.o
 .text.JS_ToBoolFree
                0x00000000c0007c02       0xa0 .obj/quickjs.o
 .text.js_method_set_home_object
                0x00000000c0007ca2       0x66 .obj/quickjs.o
 .text.JS_FreeBigInt
                0x00000000c0007d08       0x18 .obj/quickjs.o
 .text.set_value
                0x00000000c0007d20       0x14 .obj/quickjs.o
 .text.JS_SetClassProto
                0x00000000c0007d34       0x36 .obj/quickjs.o
                0x00000000c0007d34                JS_SetClassProto
 .text.JS_ExecutePendingJob
                0x00000000c0007d6a       0x8a .obj/quickjs.o
                0x00000000c0007d6a                JS_ExecutePendingJob
 .text.JS_FreeContext
                0x00000000c0007df4      0x150 .obj/quickjs.o
                0x00000000c0007df4                JS_FreeContext
 .text.js_c_function_finalizer
                0x00000000c0007f44       0x14 .obj/quickjs.o
 .text.free_property
                0x00000000c0007f58       0x7c .obj/quickjs.o
 .text.free_gc_object
                0x00000000c0007fd4      0x22e .obj/quickjs.o
 .text.free_zero_refcount
                0x00000000c0008202       0x4e .obj/quickjs.o
 .text.async_func_free
                0x00000000c0008250       0x60 .obj/quickjs.o
 .text.close_var_refs
                0x00000000c00082b0       0x82 .obj/quickjs.o
 .text.free_generator_stack_rt
                0x00000000c0008332       0x2a .obj/quickjs.o
 .text.js_async_generator_complete
                0x00000000c000835c       0x28 .obj/quickjs.o
 .text.js_async_function_resolve_finalizer
                0x00000000c0008384       0x14 .obj/quickjs.o
 .text.__JS_FreeValueRT
                0x00000000c0008398       0xbe .obj/quickjs.o
                0x00000000c0008398                __JS_FreeValueRT
 .text.JS_FreeValueRT
                0x00000000c0008456       0x26 .obj/quickjs.o
 .text.promise_reaction_data_free
                0x00000000c000847c       0x38 .obj/quickjs.o
 .text.js_free_shape
                0x00000000c00084b4       0x98 .obj/quickjs.o
 .text.free_var_ref
                0x00000000c000854c       0x78 .obj/quickjs.o
 .text.js_free_module_def
                0x00000000c00085c4      0x112 .obj/quickjs.o
 .text.js_free_modules
                0x00000000c00086d6       0x44 .obj/quickjs.o
 .text.async_func_free_frame
                0x00000000c000871a       0x7a .obj/quickjs.o
 .text.js_regexp_string_iterator_finalizer
                0x00000000c0008794       0x3e .obj/quickjs.o
 .text.js_array_iterator_finalizer
                0x00000000c00087d2       0x34 .obj/quickjs.o
 .text.js_map_finalizer
                0x00000000c0008806       0x96 .obj/quickjs.o
 .text.js_typed_array_finalizer
                0x00000000c000889c       0x40 .obj/quickjs.o
 .text.js_regexp_finalizer
                0x00000000c00088dc       0x30 .obj/quickjs.o
 .text.js_for_in_iterator_finalizer
                0x00000000c000890c       0x56 .obj/quickjs.o
 .text.js_bound_function_finalizer
                0x00000000c0008962       0x54 .obj/quickjs.o
 .text.js_bytecode_function_finalizer
                0x00000000c00089b6       0x82 .obj/quickjs.o
 .text.js_object_data_finalizer
                0x00000000c0008a38       0x24 .obj/quickjs.o
 .text.js_array_finalizer
                0x00000000c0008a5c       0x3a .obj/quickjs.o
 .text.map_delete_record.part.0
                0x00000000c0008a96       0x78 .obj/quickjs.o
 .text.js_async_generator_free
                0x00000000c0008b0e       0x7a .obj/quickjs.o
 .text.js_promise_resolve_function_finalizer
                0x00000000c0008b88       0x46 .obj/quickjs.o
 .text.js_map_iterator_finalizer
                0x00000000c0008bce       0x50 .obj/quickjs.o
 .text.JS_FreeCString
                0x00000000c0008c1e       0x12 .obj/quickjs.o
                0x00000000c0008c1e                JS_FreeCString
 .text.value_buffer_free
                0x00000000c0008c30       0x48 .obj/quickjs.o
 .text.free_token
                0x00000000c0008c78       0x88 .obj/quickjs.o
 .text.js_free_function_def
                0x00000000c0008d00      0x17a .obj/quickjs.o
 .text.js_compare_bigfloat
                0x00000000c0008e7a       0xf2 .obj/quickjs.o
 .text.JS_MarkValue
                0x00000000c0008f6c       0x12 .obj/quickjs.o
                0x00000000c0008f6c                JS_MarkValue
 .text.js_regexp_string_iterator_mark
                0x00000000c0008f7e       0x40 .obj/quickjs.o
 .text.js_array_iterator_mark
                0x00000000c0008fbe       0x18 .obj/quickjs.o
 .text.js_map_iterator_mark
                0x00000000c0008fd6       0x18 .obj/quickjs.o
 .text.js_map_mark
                0x00000000c0008fee       0x64 .obj/quickjs.o
 .text.js_for_in_iterator_mark
                0x00000000c0009052       0x12 .obj/quickjs.o
 .text.js_bound_function_mark
                0x00000000c0009064       0x58 .obj/quickjs.o
 .text.js_object_data_mark
                0x00000000c00090bc       0x12 .obj/quickjs.o
 .text.js_array_mark
                0x00000000c00090ce       0x44 .obj/quickjs.o
 .text.mark_children
                0x00000000c0009112      0x378 .obj/quickjs.o
 .text.js_promise_resolve_function_mark
                0x00000000c000948a       0x18 .obj/quickjs.o
 .text.JS_RunGC
                0x00000000c00094a2      0x174 .obj/quickjs.o
                0x00000000c00094a2                JS_RunGC
 .text.JS_FreeRuntime
                0x00000000c0009616      0x110 .obj/quickjs.o
                0x00000000c0009616                JS_FreeRuntime
 .text.JS_NewRuntime2
                0x00000000c0009726      0x210 .obj/quickjs.o
                0x00000000c0009726                JS_NewRuntime2
 .text.JS_NewRuntime
                0x00000000c0009936        0xe .obj/quickjs.o
                0x00000000c0009936                JS_NewRuntime
 .text.JS_IsLiveObject
                0x00000000c0009944       0x22 .obj/quickjs.o
                0x00000000c0009944                JS_IsLiveObject
 .text.JS_ComputeMemoryUsage
                0x00000000c0009966      0x674 .obj/quickjs.o
                0x00000000c0009966                JS_ComputeMemoryUsage
 .text.JS_DumpMemoryUsage
                0x00000000c0009fda      0x42e .obj/quickjs.o
                0x00000000c0009fda                JS_DumpMemoryUsage
 .text.JS_GetGlobalObject
                0x00000000c000a408       0x12 .obj/quickjs.o
                0x00000000c000a408                JS_GetGlobalObject
 .text.JS_Throw
                0x00000000c000a41a       0x28 .obj/quickjs.o
                0x00000000c000a41a                JS_Throw
 .text.js_promise_finally_thrower
                0x00000000c000a442       0x24 .obj/quickjs.o
 .text.JS_GetException
                0x00000000c000a466       0x14 .obj/quickjs.o
                0x00000000c000a466                JS_GetException
 .text.JS_IsFunction
                0x00000000c000a47a       0x4c .obj/quickjs.o
                0x00000000c000a47a                JS_IsFunction
 .text.js_operator_typeof
                0x00000000c000a4c6       0x8a .obj/quickjs.o
 .text.JS_IsCFunction
                0x00000000c000a550       0x2e .obj/quickjs.o
                0x00000000c000a550                JS_IsCFunction
 .text.JS_IsConstructor
                0x00000000c000a57e       0x1a .obj/quickjs.o
                0x00000000c000a57e                JS_IsConstructor
 .text.JS_SetConstructorBit
                0x00000000c000a598       0x28 .obj/quickjs.o
                0x00000000c000a598                JS_SetConstructorBit
 .text.JS_IsError
                0x00000000c000a5c0       0x1e .obj/quickjs.o
                0x00000000c000a5c0                JS_IsError
 .text.JS_IsUncatchableError
                0x00000000c000a5de       0x26 .obj/quickjs.o
                0x00000000c000a5de                JS_IsUncatchableError
 .text.JS_SetUncatchableError
                0x00000000c000a604       0x30 .obj/quickjs.o
                0x00000000c000a604                JS_SetUncatchableError
 .text.JS_ResetUncatchableError
                0x00000000c000a634        0xc .obj/quickjs.o
                0x00000000c000a634                JS_ResetUncatchableError
 .text.JS_SetOpaque
                0x00000000c000a640       0x10 .obj/quickjs.o
                0x00000000c000a640                JS_SetOpaque
 .text.JS_GetOpaque
                0x00000000c000a650       0x24 .obj/quickjs.o
                0x00000000c000a650                JS_GetOpaque
 .text.js_c_function_data_call
                0x00000000c000a674       0xaa .obj/quickjs.o
 .text.js_generator_finalizer
                0x00000000c000a71e       0x38 .obj/quickjs.o
 .text.js_c_function_data_mark
                0x00000000c000a756       0x56 .obj/quickjs.o
 .text.js_c_function_data_finalizer
                0x00000000c000a7ac       0x5e .obj/quickjs.o
 .text.js_proxy_revoke
                0x00000000c000a80a       0x44 .obj/quickjs.o
 .text.js_proxy_mark
                0x00000000c000a84e       0x52 .obj/quickjs.o
 .text.js_proxy_finalizer
                0x00000000c000a8a0       0x4e .obj/quickjs.o
 .text.js_async_generator_mark
                0x00000000c000a8ee       0x90 .obj/quickjs.o
 .text.js_async_generator_finalizer
                0x00000000c000a97e       0x2e .obj/quickjs.o
 .text.js_async_from_sync_iterator_mark
                0x00000000c000a9ac       0x52 .obj/quickjs.o
 .text.js_async_from_sync_iterator_finalizer
                0x00000000c000a9fe       0x4e .obj/quickjs.o
 .text.js_promise_mark
                0x00000000c000aa4c       0xd4 .obj/quickjs.o
 .text.js_promise_finalizer
                0x00000000c000ab20       0x88 .obj/quickjs.o
 .text.JS_SetIsHTMLDDA
                0x00000000c000aba8       0x1e .obj/quickjs.o
                0x00000000c000aba8                JS_SetIsHTMLDDA
 .text.JS_ToBool
                0x00000000c000abc6       0x20 .obj/quickjs.o
                0x00000000c000abc6                JS_ToBool
 .text.JS_DetectModule
                0x00000000c000abe6       0x4e .obj/quickjs.o
                0x00000000c000abe6                JS_DetectModule
 .text.JS_SetModuleLoaderFunc
                0x00000000c000ac34        0xe .obj/quickjs.o
                0x00000000c000ac34                JS_SetModuleLoaderFunc
 .text.JS_GetScriptOrModuleName
                0x00000000c000ac42       0x72 .obj/quickjs.o
                0x00000000c000ac42                JS_GetScriptOrModuleName
 .text.JS_GetModuleName
                0x00000000c000acb4        0x6 .obj/quickjs.o
                0x00000000c000acb4                JS_GetModuleName
 .text.lre_check_stack_overflow
                0x00000000c000acba        0x4 .obj/quickjs.o
                0x00000000c000acba                lre_check_stack_overflow
 .text.lre_realloc
                0x00000000c000acbe        0x6 .obj/quickjs.o
                0x00000000c000acbe                lre_realloc
 .text.JS_AddIntrinsicRegExpCompiler
                0x00000000c000acc4        0xe .obj/quickjs.o
                0x00000000c000acc4                JS_AddIntrinsicRegExpCompiler
 .text.JS_PromiseState
                0x00000000c000acd2       0x24 .obj/quickjs.o
                0x00000000c000acd2                JS_PromiseState
 .text.JS_PromiseResult
                0x00000000c000acf6       0x2e .obj/quickjs.o
                0x00000000c000acf6                JS_PromiseResult
 .text.JS_SetHostPromiseRejectionTracker
                0x00000000c000ad24        0xa .obj/quickjs.o
                0x00000000c000ad24                JS_SetHostPromiseRejectionTracker
 .text.JS_NewPromiseCapability
                0x00000000c000ad2e        0xc .obj/quickjs.o
                0x00000000c000ad2e                JS_NewPromiseCapability
 .text.JS_CallInternal
                0x00000000c000ad3a     0x6870 .obj/quickjs.o
 .text.JS_CallFree
                0x00000000c00115aa       0x36 .obj/quickjs.o
 .text.JS_GetPropertyInternal
                0x00000000c00115e0      0x364 .obj/quickjs.o
                0x00000000c00115e0                JS_GetPropertyInternal
 .text.JS_IteratorGetCompleteValue
                0x00000000c0011944       0x82 .obj/quickjs.o
 .text.js_is_regexp
                0x00000000c00119c6       0x80 .obj/quickjs.o
 .text.JS_GetPropertyValue
                0x00000000c0011a46      0x224 .obj/quickjs.o
 .text.JS_GetPropertyUint32
                0x00000000c0011c6a       0x38 .obj/quickjs.o
                0x00000000c0011c6a                JS_GetPropertyUint32
 .text.JS_GetOwnPropertyInternal
                0x00000000c0011ca2      0x1da .obj/quickjs.o
 .text.JS_SetPropertyInternal
                0x00000000c0011e7c      0x5aa .obj/quickjs.o
                0x00000000c0011e7c                JS_SetPropertyInternal
 .text.JS_SetPropertyValue
                0x00000000c0012426      0x218 .obj/quickjs.o
 .text.JS_SetPropertyUint32
                0x00000000c001263e       0x42 .obj/quickjs.o
                0x00000000c001263e                JS_SetPropertyUint32
 .text.JS_DefineProperty
                0x00000000c0012680      0x742 .obj/quickjs.o
                0x00000000c0012680                JS_DefineProperty
 .text.JS_DefinePropertyValue
                0x00000000c0012dc2       0x40 .obj/quickjs.o
                0x00000000c0012dc2                JS_DefinePropertyValue
 .text.JS_ThrowError2
                0x00000000c0012e02       0x90 .obj/quickjs.o
 .text.JS_ThrowError
                0x00000000c0012e92       0x42 .obj/quickjs.o
 .text.JS_ThrowTypeErrorOrFalse
                0x00000000c0012ed4       0x44 .obj/quickjs.o
 .text.JS_ThrowSyntaxError
                0x00000000c0012f18       0x2a .obj/quickjs.o
                0x00000000c0012f18                JS_ThrowSyntaxError
 .text.__JS_ThrowSyntaxErrorAtom
                0x00000000c0012f42       0x36 .obj/quickjs.o
 .text.js_resolve_export_throw_error
                0x00000000c0012f78       0x92 .obj/quickjs.o
 .text.bc_read_error_end
                0x00000000c001300a       0x28 .obj/quickjs.o
 .text.bc_get_u8
                0x00000000c0013032       0x24 .obj/quickjs.o
 .text.bc_get_leb128
                0x00000000c0013056       0x32 .obj/quickjs.o
 .text.bc_get_leb128_u16
                0x00000000c0013088       0x26 .obj/quickjs.o
 .text.bc_get_u64
                0x00000000c00130ae       0x5c .obj/quickjs.o
 .text.bc_get_buf
                0x00000000c001310a       0x4a .obj/quickjs.o
 .text.bc_idx_to_atom
                0x00000000c0013154       0x6c .obj/quickjs.o
 .text.bc_get_atom
                0x00000000c00131c0       0x42 .obj/quickjs.o
 .text.JS_ThrowTypeError
                0x00000000c0013202       0x2a .obj/quickjs.o
                0x00000000c0013202                JS_ThrowTypeError
 .text.call_setter
                0x00000000c001322c       0x88 .obj/quickjs.o
 .text.check_function
                0x00000000c00132b4       0x2a .obj/quickjs.o
 .text.__JS_ThrowTypeErrorAtom
                0x00000000c00132de       0x36 .obj/quickjs.o
 .text.JS_ThrowTypeErrorReadOnly
                0x00000000c0013314       0x48 .obj/quickjs.o
 .text.JS_ThrowTypeErrorInvalidClass
                0x00000000c001335c       0x28 .obj/quickjs.o
 .text.JS_GetOpaque2
                0x00000000c0013384       0x34 .obj/quickjs.o
                0x00000000c0013384                JS_GetOpaque2
 .text.js_map_get
                0x00000000c00133b8       0x78 .obj/quickjs.o
 .text.js_map_delete
                0x00000000c0013430       0x7c .obj/quickjs.o
 .text.js_map_has
                0x00000000c00134ac       0x64 .obj/quickjs.o
 .text.js_map_get_size
                0x00000000c0013510       0x4c .obj/quickjs.o
 .text.js_map_clear
                0x00000000c001355c       0x60 .obj/quickjs.o
 .text.js_array_buffer_get_byteLength
                0x00000000c00135bc       0x44 .obj/quickjs.o
 .text.JS_EvalThis
                0x00000000c0013600       0x44 .obj/quickjs.o
                0x00000000c0013600                JS_EvalThis
 .text.JS_Eval  0x00000000c0013644       0x18 .obj/quickjs.o
                0x00000000c0013644                JS_Eval
 .text.js_promise_executor
                0x00000000c001365c       0x72 .obj/quickjs.o
 .text.JS_ThrowTypeErrorNotAnObject
                0x00000000c00136ce       0x10 .obj/quickjs.o
 .text.JS_IteratorClose
                0x00000000c00136de       0xb8 .obj/quickjs.o
 .text.js_regexp_get_flag
                0x00000000c0013796       0x80 .obj/quickjs.o
 .text.JS_CheckBrand
                0x00000000c0013816       0xfa .obj/quickjs.o
 .text.JS_SpeciesConstructor
                0x00000000c0013910      0x118 .obj/quickjs.o
 .text.JS_ThrowTypeErrorDetachedArrayBuffer
                0x00000000c0013a28       0x10 .obj/quickjs.o
 .text.JS_ThrowUnsupportedOperation
                0x00000000c0013a38       0x10 .obj/quickjs.o
 .text.invalid_mul_pow10
                0x00000000c0013a48       0x10 .obj/quickjs.o
 .text.invalid_mul_pow10_to_float64
                0x00000000c0013a58        0x8 .obj/quickjs.o
 .text.invalid_binary_arith
                0x00000000c0013a60       0x2e .obj/quickjs.o
 .text.invalid_unary_arith
                0x00000000c0013a8e       0x20 .obj/quickjs.o
 .text.invalid_to_string
                0x00000000c0013aae        0x8 .obj/quickjs.o
 .text.JS_SetThisTimeValue
                0x00000000c0013ab6       0x80 .obj/quickjs.o
 .text.js_thisBigIntValue
                0x00000000c0013b36       0x4a .obj/quickjs.o
 .text.js_bigint_valueOf
                0x00000000c0013b80        0x8 .obj/quickjs.o
 .text.js_symbol_keyFor
                0x00000000c0013b88       0x4a .obj/quickjs.o
 .text.js_thisSymbolValue
                0x00000000c0013bd2       0x48 .obj/quickjs.o
 .text.js_symbol_valueOf
                0x00000000c0013c1a        0x8 .obj/quickjs.o
 .text.js_string_toString
                0x00000000c0013c22       0x4c .obj/quickjs.o
 .text.js_thisBooleanValue
                0x00000000c0013c6e       0x4a .obj/quickjs.o
 .text.js_boolean_valueOf
                0x00000000c0013cb8        0x8 .obj/quickjs.o
 .text.js_thisNumberValue
                0x00000000c0013cc0       0x46 .obj/quickjs.o
 .text.js_number_valueOf
                0x00000000c0013d06        0x8 .obj/quickjs.o
 .text.get_typed_array
                0x00000000c0013d0e       0x5e .obj/quickjs.o
 .text.js_typed_array_get_length_internal
                0x00000000c0013d6c       0x34 .obj/quickjs.o
 .text.js_typed_array_reverse
                0x00000000c0013da0       0xd0 .obj/quickjs.o
 .text.js_typed_array_get_byteOffset
                0x00000000c0013e70       0x58 .obj/quickjs.o
 .text.js_typed_array_get_byteLength
                0x00000000c0013ec8       0x58 .obj/quickjs.o
 .text.js_typed_array_get_buffer
                0x00000000c0013f20       0x2e .obj/quickjs.o
 .text.validate_typed_array
                0x00000000c0013f4e       0x32 .obj/quickjs.o
 .text.js_typed_array_get_length
                0x00000000c0013f80       0x2e .obj/quickjs.o
 .text.js_throw_type_error
                0x00000000c0013fae       0x10 .obj/quickjs.o
 .text.js_function_proto_caller
                0x00000000c0013fbe       0x46 .obj/quickjs.o
 .text.js_typed_array_base_constructor
                0x00000000c0014004       0x10 .obj/quickjs.o
 .text.JS_ThrowTypeErrorRevokedProxy.isra.0
                0x00000000c0014014       0x10 .obj/quickjs.o
 .text.JS_IsArray
                0x00000000c0014024       0x6c .obj/quickjs.o
                0x00000000c0014024                JS_IsArray
 .text.js_array_isArray
                0x00000000c0014090       0x30 .obj/quickjs.o
 .text.get_proxy_method
                0x00000000c00140c0       0x74 .obj/quickjs.o
 .text.JS_IsExtensible
                0x00000000c0014134       0xbc .obj/quickjs.o
                0x00000000c0014134                JS_IsExtensible
 .text.js_object_isExtensible
                0x00000000c00141f0       0x48 .obj/quickjs.o
 .text.JS_GetPrototype
                0x00000000c0014238      0x13c .obj/quickjs.o
                0x00000000c0014238                JS_GetPrototype
 .text.JS_GetPrototypeFree
                0x00000000c0014374       0x2a .obj/quickjs.o
 .text.js_object_getPrototypeOf
                0x00000000c001439e       0x2e .obj/quickjs.o
 .text.JS_PreventExtensions
                0x00000000c00143cc       0xc2 .obj/quickjs.o
                0x00000000c00143cc                JS_PreventExtensions
 .text.js_object_preventExtensions
                0x00000000c001448e       0x82 .obj/quickjs.o
 .text.JS_GetFunctionRealm
                0x00000000c0014510       0x74 .obj/quickjs.o
 .text.JS_SetObjectData.isra.0
                0x00000000c0014584       0x80 .obj/quickjs.o
 .text.JS_ThrowReferenceError
                0x00000000c0014604       0x2a .obj/quickjs.o
                0x00000000c0014604                JS_ThrowReferenceError
 .text.JS_ThrowReferenceErrorUninitialized
                0x00000000c001462e       0x32 .obj/quickjs.o
 .text.JS_ThrowReferenceErrorUninitialized2.isra.0
                0x00000000c0014660       0x28 .obj/quickjs.o
 .text.JS_ThrowReferenceErrorNotDefined
                0x00000000c0014688       0x28 .obj/quickjs.o
 .text.JS_ThrowRangeError
                0x00000000c00146b0       0x2a .obj/quickjs.o
                0x00000000c00146b0                JS_ThrowRangeError
 .text.JS_ThrowInternalError
                0x00000000c00146da       0x2a .obj/quickjs.o
                0x00000000c00146da                JS_ThrowInternalError
 .text.__js_poll_interrupts
                0x00000000c0014704       0x4c .obj/quickjs.o
 .text.js_poll_interrupts
                0x00000000c0014750       0x18 .obj/quickjs.o
 .text.JS_OrdinaryIsInstanceOf
                0x00000000c0014768      0x130 .obj/quickjs.o
 .text.JS_IsInstanceOf
                0x00000000c0014898       0xa4 .obj/quickjs.o
                0x00000000c0014898                JS_IsInstanceOf
 .text.js_function_hasInstance
                0x00000000c001493c       0x36 .obj/quickjs.o
 .text.JS_ThrowOutOfMemory
                0x00000000c0014972       0x30 .obj/quickjs.o
                0x00000000c0014972                JS_ThrowOutOfMemory
 .text.js_malloc
                0x00000000c00149a2       0x26 .obj/quickjs.o
                0x00000000c00149a2                js_malloc
 .text.js_strndup
                0x00000000c00149c8       0x36 .obj/quickjs.o
                0x00000000c00149c8                js_strndup
 .text.js_strdup
                0x00000000c00149fe       0x20 .obj/quickjs.o
                0x00000000c00149fe                js_strdup
 .text.get_var_ref
                0x00000000c0014a1e       0xd6 .obj/quickjs.o
 .text.js_clone_shape
                0x00000000c0014af4       0xa4 .obj/quickjs.o
 .text.js_shape_prepare_update
                0x00000000c0014b98       0x8c .obj/quickjs.o
 .text.JS_AutoInitProperty
                0x00000000c0014c24       0x8a .obj/quickjs.o
 .text.JS_SetPrototypeInternal
                0x00000000c0014cae      0x1c8 .obj/quickjs.o
 .text.JS_SetPrototype
                0x00000000c0014e76        0xa .obj/quickjs.o
                0x00000000c0014e76                JS_SetPrototype
 .text.js_reflect_setPrototypeOf
                0x00000000c0014e80       0x38 .obj/quickjs.o
 .text.js_object_set___proto__
                0x00000000c0014eb8       0x56 .obj/quickjs.o
 .text.js_object_setPrototypeOf
                0x00000000c0014f0e       0x30 .obj/quickjs.o
 .text.js_update_property_flags
                0x00000000c0014f3e       0x40 .obj/quickjs.o
 .text.seal_template_obj
                0x00000000c0014f7e       0x78 .obj/quickjs.o
 .text.JS_EnqueueJob
                0x00000000c0014ff6       0x86 .obj/quickjs.o
                0x00000000c0014ff6                JS_EnqueueJob
 .text.fulfill_or_reject_promise
                0x00000000c001507c      0x142 .obj/quickjs.o
 .text.js_promise_resolve_function_call
                0x00000000c00151be      0x132 .obj/quickjs.o
 .text.JS_NewBigInt
                0x00000000c00152f0       0x40 .obj/quickjs.o
 .text.js_create_module_var
                0x00000000c0015330       0x5c .obj/quickjs.o
 .text.add_reloc
                0x00000000c001538c       0x30 .obj/quickjs.o
 .text.js_typed_array_sort
                0x00000000c00153bc      0x2be .obj/quickjs.o
 .text.js_new_shape2.constprop.0
                0x00000000c001567a      0x13e .obj/quickjs.o
 .text.typed_array_init.isra.0
                0x00000000c00157b8       0x86 .obj/quickjs.o
 .text.js_mallocz
                0x00000000c001583e       0x26 .obj/quickjs.o
                0x00000000c001583e                js_mallocz
 .text.async_func_init
                0x00000000c0015864      0x152 .obj/quickjs.o
 .text.js_closure2
                0x00000000c00159b6       0xae .obj/quickjs.o
 .text.perform_promise_then
                0x00000000c0015a64      0x1a8 .obj/quickjs.o
 .text.js_new_module_def
                0x00000000c0015c0c       0x80 .obj/quickjs.o
 .text.js_realloc
                0x00000000c0015c8c       0x30 .obj/quickjs.o
                0x00000000c0015c8c                js_realloc
 .text.resize_properties
                0x00000000c0015cbc      0x15c .obj/quickjs.o
 .text.add_shape_property
                0x00000000c0015e18      0x110 .obj/quickjs.o
 .text.add_property
                0x00000000c0015f28      0x198 .obj/quickjs.o
 .text.JS_DefineAutoInitProperty
                0x00000000c00160c0       0xc6 .obj/quickjs.o
 .text.JS_NewObjectFromShape
                0x00000000c0016186      0x164 .obj/quickjs.o
 .text.JS_NewObjectProtoClass
                0x00000000c00162ea       0x98 .obj/quickjs.o
                0x00000000c00162ea                JS_NewObjectProtoClass
 .text.js_create_from_ctor
                0x00000000c0016382       0xb2 .obj/quickjs.o
 .text.js_array_buffer_constructor3
                0x00000000c0016434      0x148 .obj/quickjs.o
 .text.js_array_buffer_constructor2
                0x00000000c001657c       0x1e .obj/quickjs.o
 .text.js_boolean_constructor
                0x00000000c001659a       0x6e .obj/quickjs.o
 .text.JS_NewObjectClass
                0x00000000c0016608       0x16 .obj/quickjs.o
                0x00000000c0016608                JS_NewObjectClass
 .text.JS_NewError
                0x00000000c001661e        0xa .obj/quickjs.o
                0x00000000c001661e                JS_NewError
 .text.js_create_map_iterator
                0x00000000c0016628       0x9e .obj/quickjs.o
 .text.JS_NewObjectProto
                0x00000000c00166c6        0xa .obj/quickjs.o
                0x00000000c00166c6                JS_NewObjectProto
 .text.JS_GetImportMeta
                0x00000000c00166d0       0x50 .obj/quickjs.o
                0x00000000c00166d0                JS_GetImportMeta
 .text.JS_NewObject
                0x00000000c0016720       0x10 .obj/quickjs.o
                0x00000000c0016720                JS_NewObject
 .text.js_create_module_function
                0x00000000c0016730      0x12a .obj/quickjs.o
 .text.js_proxy_constructor
                0x00000000c001685a       0xfc .obj/quickjs.o
 .text.JS_NewArray
                0x00000000c0016956       0x12 .obj/quickjs.o
                0x00000000c0016956                JS_NewArray
 .text.convert_fast_array_to_array
                0x00000000c0016968       0xae .obj/quickjs.o
 .text.ident_realloc
                0x00000000c0016a16       0x70 .obj/quickjs.o
 .text.delete_property
                0x00000000c0016a86      0x386 .obj/quickjs.o
 .text.js_realloc2
                0x00000000c0016e0c       0x52 .obj/quickjs.o
                0x00000000c0016e0c                js_realloc2
 .text.string_buffer_widen
                0x00000000c0016e5e       0x72 .obj/quickjs.o
 .text.expand_fast_array
                0x00000000c0016ed0       0x4a .obj/quickjs.o
 .text.add_fast_array_element
                0x00000000c0016f1a       0xba .obj/quickjs.o
 .text.js_allocate_fast_array
                0x00000000c0016fd4       0x7c .obj/quickjs.o
 .text.js_realloc_array
                0x00000000c0017050       0x58 .obj/quickjs.o
 .text.js_resize_array
                0x00000000c00170a8        0xe .obj/quickjs.o
 .text.get_exported_names
                0x00000000c00170b6      0x126 .obj/quickjs.o
 .text.js_resolve_export1
                0x00000000c00171dc      0x176 .obj/quickjs.o
 .text.js_resolve_export
                0x00000000c0017352       0x48 .obj/quickjs.o
 .text.gather_available_ancestors
                0x00000000c001739a      0x104 .obj/quickjs.o
 .text.bc_atom_to_idx
                0x00000000c001749e       0xd2 .obj/quickjs.o
 .text.bc_put_atom.isra.0
                0x00000000c0017570       0x3c .obj/quickjs.o
 .text.BC_add_object_ref1
                0x00000000c00175ac       0x4a .obj/quickjs.o
 .text.new_label_fd
                0x00000000c00175f6       0x5a .obj/quickjs.o
 .text.new_label
                0x00000000c0017650        0x8 .obj/quickjs.o
 .text.emit_goto
                0x00000000c0017658       0x5c .obj/quickjs.o
 .text.emit_class_field_init
                0x00000000c00176b4       0x8a .obj/quickjs.o
 .text.emit_return
                0x00000000c001773e      0x1b8 .obj/quickjs.o
 .text.optional_chain_test
                0x00000000c00178f6       0x7c .obj/quickjs.o
 .text.js_emit_spread_code
                0x00000000c0017972       0xa6 .obj/quickjs.o
 .text.var_object_test
                0x00000000c0017a18       0x92 .obj/quickjs.o
 .text.cpool_add
                0x00000000c0017aaa       0x52 .obj/quickjs.o
 .text.emit_push_const
                0x00000000c0017afc       0x76 .obj/quickjs.o
 .text.emit_class_init_end
                0x00000000c0017b72       0x58 .obj/quickjs.o
 .text.add_global_var
                0x00000000c0017bca       0x6c .obj/quickjs.o
 .text.add_req_module_entry
                0x00000000c0017c36       0x76 .obj/quickjs.o
 .text.js_map_set
                0x00000000c0017cac      0x200 .obj/quickjs.o
 .text.push_scope
                0x00000000c0017eac       0xd0 .obj/quickjs.o
 .text.js_atof  0x00000000c0017f7c      0x4f8 .obj/quickjs.o
 .text.JS_NewSymbol
                0x00000000c0018474       0x40 .obj/quickjs.o
 .text.JS_NewSymbolFromAtom.constprop.0
                0x00000000c00184b4       0x5c .obj/quickjs.o
 .text.js_alloc_string
                0x00000000c0018510       0x26 .obj/quickjs.o
 .text.string_buffer_init2
                0x00000000c0018536       0x38 .obj/quickjs.o
 .text.string_buffer_init
                0x00000000c001856e        0x6 .obj/quickjs.o
 .text.js_new_string16
                0x00000000c0018574       0x42 .obj/quickjs.o
 .text.JS_ReadString
                0x00000000c00185b6       0x82 .obj/quickjs.o
 .text.JS_NewBigInt64_1
                0x00000000c0018638       0x64 .obj/quickjs.o
                0x00000000c0018638                JS_NewBigInt64_1
 .text.JS_NewBigInt64
                0x00000000c001869c        0x8 .obj/quickjs.o
                0x00000000c001869c                JS_NewBigInt64
 .text.js_TA_get_int64
                0x00000000c00186a4        0xa .obj/quickjs.o
 .text.JS_NewBigUint64
                0x00000000c00186ae       0x64 .obj/quickjs.o
                0x00000000c00186ae                JS_NewBigUint64
 .text.js_TA_get_uint64
                0x00000000c0018712        0xa .obj/quickjs.o
 .text.js_string_to_bigint
                0x00000000c001871c       0x6a .obj/quickjs.o
 .text.throw_bf_exception.isra.0
                0x00000000c0018786       0x42 .obj/quickjs.o
 .text.string_buffer_realloc
                0x00000000c00187c8       0xbe .obj/quickjs.o
 .text.string_buffer_write8
                0x00000000c0018886       0x82 .obj/quickjs.o
 .text.string_buffer_concat
                0x00000000c0018908       0xe4 .obj/quickjs.o
 .text.string_buffer_puts8
                0x00000000c00189ec       0x22 .obj/quickjs.o
 .text.encodeURI_hex.isra.0
                0x00000000c0018a0e       0x78 .obj/quickjs.o
 .text.string_buffer_putc8
                0x00000000c0018a86       0x52 .obj/quickjs.o
 .text.string_buffer_putc_slow
                0x00000000c0018ad8       0x80 .obj/quickjs.o
 .text.string_buffer_putc16
                0x00000000c0018b58       0x3e .obj/quickjs.o
 .text.string_buffer_putc
                0x00000000c0018b96       0x50 .obj/quickjs.o
 .text.string_buffer_fill
                0x00000000c0018be6       0x4a .obj/quickjs.o
 .text.JS_NewStringLen
                0x00000000c0018c30      0x15e .obj/quickjs.o
                0x00000000c0018c30                JS_NewStringLen
 .text.JS_NewAtomLen
                0x00000000c0018d8e       0x52 .obj/quickjs.o
                0x00000000c0018d8e                JS_NewAtomLen
 .text.JS_NewAtom
                0x00000000c0018de0       0x20 .obj/quickjs.o
                0x00000000c0018de0                JS_NewAtom
 .text.js_host_resolve_imported_module
                0x00000000c0018e00      0x1a4 .obj/quickjs.o
 .text.JS_GetPropertyStr
                0x00000000c0018fa4       0x48 .obj/quickjs.o
                0x00000000c0018fa4                JS_GetPropertyStr
 .text.JS_NewCModule
                0x00000000c0018fec       0x2a .obj/quickjs.o
                0x00000000c0018fec                JS_NewCModule
 .text.JS_SetModuleExport
                0x00000000c0019016       0x74 .obj/quickjs.o
                0x00000000c0019016                JS_SetModuleExport
 .text.find_atom
                0x00000000c001908a       0x94 .obj/quickjs.o
 .text.js_new_function_def
                0x00000000c001911e       0xdc .obj/quickjs.o
 .text.emit_class_init_start
                0x00000000c00191fa       0xc4 .obj/quickjs.o
 .text.parse_ident
                0x00000000c00192be      0x104 .obj/quickjs.o
 .text.JS_NewString
                0x00000000c00193c2       0x20 .obj/quickjs.o
                0x00000000c00193c2                JS_NewString
 .text.JS_NewAtomUInt32
                0x00000000c00193e2       0x4e .obj/quickjs.o
                0x00000000c00193e2                JS_NewAtomUInt32
 .text.__JS_AtomToValue
                0x00000000c0019430       0xa2 .obj/quickjs.o
 .text.JS_AtomToValue
                0x00000000c00194d2        0xa .obj/quickjs.o
                0x00000000c00194d2                JS_AtomToValue
 .text.JS_AtomToString
                0x00000000c00194dc        0xa .obj/quickjs.o
                0x00000000c00194dc                JS_AtomToString
 .text.JS_ToPrimitiveFree
                0x00000000c00194e6      0x1a0 .obj/quickjs.o
 .text.JS_ToPrimitive
                0x00000000c0019686       0x24 .obj/quickjs.o
 .text.string_buffer_end
                0x00000000c00196aa       0x96 .obj/quickjs.o
 .text.JS_NewAtomString
                0x00000000c0019740       0x44 .obj/quickjs.o
                0x00000000c0019740                JS_NewAtomString
 .text.exported_names_cmp
                0x00000000c0019784       0x66 .obj/quickjs.o
 .text.js_symbol_get_description
                0x00000000c00197ea       0x6c .obj/quickjs.o
 .text.js_boolean_toString
                0x00000000c0019856       0x34 .obj/quickjs.o
 .text.js_function_proto_fileName
                0x00000000c001988a       0x38 .obj/quickjs.o
 .text.js_object___getClass
                0x00000000c00198c2       0x52 .obj/quickjs.o
 .text.js_typed_array_get_toStringTag
                0x00000000c0019914       0x3e .obj/quickjs.o
 .text.js_new_string8
                0x00000000c0019952       0x52 .obj/quickjs.o
 .text.js_new_string_char
                0x00000000c00199a4       0x34 .obj/quickjs.o
 .text.js_string_get_own_property
                0x00000000c00199d8       0x7a .obj/quickjs.o
 .text.js_string_iterator_next
                0x00000000c0019a52       0xc6 .obj/quickjs.o
 .text.js_sub_string
                0x00000000c0019b18       0xd2 .obj/quickjs.o
 .text.JS_NewAtomInt64
                0x00000000c0019bea       0x58 .obj/quickjs.o
 .text.js_dtoa  0x00000000c0019c42      0x3e2 .obj/quickjs.o
 .text.JS_ToStringInternal
                0x00000000c001a024      0x152 .obj/quickjs.o
                0x00000000c001a024                JS_ToStringInternal
 .text.JS_ToString
                0x00000000c001a176        0xa .obj/quickjs.o
                0x00000000c001a176                JS_ToString
 .text.JS_ToStringFree
                0x00000000c001a180       0x2a .obj/quickjs.o
 .text.JS_ConcatString3
                0x00000000c001a1aa       0xe2 .obj/quickjs.o
 .text.js_get_function_name
                0x00000000c001a28c       0x76 .obj/quickjs.o
 .text.JS_ConcatString
                0x00000000c001a302      0x252 .obj/quickjs.o
 .text.js_error_toString
                0x00000000c001a554      0x128 .obj/quickjs.o
 .text.string_buffer_concat_value_free
                0x00000000c001a67c       0x86 .obj/quickjs.o
 .text.js_regexp_toString
                0x00000000c001a702       0xaa .obj/quickjs.o
 .text.check_regexp_g_flag
                0x00000000c001a7ac       0xa0 .obj/quickjs.o
 .text.JS_ToStringCheckObject
                0x00000000c001a84c       0x20 .obj/quickjs.o
 .text.JS_ToQuotedString
                0x00000000c001a86c      0x17a .obj/quickjs.o
 .text.JS_ToQuotedStringFree
                0x00000000c001a9e6       0x2a .obj/quickjs.o
 .text.js_string___quote
                0x00000000c001aa10        0x8 .obj/quickjs.o
 .text.js_string_CreateHTML
                0x00000000c001aa18      0x160 .obj/quickjs.o
 .text.js_string_toLowerCase
                0x00000000c001ab78      0x1be .obj/quickjs.o
 .text.js_string_isWellFormed
                0x00000000c001ad36       0x5a .obj/quickjs.o
 .text.js_string_concat
                0x00000000c001ad90       0x6a .obj/quickjs.o
 .text.js_string_toWellFormed
                0x00000000c001adfa       0xfe .obj/quickjs.o
 .text.js_string_trim
                0x00000000c001aef8       0xb0 .obj/quickjs.o
 .text.js_string_normalize1
                0x00000000c001afa8       0xd0 .obj/quickjs.o
 .text.string_buffer_concat_value
                0x00000000c001b078       0x7c .obj/quickjs.o
 .text.js_Date_parse
                0x00000000c001b0f4      0x412 .obj/quickjs.o
 .text.js_symbol_for
                0x00000000c001b506       0x34 .obj/quickjs.o
 .text.js_symbol_constructor
                0x00000000c001b53a       0x5e .obj/quickjs.o
 .text.js_string_localeCompare
                0x00000000c001b598      0x110 .obj/quickjs.o
 .text.js_global_unescape
                0x00000000c001b6a8       0xe8 .obj/quickjs.o
 .text.js_global_escape
                0x00000000c001b790       0xb8 .obj/quickjs.o
 .text.JS_ToCStringLen2
                0x00000000c001b848      0x1fe .obj/quickjs.o
                0x00000000c001b848                JS_ToCStringLen2
 .text.JS_ToNumberHintFree
                0x00000000c001ba46      0x1c4 .obj/quickjs.o
 .text.JS_ToNumberFree
                0x00000000c001bc0a        0xa .obj/quickjs.o
 .text.JS_ToInt32Free
                0x00000000c001bc14       0xa6 .obj/quickjs.o
 .text.js_get_length32
                0x00000000c001bcba       0x54 .obj/quickjs.o
 .text.JS_ToInt32
                0x00000000c001bd0e       0x28 .obj/quickjs.o
                0x00000000c001bd0e                JS_ToInt32
 .text.js_string_codePointRange
                0x00000000c001bd36       0xa8 .obj/quickjs.o
                0x00000000c001bd36                js_string_codePointRange
 .text.js_math_clz32
                0x00000000c001bdde       0x44 .obj/quickjs.o
 .text.js_math_imul
                0x00000000c001be22       0x4e .obj/quickjs.o
 .text.js_string_fromCharCode
                0x00000000c001be70       0x7c .obj/quickjs.o
 .text.JS_ToUint8ClampFree
                0x00000000c001beec       0xa2 .obj/quickjs.o
 .text.JS_ToFloat64Free
                0x00000000c001bf8e       0xa0 .obj/quickjs.o
 .text.JS_ToFloat64
                0x00000000c001c02e       0x28 .obj/quickjs.o
                0x00000000c001c02e                JS_ToFloat64
 .text.JS_NumberIsInteger
                0x00000000c001c056       0x62 .obj/quickjs.o
 .text.js_number_isInteger
                0x00000000c001c0b8       0x30 .obj/quickjs.o
 .text.js_Date_UTC
                0x00000000c001c0e8      0x136 .obj/quickjs.o
 .text.JS_ThisTimeValue
                0x00000000c001c21e       0x46 .obj/quickjs.o
 .text.get_date_fields
                0x00000000c001c264      0x19a .obj/quickjs.o
 .text.get_date_field
                0x00000000c001c3fe       0x98 .obj/quickjs.o
 .text.js_date_getTimezoneOffset
                0x00000000c001c496       0x56 .obj/quickjs.o
 .text.js_date_getTime
                0x00000000c001c4ec       0x4c .obj/quickjs.o
 .text.set_date_field
                0x00000000c001c538      0x10e .obj/quickjs.o
 .text.js_date_setYear
                0x00000000c001c646       0xd4 .obj/quickjs.o
 .text.js_date_setTime
                0x00000000c001c71a       0x54 .obj/quickjs.o
 .text.js_math_hypot
                0x00000000c001c76e       0xa0 .obj/quickjs.o
 .text.js_math_min_max
                0x00000000c001c80e      0x16a .obj/quickjs.o
 .text.js_string_fromCodePoint
                0x00000000c001c978       0xc2 .obj/quickjs.o
 .text.js_number_isSafeInteger
                0x00000000c001ca3a       0x8c .obj/quickjs.o
 .text.js_global_isFinite
                0x00000000c001cac6       0x4e .obj/quickjs.o
 .text.js_number_isFinite
                0x00000000c001cb14       0x22 .obj/quickjs.o
 .text.js_global_isNaN
                0x00000000c001cb36       0x36 .obj/quickjs.o
 .text.js_number_isNaN
                0x00000000c001cb6c       0x22 .obj/quickjs.o
 .text.JS_ToArrayLengthFree
                0x00000000c001cb8e      0x110 .obj/quickjs.o
 .text.set_array_length
                0x00000000c001cc9e      0x1f0 .obj/quickjs.o
 .text.JS_ToInt32SatFree
                0x00000000c001ce8e       0x98 .obj/quickjs.o
 .text.JS_ToInt32Sat
                0x00000000c001cf26       0x28 .obj/quickjs.o
                0x00000000c001cf26                JS_ToInt32Sat
 .text.js_get_radix
                0x00000000c001cf4e       0x3a .obj/quickjs.o
 .text.js_number_toString
                0x00000000c001cf88       0x94 .obj/quickjs.o
 .text.js_string_codePointAt
                0x00000000c001d01c       0x9c .obj/quickjs.o
 .text.js_string_charCodeAt
                0x00000000c001d0b8       0xbe .obj/quickjs.o
 .text.js_string_charAt
                0x00000000c001d176       0xd0 .obj/quickjs.o
 .text.js_number_toPrecision
                0x00000000c001d246       0xb8 .obj/quickjs.o
 .text.js_number_toFixed
                0x00000000c001d2fe       0xa2 .obj/quickjs.o
 .text.js_number_toExponential
                0x00000000c001d3a0       0xcc .obj/quickjs.o
 .text.JS_ToInt32Clamp
                0x00000000c001d46c       0x60 .obj/quickjs.o
                0x00000000c001d46c                JS_ToInt32Clamp
 .text.js_typed_array_indexOf
                0x00000000c001d4cc      0x360 .obj/quickjs.o
 .text.js_typed_array_copyWithin
                0x00000000c001d82c       0xf2 .obj/quickjs.o
 .text.js_string_slice
                0x00000000c001d91e       0xc0 .obj/quickjs.o
 .text.js_string_substr
                0x00000000c001d9de       0xba .obj/quickjs.o
 .text.js_string_substring
                0x00000000c001da98       0xc8 .obj/quickjs.o
 .text.JS_ToInt64SatFree
                0x00000000c001db60       0x9e .obj/quickjs.o
 .text.JS_ToInt64Sat
                0x00000000c001dbfe       0x28 .obj/quickjs.o
                0x00000000c001dbfe                JS_ToInt64Sat
 .text.JS_ToIndex
                0x00000000c001dc26       0x40 .obj/quickjs.o
                0x00000000c001dc26                JS_ToIndex
 .text.js_dataview_constructor
                0x00000000c001dc66      0x15e .obj/quickjs.o
 .text.js_shared_array_buffer_constructor
                0x00000000c001ddc4       0x3e .obj/quickjs.o
 .text.js_array_buffer_constructor
                0x00000000c001de02       0x3e .obj/quickjs.o
 .text.js_dataview_getValue
                0x00000000c001de40      0x30e .obj/quickjs.o
 .text.JS_ToInt64Clamp
                0x00000000c001e14e       0x5e .obj/quickjs.o
                0x00000000c001e14e                JS_ToInt64Clamp
 .text.JS_ToLengthFree
                0x00000000c001e1ac       0x32 .obj/quickjs.o
 .text.js_get_length64
                0x00000000c001e1de       0x4c .obj/quickjs.o
 .text.JS_ToInt64
                0x00000000c001e22a       0xa6 .obj/quickjs.o
                0x00000000c001e22a                JS_ToInt64
 .text.JS_ToNumericFree
                0x00000000c001e2d0        0xa .obj/quickjs.o
 .text.js_add_slow
                0x00000000c001e2da      0x1c2 .obj/quickjs.o
 .text.js_binary_arith_slow
                0x00000000c001e49c      0x256 .obj/quickjs.o
 .text.js_unary_arith_slow
                0x00000000c001e6f2      0x12a .obj/quickjs.o
 .text.js_not_slow
                0x00000000c001e81c       0x7e .obj/quickjs.o
 .text.js_shr_slow
                0x00000000c001e89a       0xf6 .obj/quickjs.o
 .text.js_binary_logic_slow
                0x00000000c001e990      0x15a .obj/quickjs.o
 .text.js_number_constructor
                0x00000000c001eaea       0xb4 .obj/quickjs.o
 .text.JS_ToCString
                0x00000000c001eb9e       0x10 .obj/quickjs.o
 .text.JS_AtomToCString
                0x00000000c001ebae       0x40 .obj/quickjs.o
                0x00000000c001ebae                JS_AtomToCString
 .text.build_backtrace
                0x00000000c001ebee      0x2f2 .obj/quickjs.o
 .text.js_resolve_module
                0x00000000c001eee0       0xaa .obj/quickjs.o
 .text.JS_ResolveModule
                0x00000000c001ef8a       0x32 .obj/quickjs.o
                0x00000000c001ef8a                JS_ResolveModule
 .text.js_parseFloat
                0x00000000c001efbc       0x52 .obj/quickjs.o
 .text.js_parseInt
                0x00000000c001f00e       0xa2 .obj/quickjs.o
 .text.js_compile_regexp
                0x00000000c001f0b0      0x14c .obj/quickjs.o
 .text.JS_StringToBigInt
                0x00000000c001f1fc       0xda .obj/quickjs.o
 .text.JS_StringToBigIntErr
                0x00000000c001f2d6       0x42 .obj/quickjs.o
 .text.JS_ToBigIntFree
                0x00000000c001f318       0x9e .obj/quickjs.o
 .text.JS_ToBigInt64Free
                0x00000000c001f3b6       0x3e .obj/quickjs.o
 .text.JS_ToBigInt64
                0x00000000c001f3f4       0x28 .obj/quickjs.o
                0x00000000c001f3f4                JS_ToBigInt64
 .text.JS_ToInt64Ext
                0x00000000c001f41c       0x18 .obj/quickjs.o
                0x00000000c001f41c                JS_ToInt64Ext
 .text.js_dataview_setValue
                0x00000000c001f434      0x1fa .obj/quickjs.o
 .text.js_typed_array_fill
                0x00000000c001f62e      0x1c6 .obj/quickjs.o
 .text.JS_ToBigInt
                0x00000000c001f7f4       0x28 .obj/quickjs.o
 .text.js_bigint_asUintN
                0x00000000c001f81c      0x12c .obj/quickjs.o
 .text.js_binary_arith_bigint
                0x00000000c001f948      0x22a .obj/quickjs.o
 .text.js_unary_arith_bigint
                0x00000000c001fb72      0x12c .obj/quickjs.o
 .text.js_bigint_constructor
                0x00000000c001fc9e      0x1e4 .obj/quickjs.o
 .text.js_relational_slow
                0x00000000c001fe82      0x232 .obj/quickjs.o
 .text.js_eq_slow
                0x00000000c00200b4      0x2dc .obj/quickjs.o
 .text.js_atom_concat_str
                0x00000000c0020390       0xc0 .obj/quickjs.o
 .text.js_string_normalize
                0x00000000c0020450      0x164 .obj/quickjs.o
 .text.JS_EvalObject
                0x00000000c00205b4       0xa8 .obj/quickjs.o
 .text.js_function_constructor
                0x00000000c002065c      0x1ee .obj/quickjs.o
 .text.js_global_eval
                0x00000000c002084a       0x18 .obj/quickjs.o
 .text.JS_AtomIsNumericIndex1
                0x00000000c0020862      0x1d8 .obj/quickjs.o
 .text.JS_AtomIsNumericIndex
                0x00000000c0020a3a       0x38 .obj/quickjs.o
 .text.JS_CreateProperty
                0x00000000c0020a72      0x2f6 .obj/quickjs.o
 .text.js_string_includes
                0x00000000c0020d68      0x17a .obj/quickjs.o
 .text.js_string_indexOf
                0x00000000c0020ee2      0x15a .obj/quickjs.o
 .text.JS_ToPropertyKey
                0x00000000c002103c        0xa .obj/quickjs.o
                0x00000000c002103c                JS_ToPropertyKey
 .text.JS_ValueToAtom
                0x00000000c0021046       0x78 .obj/quickjs.o
                0x00000000c0021046                JS_ValueToAtom
 .text.js_date_Symbol_toPrimitive
                0x00000000c00210be       0x98 .obj/quickjs.o
 .text.js_regexp_get_source
                0x00000000c0021156      0x1b8 .obj/quickjs.o
 .text.js_bigint_to_string1
                0x00000000c002130e       0x9c .obj/quickjs.o
 .text.js_bigint_toString
                0x00000000c00213aa       0x8e .obj/quickjs.o
 .text.js_bigint_to_string
                0x00000000c0021438        0xa .obj/quickjs.o
 .text.get_date_string
                0x00000000c0021442      0x30c .obj/quickjs.o
 .text.js_date_constructor
                0x00000000c002174e      0x244 .obj/quickjs.o
 .text.add_var  0x00000000c0021992       0x86 .obj/quickjs.o
 .text.add_scope_var
                0x00000000c0021a18       0x52 .obj/quickjs.o
 .text.add_private_class_field
                0x00000000c0021a6a       0x3e .obj/quickjs.o
 .text.add_var_this
                0x00000000c0021aa8       0x2e .obj/quickjs.o
 .text.add_arguments_var
                0x00000000c0021ad6       0x30 .obj/quickjs.o
 .text.add_func_var
                0x00000000c0021b06       0x54 .obj/quickjs.o
 .text.resolve_pseudo_var