Archive member included to satisfy reference by file (symbol)

../apps/import/libs/libmm.a(umm_free.o)
                              .obj/qjs.o (free)
../apps/import/libs/libmm.a(umm_malloc.o)
                              .obj/qjs.o (malloc)
../apps/import/libs/libmm.a(umm_memalign.o)
                              ../apps/import/libs/libmm.a(umm_malloc.o) (memalign)
../apps/import/libs/libmm.a(umm_realloc.o)
                              .obj/qjs.o (realloc)
../apps/import/libs/libmm.a(umm_sbrk.o)
                              ../apps/import/libs/libmm.a(umm_memalign.o) (sbrk)
../apps/import/libs/libmm.a(mm_brkaddr.o)
                              ../apps/import/libs/libmm.a(umm_sbrk.o) (mm_brkaddr)
../apps/import/libs/libmm.a(mm_extend.o)
                              ../apps/import/libs/libmm.a(umm_sbrk.o) (mm_extend)
../apps/import/libs/libmm.a(mm_free.o)
                              ../apps/import/libs/libmm.a(umm_free.o) (mm_free)
../apps/import/libs/libmm.a(mm_memalign.o)
                              ../apps/import/libs/libmm.a(umm_memalign.o) (mm_memalign)
../apps/import/libs/libmm.a(mm_realloc.o)
                              ../apps/import/libs/libmm.a(umm_realloc.o) (mm_realloc)
../apps/import/libs/libmm.a(mm_heapmember.o)
                              ../apps/import/libs/libmm.a(mm_free.o) (mm_heapmember)
../apps/import/libs/libmm.a(umm_initialize.o)
                              ../apps/import/libs/libmm.a(umm_memalign.o) (umm_try_initialize)
../apps/import/libs/libmm.a(mm_initialize.o)
                              ../apps/import/libs/libmm.a(umm_initialize.o) (mm_initialize)
../apps/import/libs/libmm.a(mm_lock.o)
                              ../apps/import/libs/libmm.a(mm_extend.o) (mm_lock)
../apps/import/libs/libmm.a(mm_addfreechunk.o)
                              ../apps/import/libs/libmm.a(mm_free.o) (mm_addfreechunk)
../apps/import/libs/libmm.a(mm_size2ndx.o)
                              ../apps/import/libs/libmm.a(mm_addfreechunk.o) (mm_size2ndx)
../apps/import/libs/libmm.a(mm_shrinkchunk.o)
                              ../apps/import/libs/libmm.a(mm_memalign.o) (mm_shrinkchunk)
../apps/import/libs/libmm.a(mm_malloc.o)
                              ../apps/import/libs/libmm.a(mm_memalign.o) (mm_malloc)
../apps/import/libs/libc.a(lib_assert.o)
                              .obj/qjs.o (__assert)
../apps/import/libs/libc.a(lib_opendir.o)
                              .obj/quickjs-libc.o (opendir)
../apps/import/libs/libc.a(lib_closedir.o)
                              .obj/quickjs-libc.o (closedir)
../apps/import/libs/libc.a(lib_readdir.o)
                              .obj/quickjs-libc.o (readdir)
../apps/import/libs/libc.a(lib_errno.o)
                              .obj/quickjs-libc.o (__errno)
../apps/import/libs/libc.a(lib_mutex.o)
                              ../apps/import/libs/libmm.a(mm_initialize.o) (nxmutex_init)
../apps/import/libs/libc.a(pthread_attr_init.o)
                              .obj/quickjs-libc.o (pthread_attr_init)
../apps/import/libs/libc.a(pthread_attr_destroy.o)
                              .obj/quickjs-libc.o (pthread_attr_destroy)
../apps/import/libs/libc.a(pthread_attr_setdetachstate.o)
                              .obj/quickjs-libc.o (pthread_attr_setdetachstate)
../apps/import/libs/libc.a(pthread_create.o)
                              .obj/quickjs-libc.o (pthread_create)
../apps/import/libs/libc.a(pthread_exit.o)
                              ../apps/import/libs/libc.a(pthread_create.o) (pthread_exit)
../apps/import/libs/libc.a(pthread_mutex_lock.o)
                              .obj/quickjs-libc.o (pthread_mutex_lock)
../apps/import/libs/libc.a(clock_ticks2time.o)
                              ../apps/import/libs/libc.a(lib_mutex.o) (clock_ticks2time)
../apps/import/libs/libc.a(clock_timespec_add.o)
                              ../apps/import/libs/libc.a(lib_mutex.o) (clock_timespec_add)
../apps/import/libs/libc.a(task_setcancelstate.o)
                              ../apps/import/libs/libc.a(pthread_exit.o) (task_setcancelstate)
../apps/import/libs/libc.a(sem_init.o)
                              ../apps/import/libs/libc.a(lib_mutex.o) (nxsem_init)
../apps/import/libs/libc.a(sem_setprotocol.o)
                              ../apps/import/libs/libc.a(lib_mutex.o) (nxsem_set_protocol)
../apps/import/libs/libc.a(sem_getvalue.o)
                              ../apps/import/libs/libc.a(lib_mutex.o) (nxsem_get_value)
../apps/import/libs/libc.a(sig_signal.o)
                              .obj/quickjs-libc.o (signal)
../apps/import/libs/libc.a(lib_fileno.o)
                              .obj/quickjs-libc.o (fileno)
../apps/import/libs/libc.a(lib_printf.o)
                              .obj/qjs.o (printf)
../apps/import/libs/libc.a(lib_sprintf.o)
                              .obj/quickjs.o (sprintf)
../apps/import/libs/libc.a(lib_snprintf.o)
                              .obj/quickjs.o (snprintf)
../apps/import/libs/libc.a(lib_vsnprintf.o)
[...]
Memory Configuration

Name             Origin             Length             Attributes
*default*        0x0000000000000000 0xffffffffffffffff

Linker script and memory map

                0x00000000c0000000                . = 0xc0000000

.text           0x00000000c0000000    0x57c94
                0x00000000c0000000                _stext = .
 *(.text)
 .text          0x00000000c0000000        0x0 ../apps/import/startup/crt0.o
 .text          0x00000000c0000000        0x0 .obj/qjs.o
 .text          0x00000000c0000000        0x0 .obj/repl.o
 .text          0x00000000c0000000        0x0 .obj/quickjs.o
 .text          0x00000000c0000000        0x0 .obj/libregexp.o
 .text          0x00000000c0000000        0x0 .obj/libunicode.o
 .text          0x00000000c0000000        0x0 .obj/cutils.o
 .text          0x00000000c0000000        0x0 .obj/quickjs-libc.o
 .text          0x00000000c0000000        0x0 .obj/libbf.o
 .text          0x00000000c0000000        0x0 .obj/arch_atomic.o
 .text          0x00000000c0000000        0x0 .obj/stub.o
 .text          0x00000000c0000000        0x0 ../apps/import/libs/libmm.a(umm_free.o)
 .text          0x00000000c0000000        0x0 ../apps/import/libs/libmm.a(umm_malloc.o)
 .text          0x00000000c0000000        0x0 ../apps/import/libs/libmm.a(umm_memalign.o)
 .text          0x00000000c0000000        0x0 ../apps/import/libs/libmm.a(umm_realloc.o)
 .text          0x00000000c0000000        0x0 ../apps/import/libs/libmm.a(umm_sbrk.o)
 .text          0x00000000c0000000        0x0 ../apps/import/libs/libmm.a(mm_brkaddr.o)
 .text          0x00000000c0000000        0x0 ../apps/import/libs/libmm.a(mm_extend.o)
 .text          0x00000000c0000000        0x0 ../apps/import/libs/libmm.a(mm_free.o)
 .text          0x00000000c0000000        0x0 ../apps/import/libs/libmm.a(mm_memalign.o)
 .text          0x00000000c0000000        0x0 ../apps/import/libs/libmm.a(mm_realloc.o)
 .text          0x00000000c0000000        0x0 ../apps/import/libs/libmm.a(mm_heapmember.o)
 .text          0x00000000c0000000        0x0 ../apps/import/libs/libmm.a(umm_initialize.o)
 .text          0x00000000c0000000        0x0 ../apps/import/libs/libmm.a(mm_initialize.o)
 .text          0x00000000c0000000        0x0 ../apps/import/libs/libmm.a(mm_lock.o)
 .text          0x00000000c0000000        0x0 ../apps/import/libs/libmm.a(mm_addfreechunk.o)
 .text          0x00000000c0000000        0x0 ../apps/import/libs/libmm.a(mm_size2ndx.o)
 .text          0x00000000c0000000        0x0 ../apps/import/libs/libmm.a(mm_shrinkchunk.o)
 .text          0x00000000c0000000        0x0 ../apps/import/libs/libmm.a(mm_malloc.o)
 .text          0x00000000c0000000        0x0 ../apps/import/libs/libc.a(lib_assert.o)
 .text          0x00000000c0000000        0x0 ../apps/import/libs/libc.a(lib_opendir.o)
 .text          0x00000000c0000000        0x0 ../apps/import/libs/libc.a(lib_closedir.o)
 .text          0x00000000c0000000        0x0 ../apps/import/libs/libc.a(lib_readdir.o)
 .text          0x00000000c0000000        0x0 ../apps/import/libs/libc.a(lib_errno.o)
 .text          0x00000000c0000000        0x0 ../apps/import/libs/libc.a(lib_mutex.o)
 .text          0x00000000c0000000        0x0 ../apps/import/libs/libc.a(pthread_attr_init.o)
 .text          0x00000000c0000000        0x0 ../apps/import/libs/libc.a(pthread_attr_destroy.o)
 .text          0x00000000c0000000        0x0 ../apps/import/libs/libc.a(pthread_attr_setdetachstate.o)
 .text          0x00000000c0000000        0x0 ../apps/import/libs/libc.a(pthread_create.o)
 .text          0x00000000c0000000        0x0 ../apps/import/libs/libc.a(pthread_exit.o)
 .text          0x00000000c0000000        0x0 ../apps/import/libs/libc.a(pthread_mutex_lock.o)
 .text          0x00000000c0000000        0x0 ../apps/import/libs/libc.a(clock_ticks2time.o)
 .text          0x00000000c0000000        0x0 ../apps/import/libs/libc.a(clock_timespec_add.o)
 .text          0x00000000c0000000        0x0 ../apps/import/libs/libc.a(task_setcancelstate.o)
 .text          0x00000000c0000000        0x0 ../apps/import/libs/libc.a(sem_init.o)
 .text          0x00000000c0000000        0x0 ../apps/import/libs/libc.a(sem_setprotocol.o)
 .text          0x00000000c0000000        0x0 ../apps/import/libs/libc.a(sem_getvalue.o)
 .text          0x00000000c0000000        0x0 ../apps/import/libs/libc.a(sig_signal.o)
 .text          0x00000000c0000000        0x0 ../apps/import/libs/libc.a(lib_fileno.o)
 .text          0x00000000c0000000        0x0 ../apps/import/libs/libc.a(lib_printf.o)
 .text          0x00000000c0000000        0x0 ../apps/import/libs/libc.a(lib_sprintf.o)
 .text          0x00000000c0000000        0x0 ../apps/import/libs/libc.a(lib_snprintf.o)
 .text          0x00000000c0000000        0x0 ../apps/import/libs/libc.a(lib_vsnprintf.o)
 .text          0x00000000c0000000        0x0 ../apps/import/libs/libc.a(lib_perror.o)
 .text          0x00000000c0000000        0x0 ../apps/import/libs/libc.a(lib_putchar.o)
 .text          0x00000000c0000000        0x0 ../apps/import/libs/libc.a(lib_puts.o)
 .text          0x00000000c0000000        0x0 ../apps/import/libs/libc.a(lib_libvsprintf.o)
 .text          0x00000000c0000000        0x0 ../apps/import/libs/libc.a(lib_remove.o)
 .text          0x00000000c0000000        0x0 ../apps/import/libs/libc.a(lib_ultoa_invert.o)
 .text          0x00000000c0000000        0x0 ../apps/import/libs/libc.a(lib_dtoa_engine.o)
 .text          0x00000000c0000000        0x0 ../apps/import/libs/libc.a(lib_dtoa_data.o)
 .text          0x00000000c0000000        0x0 ../apps/import/libs/libc.a(lib_fopen.o)
 .text          0x00000000c0000000        0x0 ../apps/import/libs/libc.a(lib_fclose.o)
 .text          0x00000000c0000000        0x0 ../apps/import/libs/libc.a(lib_fread.o)
 .text          0x00000000c0000000        0x0 ../apps/import/libs/libc.a(lib_libfread_unlocked.o)
 .text          0x00000000c0000000        0x0 ../apps/import/libs/libc.a(lib_fseek.o)
 .text          0x00000000c0000000        0x0 ../apps/import/libs/libc.a(lib_fseeko.o)
 .text          0x00000000c0000000        0x0 ../apps/import/libs/libc.a(lib_ftell.o)
 .text          0x00000000c0000000        0x0 ../apps/import/libs/libc.a(lib_ftello.o)
 .text          0x00000000c0000000        0x0 ../apps/import/libs/libc.a(lib_fgetc.o)
 .text          0x00000000c0000000        0x0 ../apps/import/libs/libc.a(lib_fwrite.o)
 .text          0x00000000c0000000        0x0 ../apps/import/libs/libc.a(lib_libfwrite.o)
 .text          0x00000000c0000000        0x0 ../apps/import/libs/libc.a(lib_fflush.o)
 .text          0x00000000c0000000        0x0 ../apps/import/libs/libc.a(lib_libflushall.o)
 .text          0x00000000c0000000        0x0 ../apps/import/libs/libc.a(lib_libfflush.o)
 .text          0x00000000c0000000        0x0 ../apps/import/libs/libc.a(lib_putc.o)
 .text          0x00000000c0000000        0x0 ../apps/import/libs/libc.a(lib_fputc.o)
 .text          0x00000000c0000000        0x0 ../apps/import/libs/libc.a(lib_fputs.o)
 .text          0x00000000c0000000        0x0 ../apps/import/libs/libc.a(lib_fprintf.o)
 .text          0x00000000c0000000        0x0 ../apps/import/libs/libc.a(lib_vfprintf.o)
 .text          0x00000000c0000000        0x0 ../apps/import/libs/libc.a(lib_feof.o)
 .text          0x00000000c0000000        0x0 ../apps/import/libs/libc.a(lib_ferror.o)
 .text          0x00000000c0000000        0x0 ../apps/import/libs/libc.a(lib_clearerr.o)
 .text          0x00000000c0000000        0x0 ../apps/import/libs/libc.a(lib_tmpfile.o)
 .text          0x00000000c0000000        0x0 ../apps/import/libs/libc.a(lib_libfilelock.o)
 .text          0x00000000c0000000        0x0 ../apps/import/libs/libc.a(lib_libgetstreams.o)
 .text          0x00000000c0000000        0x0 ../apps/import/libs/libc.a(lib_abort.o)
 .text          0x00000000c0000000        0x0 ../apps/import/libs/libc.a(lib_atoi.o)
 .text          0x00000000c0000000        0x0 ../apps/import/libs/libc.a(lib_exit.o)
 .text          0x00000000c0000000        0x0 ../apps/import/libs/libc.a(lib_realpath.o)
 .text          0x00000000c0000000        0x0 ../apps/import/libs/libc.a(lib_strtol.o)
 .text          0x00000000c0000000        0x0 ../apps/import/libs/libc.a(lib_strtoul.o)
 .text          0x00000000c0000000        0x0 ../apps/import/libs/libc.a(lib_strtold.o)
 .text          0x00000000c0000000        0x0 ../apps/import/libs/libc.a(lib_checkbase.o)
 .text          0x00000000c0000000        0x0 ../apps/import/libs/libc.a(lib_mkstemp.o)
 .text          0x00000000c0000000        0x0 ../apps/import/libs/libc.a(lib_atexit.o)
 .text          0x00000000c0000000        0x0 ../apps/import/libs/libc.a(lib_memoutstream.o)
 .text          0x00000000c0000000        0x0 ../apps/import/libs/libc.a(lib_nulloutstream.o)
 .text          0x00000000c0000000        0x0 ../apps/import/libs/libc.a(lib_libnoflush.o)
 .text          0x00000000c0000000        0x0 ../apps/import/libs/libc.a(lib_stdoutstream.o)
 .text          0x00000000c0000000        0x0 ../apps/import/libs/libc.a(lib_flsl.o)
 .text          0x00000000c0000000        0x0 ../apps/import/libs/libc.a(lib_isbasedigit.o)
 .text          0x00000000c0000000        0x0 ../apps/import/libs/libc.a(lib_skipspace.o)
 .text          0x00000000c0000000        0x0 ../apps/import/libs/libc.a(lib_strcat.o)
 .text          0x00000000c0000000        0x0 ../apps/import/libs/libc.a(lib_strdup.o)
 .text          0x00000000c0000000        0x0 ../apps/import/libs/libc.a(lib_strerror.o)
 .text          0x00000000c0000000        0x0 ../apps/import/libs/libc.a(lib_strrchr.o)
 .text          0x00000000c0000000        0x0 ../apps/import/libs/libc.a(lib_strspn.o)
 .text          0x00000000c0000000        0x0 ../apps/import/libs/libc.a(lib_memchr.o)
 .text          0x00000000c0000000        0x0 ../apps/import/libs/libc.a(lib_memcmp.o)
 .text          0x00000000c0000000        0x0 ../apps/import/libs/libc.a(lib_memmove.o)
 .text          0x00000000c0000000        0x0 ../apps/import/libs/libc.a(lib_memset.o)
 .text          0x00000000c0000000        0x0 ../apps/import/libs/libc.a(lib_strchr.o)
 .text          0x00000000c0000000        0x0 ../apps/import/libs/libc.a(lib_strcmp.o)
 .text          0x00000000c0000000        0x0 ../apps/import/libs/libc.a(lib_strcpy.o)
 .text          0x00000000c0000000        0x0 ../apps/import/libs/libc.a(lib_strlcpy.o)
 .text          0x00000000c0000000        0x0 ../apps/import/libs/libc.a(lib_strlen.o)
 .text          0x00000000c0000000        0x0 ../apps/import/libs/libc.a(lib_strnlen.o)
 .text          0x00000000c0000000        0x0 ../apps/import/libs/libc.a(lib_memcpy.o)
 .text          0x00000000c0000000        0x0 ../apps/import/libs/libc.a(lib_syslog.o)
 .text          0x00000000c0000000        0x0 ../apps/import/libs/libc.a(lib_setlogmask.o)
 .text          0x00000000c0000000        0x0 ../apps/import/libs/libc.a(lib_isatty.o)
 .text          0x00000000c0000000        0x0 ../apps/import/libs/libc.a(lib_tcgetattr.o)
 .text          0x00000000c0000000        0x0 ../apps/import/libs/libc.a(lib_tcsetattr.o)
 .text          0x00000000c0000000        0x0 ../apps/import/libs/libc.a(lib_gettimeofday.o)
 .text          0x00000000c0000000        0x0 ../apps/import/libs/libc.a(lib_nanosleep.o)
 .text          0x00000000c0000000        0x0 ../apps/import/libs/libc.a(lib_gmtimer.o)
 .text          0x00000000c0000000        0x0 ../apps/import/libs/libc.a(task_getinfo.o)
 .text          0x00000000c0000000        0x0 ../apps/import/libs/libc.a(lib_sysconf.o)
 .text          0x00000000c0000000        0x0 ../apps/import/libs/libc.a(lib_getoptindp.o)
 .text          0x00000000c0000000        0x0 ../apps/import/libs/libc.a(lib_utimes.o)
 .text          0x00000000c0000000        0x0 ../apps/import/libs/libc.a(lib_setuid.o)
 .text          0x00000000c0000000        0x0 ../apps/import/libs/libc.a(lib_setgid.o)
 .text          0x00000000c0000000        0x0 ../apps/import/libs/libc.a(lib_chdir.o)
 .text          0x00000000c0000000        0x0 ../apps/import/libs/libc.a(lib_getcwd.o)
 .text          0x00000000c0000000        0x0 ../apps/import/libs/libc.a(lib_fork.o)
 .text          0x00000000c0000000        0x0 ../apps/import/libs/libc.a(lib_isspace.o)
 .text          0x00000000c0000000        0x0 ../apps/import/libs/libc.a(lib_isxdigit.o)
 .text          0x00000000c0000000        0x0 ../apps/import/libs/libc.a(lib_getfullpath.o)
 .text          0x00000000c0000000        0x0 ../apps/import/libs/libc.a(sig_addset.o)
 .text          0x00000000c0000000        0x0 ../apps/import/libs/libc.a(sig_emptyset.o)
 .text          0x00000000c0000000        0x0 ../apps/import/libs/libc.a(lib_mktemp.o)
 .text          0x00000000c0000000        0x0 ../apps/import/libs/libc.a(lib_strlcat.o)
 .text          0x00000000c0000000        0x0 ../apps/import/libs/libc.a(lib_tcflush.o)
 .text          0x00000000c0000000        0x0 ../apps/import/libs/libc.a(lib_tcdrain.o)
 .text          0x00000000c0000000        0x0 ../apps/import/libs/libc.a(lib_daysbeforemonth.o)
 .text          0x00000000c0000000        0x0 ../apps/import/libs/libc.a(lib_isleapyear.o)
 .text          0x00000000c0000000        0x0 ../apps/import/libs/libc.a(lib_dayofweek.o)
 .text          0x00000000c0000000        0x0 ../apps/import/libs/libc.a(lib_getoptvars.o)
 .text          0x00000000c0000000        0x0 ../apps/import/libs/libproxies.a(PROXY__assert.o)
 .text          0x00000000c0000000        0x0 ../apps/import/libs/libproxies.a(PROXY__exit.o)
 .text          0x00000000c0000000        0x0 ../apps/import/libs/libproxies.a(PROXY_clock.o)
 .text          0x00000000c0000000        0x0 ../apps/import/libs/libproxies.a(PROXY_clock_gettime.o)
 .text          0x00000000c0000000        0x0 ../apps/import/libs/libproxies.a(PROXY_clock_nanosleep.o)
 .text          0x00000000c0000000        0x0 ../apps/import/libs/libproxies.a(PROXY_close.o)
 .text          0x00000000c0000000        0x0 ../apps/import/libs/libproxies.a(PROXY_dup.o)
 .text          0x00000000c0000000        0x0 ../apps/import/libs/libproxies.a(PROXY_dup2.o)
 .text          0x00000000c0000000        0x0 ../apps/import/libs/libproxies.a(PROXY_execve.o)
 .text          0x00000000c0000000        0x0 ../apps/import/libs/libproxies.a(PROXY_fcntl.o)
 .text          0x00000000c0000000        0x0 ../apps/import/libs/libproxies.a(PROXY_get_environ_ptr.o)
 .text          0x00000000c0000000        0x0 ../apps/import/libs/libproxies.a(PROXY_getenv.o)
 .text          0x00000000c0000000        0x0 ../apps/import/libs/libproxies.a(PROXY_getpid.o)
 .text          0x00000000c0000000        0x0 ../apps/import/libs/libproxies.a(PROXY_gettid.o)
 .text          0x00000000c0000000        0x0 ../apps/import/libs/libproxies.a(PROXY_ioctl.o)
 .text          0x00000000c0000000        0x0 ../apps/import/libs/libproxies.a(PROXY_kill.o)
 .text          0x00000000c0000000        0x0 ../apps/import/libs/libproxies.a(PROXY_lseek.o)
 .text          0x00000000c0000000        0x0 ../apps/import/libs/libproxies.a(PROXY_lstat.o)
 .text          0x00000000c0000000        0x0 ../apps/import/libs/libproxies.a(PROXY_mkdir.o)
 .text          0x00000000c0000000        0x0 ../apps/import/libs/libproxies.a(PROXY_nx_pthread_create.o)
 .text          0x00000000c0000000        0x0 ../apps/import/libs/libproxies.a(PROXY_nx_pthread_exit.o)
 .text          0x00000000c0000000        0x0 ../apps/import/libs/libproxies.a(PROXY_nx_vsyslog.o)
 .text          0x00000000c0000000        0x0 ../apps/import/libs/libproxies.a(PROXY_nxsem_clockwait.o)
 .text          0x00000000c0000000        0x0 ../apps/import/libs/libproxies.a(PROXY_nxsem_destroy.o)
 .text          0x00000000c0000000        0x0 ../apps/import/libs/libproxies.a(PROXY_nxsem_post.o)
 .text          0x00000000c0000000        0x0 ../apps/import/libs/libproxies.a(PROXY_nxsem_trywait.o)
 .text          0x00000000c0000000        0x0 ../apps/import/libs/libproxies.a(PROXY_nxsem_wait.o)
 .text          0x00000000c0000000        0x0 ../apps/import/libs/libproxies.a(PROXY_open.o)
 .text          0x00000000c0000000        0x0 ../apps/import/libs/libproxies.a(PROXY_pgalloc.o)
 .text          0x00000000c0000000        0x0 ../apps/import/libs/libproxies.a(PROXY_pthread_mutex_destroy.o)
 .text          0x00000000c0000000        0x0 ../apps/import/libs/libproxies.a(PROXY_pthread_mutex_init.o)
 .text          0x00000000c0000000        0x0 ../apps/import/libs/libproxies.a(PROXY_pthread_mutex_timedlock.o)
 .text          0x00000000c0000000        0x0 ../apps/import/libs/libproxies.a(PROXY_pthread_mutex_unlock.o)
 .text          0x00000000c0000000        0x0 ../apps/import/libs/libproxies.a(PROXY_read.o)
 .text          0x00000000c0000000        0x0 ../apps/import/libs/libproxies.a(PROXY_rename.o)
 .text          0x00000000c0000000        0x0 ../apps/import/libs/libproxies.a(PROXY_rmdir.o)
 .text          0x00000000c0000000        0x0 ../apps/import/libs/libproxies.a(PROXY_sched_lock.o)
 .text          0x00000000c0000000        0x0 ../apps/import/libs/libproxies.a(PROXY_sched_unlock.o)
 .text          0x00000000c0000000        0x0 ../apps/import/libs/libproxies.a(PROXY_select.o)
 .text          0x00000000c0000000        0x0 ../apps/import/libs/libproxies.a(PROXY_setenv.o)
 .text          0x00000000c0000000        0x0 ../apps/import/libs/libproxies.a(PROXY_sigaction.o)
 .text          0x00000000c0000000        0x0 ../apps/import/libs/libproxies.a(PROXY_stat.o)
 .text          0x00000000c0000000        0x0 ../apps/import/libs/libproxies.a(PROXY_unlink.o)
 .text          0x00000000c0000000        0x0 ../apps/import/libs/libproxies.a(PROXY_unsetenv.o)
 .text          0x00000000c0000000        0x0 ../apps/import/libs/libproxies.a(PROXY_up_fork.o)
 .text          0x00000000c0000000        0x0 ../apps/import/libs/libproxies.a(PROXY_utimens.o)
 .text          0x00000000c0000000        0x0 ../apps/import/libs/libproxies.a(PROXY_waitpid.o)
 .text          0x00000000c0000000        0x0 ../apps/import/libs/libproxies.a(PROXY_write.o)
 .text          0x00000000c0000000       0x30 ../apps/import/libs/libgcc.a(_clzsi2.o)
                0x00000000c0000000                __clzdi2
 .text          0x00000000c0000030       0x30 ../apps/import/libs/libgcc.a(_ctzsi2.o)
                0x00000000c0000030                __ctzdi2
 .text          0x00000000c0000060      0x39a ../apps/import/libs/libgcc.a(_divdi3.o)
                0x00000000c0000060                __divti3
 .text          0x00000000c00003fa      0x382 ../apps/import/libs/libgcc.a(_moddi3.o)
                0x00000000c00003fa                __modti3
 .text          0x00000000c000077c      0x34c ../apps/import/libs/libgcc.a(_udivdi3.o)
                0x00000000c000077c                __udivti3
 .text          0x00000000c0000ac8      0x348 ../apps/import/libs/libgcc.a(_umoddi3.o)
                0x00000000c0000ac8                __umodti3
 .text          0x00000000c0000e10      0x830 ../apps/import/libs/libgcc.a(addtf3.o)
                0x00000000c0000e10                __addtf3
 .text          0x00000000c0001640      0x6b0 ../apps/import/libs/libgcc.a(divtf3.o)
                0x00000000c0001640                __divtf3
 .text          0x00000000c0001cf0       0x94 ../apps/import/libs/libgcc.a(eqtf2.o)
                0x00000000c0001cf0                __eqtf2
                0x00000000c0001cf0                __netf2
 .text          0x00000000c0001d84       0xa6 ../apps/import/libs/libgcc.a(getf2.o)
                0x00000000c0001d84                __getf2
                0x00000000c0001d84                __gttf2
 .text          0x00000000c0001e2a      0x606 ../apps/import/libs/libgcc.a(multf3.o)
                0x00000000c0001e2a                __multf3
 .text          0x00000000c0002430      0x82c ../apps/import/libs/libgcc.a(subtf3.o)
                0x00000000c0002430                __subtf3
 .text          0x00000000c0002c5c       0x58 ../apps/import/libs/libgcc.a(floatsitf.o)
                0x00000000c0002c5c                __floatsitf
 .text          0x00000000c0002cb4       0x3a ../apps/import/libs/libgcc.a(floatunsitf.o)
                0x00000000c0002cb4                __floatunsitf
 .text          0x00000000c0002cee       0x84 ../apps/import/libs/libgcc.a(floatditf.o)
                0x00000000c0002cee                __floatditf
 .text          0x00000000c0002d72       0xc2 ../apps/import/libs/libgcc.a(extenddftf2.o)
                0x00000000c0002d72                __extenddftf2
 .text          0x00000000c0002e34      0x1da ../apps/import/libs/libgcc.a(trunctfsf2.o)
                0x00000000c0002e34                __trunctfsf2
 .text          0x00000000c000300e      0x22c ../apps/import/libs/libgcc.a(trunctfdf2.o)
                0x00000000c000300e                __trunctfdf2
 .text          0x00000000c000323a        0x0 ../apps/import/libs/libgcc.a(_clz.o)
 .text          0x00000000c000323a        0x0 ../apps/import/libs/libm.a(lib_acos.o)
 .text          0x00000000c000323a        0x0 ../apps/import/libs/libm.a(lib_asin.o)
 .text          0x00000000c000323a        0x0 ../apps/import/libs/libm.a(lib_atan.o)
 .text          0x00000000c000323a        0x0 ../apps/import/libs/libm.a(lib_atan2.o)
 .text          0x00000000c000323a        0x0 ../apps/import/libs/libm.a(lib_cos.o)
 .text          0x00000000c000323a        0x0 ../apps/import/libs/libm.a(lib_cosh.o)
 .text          0x00000000c000323a        0x0 ../apps/import/libs/libm.a(lib_exp.o)
 .text          0x00000000c000323a        0x0 ../apps/import/libs/libm.a(lib_fabs.o)
 .text          0x00000000c000323a        0x0 ../apps/import/libs/libm.a(lib_fmod.o)
 .text          0x00000000c000323a        0x0 ../apps/import/libs/libm.a(lib_log.o)
 .text          0x00000000c000323a        0x0 ../apps/import/libs/libm.a(lib_log10.o)
 .text          0x00000000c000323a        0x0 ../apps/import/libs/libm.a(lib_log2.o)
 .text          0x00000000c000323a        0x0 ../apps/import/libs/libm.a(lib_modf.o)
 .text          0x00000000c000323a        0x0 ../apps/import/libs/libm.a(lib_pow.o)
 .text          0x00000000c000323a        0x0 ../apps/import/libs/libm.a(lib_sin.o)
 .text          0x00000000c000323a        0x0 ../apps/import/libs/libm.a(lib_sinh.o)
 .text          0x00000000c000323a        0x0 ../apps/import/libs/libm.a(lib_sqrt.o)
 .text          0x00000000c000323a        0x0 ../apps/import/libs/libm.a(lib_tan.o)
 .text          0x00000000c000323a        0x0 ../apps/import/libs/libm.a(lib_tanh.o)
 .text          0x00000000c000323a        0x0 ../apps/import/libs/libm.a(lib_asinh.o)
 .text          0x00000000c000323a        0x0 ../apps/import/libs/libm.a(lib_acosh.o)
 .text          0x00000000c000323a        0x0 ../apps/import/libs/libm.a(lib_atanh.o)
 .text          0x00000000c000323a        0x0 ../apps/import/libs/libm.a(lib_cbrt.o)
 .text          0x00000000c000323a        0x0 ../apps/import/libs/libm.a(lib_libexpi.o)
 .text          0x00000000c000323a        0x0 ../apps/import/libs/libm.a(lib_libsqrtapprox.o)
 .text          0x00000000c000323a        0x0 ../apps/import/libs/libm.a(lib_expm1.o)
 .text          0x00000000c000323a        0x0 ../apps/import/libs/libm.a(lib_fmax.o)
 .text          0x00000000c000323a        0x0 ../apps/import/libs/libm.a(lib_fmin.o)
 .text          0x00000000c000323a        0x0 ../apps/import/libs/libm.a(lib_ceil.o)
 .text          0x00000000c000323a        0x0 ../apps/import/libs/libm.a(lib_floor.o)
 .text          0x00000000c000323a        0x0 ../apps/import/libs/libm.a(lib_round.o)
 .text          0x00000000c000323a        0x0 ../apps/import/libs/libm.a(lib_trunc.o)
 .text          0x00000000c000323a       0xa6 /Users/Luppy/riscv64-unknown-elf-toolchain-10.2.0-2020.12.8-x86_64-apple-darwin/lib/gcc/riscv64-unknown-elf/10.2.0/rv64imafdc/lp64d/libgcc.a(letf2.o)
                0x00000000c000323a                __letf2
                0x00000000c000323a                __lttf2
 .text          0x00000000c00032e0       0xa4 /Users/Luppy/riscv64-unknown-elf-toolchain-10.2.0-2020.12.8-x86_64-apple-darwin/lib/gcc/riscv64-unknown-elf/10.2.0/rv64imafdc/lp64d/libgcc.a(extendsftf2.o)
                0x00000000c00032e0                __extendsftf2
 .text          0x00000000c0003384        0x0 ../apps/import/libs/libmm.a(umm_zalloc.o)
 *(.text.*)
 .text.sig_trampoline
                0x00000000c0003384       0x1a ../apps/import/startup/crt0.o
 .text._start   0x00000000c000339e       0x1c ../apps/import/startup/crt0.o
                0x00000000c000339e                _start
 .text.js_trace_malloc_usable_size
                0x00000000c00033ba        0x4 .obj/qjs.o
 .text.js_trace_malloc_printf
                0x00000000c00033be       0xe4 .obj/qjs.o
 .text.js_trace_malloc
                0x00000000c00034a2       0x60 .obj/qjs.o
 .text.js_trace_realloc
                0x00000000c0003502       0x88 .obj/qjs.o
 .text.JS_NewCustomContext
                0x00000000c000358a       0xac .obj/qjs.o
 .text.eval_buf
                0x00000000c0003636       0xda .obj/qjs.o
 .text.eval_file
                0x00000000c0003710       0x76 .obj/qjs.o
 .text.js_trace_free
                0x00000000c0003786       0x38 .obj/qjs.o
 .text.help     0x00000000c00037be       0x16 .obj/qjs.o
                0x00000000c00037be                help
 .text.startup.main
                0x00000000c00037d4      0x808 .obj/qjs.o
                0x00000000c00037d4                main
 .text.bswap32  0x00000000c0003fdc       0x28 .obj/quickjs.o
 .text.bswap64  0x00000000c0004004       0x56 .obj/quickjs.o
 .text.list_del
                0x00000000c000405a       0x12 .obj/quickjs.o
 .text.js_malloc_usable_size_unknown
                0x00000000c000406c        0x4 .obj/quickjs.o
 .text.js_realloc_rt
                0x00000000c0004070        0x8 .obj/quickjs.o
                0x00000000c0004070                js_realloc_rt
 .text.js_bf_realloc
                0x00000000c0004078        0x2 .obj/quickjs.o
 .text.invalid_from_string
                0x00000000c000407a       0x20 .obj/quickjs.o
 .text.is_strict_mode
                0x00000000c000409a       0x10 .obj/quickjs.o
 .text.is_num_string
                0x00000000c00040aa       0x9e .obj/quickjs.o
 .text.JS_IsEmptyString
                0x00000000c0004148       0x1e .obj/quickjs.o
 .text.string_get
                0x00000000c0004166       0x1a .obj/quickjs.o
 .text.string_getc
                0x00000000c0004180       0x80 .obj/quickjs.o
 .text.js_shape_hash_link
                0x00000000c0004200       0x38 .obj/quickjs.o
 .text.js_shape_hash_unlink
                0x00000000c0004238       0x3a .obj/quickjs.o
 .text.js_c_function_mark
                0x00000000c0004272       0x12 .obj/quickjs.o
 .text.gc_scan_incref_child2
                0x00000000c0004284        0x8 .obj/quickjs.o
 .text.JS_GetPrototypePrimitive
                0x00000000c000428c       0x6a .obj/quickjs.o
 .text.to_digit
                0x00000000c00042f6       0x36 .obj/quickjs.o
 .text.js_generator_mark
                0x00000000c000432c       0x16 .obj/quickjs.o
 .text.js_async_function_resolve_mark
                0x00000000c0004342       0x12 .obj/quickjs.o
 .text.token_is_pseudo_keyword
                0x00000000c0004354       0x20 .obj/quickjs.o
 .text.update_token_ident
                0x00000000c0004374       0x9a .obj/quickjs.o
 .text.get_prev_opcode
                0x00000000c000440e       0x18 .obj/quickjs.o
 .text.js_is_live_code
                0x00000000c0004426       0x58 .obj/quickjs.o
 .text.find_global_var
                0x00000000c000447e       0x28 .obj/quickjs.o
 .text.token_is_ident
                0x00000000c00044a6       0x16 .obj/quickjs.o
 .text.exec_module_list_cmp
                0x00000000c00044bc       0x14 .obj/quickjs.o
 .text.can_opt_put_ref_value
                0x00000000c00044d0       0x3c .obj/quickjs.o
 .text.add_pc2line_info
                0x00000000c000450c       0x46 .obj/quickjs.o
 .text.code_has_label
                0x00000000c0004552       0x84 .obj/quickjs.o
 .text.bc_set_flags
                0x00000000c00045d6       0x14 .obj/quickjs.o
 .text.js_function_proto
                0x00000000c00045ea        0xa .obj/quickjs.o
 .text.js_string_delete_property
                0x00000000c00045f4       0x32 .obj/quickjs.o
 .text.string_cmp
                0x00000000c0004626       0x64 .obj/quickjs.o
 .text.string_indexof_char
                0x00000000c000468a       0x4c .obj/quickjs.o
 .text.string_indexof
                0x00000000c00046d6       0x90 .obj/quickjs.o
 .text.js_math_sign
                0x00000000c0004766       0x2a .obj/quickjs.o
 .text.js_math_round
                0x00000000c0004790       0x64 .obj/quickjs.o
 .text.js_math_fround
                0x00000000c00047f4        0xa .obj/quickjs.o
 .text.js_math_random
                0x00000000c00047fe       0x4c .obj/quickjs.o
 .text.string_get_hex
                0x00000000c000484a       0x76 .obj/quickjs.o
 .text.days_in_year
                0x00000000c00048c0       0x2e .obj/quickjs.o
 .text.string_skip_spaces
                0x00000000c00048ee       0x50 .obj/quickjs.o
 .text.string_get_digits
                0x00000000c000493e       0x84 .obj/quickjs.o
 .text.string_get_signed_digits
                0x00000000c00049c2       0x70 .obj/quickjs.o
 .text.js_array_buffer_isView
                0x00000000c0004a32       0x2c .obj/quickjs.o
 .text.js_TA_cmp_int8
                0x00000000c0004a5e        0xc .obj/quickjs.o
 .text.js_TA_cmp_uint8
                0x00000000c0004a6a        0xc .obj/quickjs.o
 .text.js_TA_cmp_int16
                0x00000000c0004a76        0xc .obj/quickjs.o
 .text.js_TA_cmp_uint16
                0x00000000c0004a82        0xc .obj/quickjs.o
 .text.js_TA_cmp_int32
                0x00000000c0004a8e       0x10 .obj/quickjs.o
 .text.js_TA_cmp_uint32
                0x00000000c0004a9e       0x10 .obj/quickjs.o
 .text.js_TA_cmp_int64
                0x00000000c0004aae       0x10 .obj/quickjs.o
 .text.js_TA_cmp_uint64
                0x00000000c0004abe       0x10 .obj/quickjs.o
 .text.js_TA_get_int8
                0x00000000c0004ace       0x12 .obj/quickjs.o
 .text.js_TA_get_uint8
                0x00000000c0004ae0       0x12 .obj/quickjs.o
 .text.js_TA_get_int16
                0x00000000c0004af2       0x12 .obj/quickjs.o
 .text.js_TA_get_uint16
                0x00000000c0004b04       0x12 .obj/quickjs.o
 .text.js_TA_get_int32
                0x00000000c0004b16       0x10 .obj/quickjs.o
 .text.js_TA_get_uint32
                0x00000000c0004b26       0x2e .obj/quickjs.o
 .text.js_TA_get_float32
                0x00000000c0004b54       0x14 .obj/quickjs.o
 .text.js_TA_get_float64
                0x00000000c0004b68        0xa .obj/quickjs.o
 .text.JS_NewClass1
                0x00000000c0004b72      0x14e .obj/quickjs.o
 .text.init_class_range
                0x00000000c0004cc0       0x50 .obj/quickjs.o
 .text.js_module_ns_has
                0x00000000c0004d10       0x48 .obj/quickjs.o
 .text.get_leb128
                0x00000000c0004d58       0x44 .obj/quickjs.o
 .text.get_sleb128
                0x00000000c0004d9c       0x34 .obj/quickjs.o
 .text.JS_AtomIsArrayIndex
                0x00000000c0004dd0       0x72 .obj/quickjs.o
 .text.num_keys_cmp
                0x00000000c0004e42       0x5a .obj/quickjs.o
 .text.JS_AtomGetKind
                0x00000000c0004e9c       0x4e .obj/quickjs.o
 .text.js_pow   0x00000000c0004eea       0x42 .obj/quickjs.o
 .text.skip_shebang
                0x00000000c0004f2c       0x9c .obj/quickjs.o
 .text.skip_spaces
                0x00000000c0004fc8       0x5c .obj/quickjs.o
 .text.dbuf_put_leb128
                0x00000000c0005024       0x34 .obj/quickjs.o
 .text.emit_u8  0x00000000c0005058        0xa .obj/quickjs.o
 .text.js_dbuf_init
                0x00000000c0005062       0x12 .obj/quickjs.o
 .text.code_match
                0x00000000c0005074      0x236 .obj/quickjs.o
 .text.js_def_malloc
                0x00000000c00052aa       0x48 .obj/quickjs.o
 .text.dbuf_put_u16
                0x00000000c00052f2       0x18 .obj/quickjs.o
 .text.emit_u16
                0x00000000c000530a        0x8 .obj/quickjs.o
 .text.get_loc_or_ref
                0x00000000c0005312       0x2e .obj/quickjs.o
 .text.put_short_code
                0x00000000c0005340       0xe8 .obj/quickjs.o
 .text.dbuf_put_u32
                0x00000000c0005428       0x14 .obj/quickjs.o
 .text.emit_op  0x00000000c000543c       0x54 .obj/quickjs.o
 .text.set_object_name_computed
                0x00000000c0005490       0xa8 .obj/quickjs.o
 .text.pop_scope
                0x00000000c0005538       0x58 .obj/quickjs.o
 .text.close_scopes
                0x00000000c0005590       0x42 .obj/quickjs.o
 .text.emit_u32
                0x00000000c00055d2        0x8 .obj/quickjs.o
 .text.emit_label
                0x00000000c00055da       0x4a .obj/quickjs.o
 .text.push_short_int
                0x00000000c0005624       0x8e .obj/quickjs.o
 .text.getTimezoneOffset
                0x00000000c00056b2       0x46 .obj/quickjs.o
 .text.date_now
                0x00000000c00056f8       0x26 .obj/quickjs.o
 .text.js_Date_now
                0x00000000c000571e       0x34 .obj/quickjs.o
 .text.js_class_has_bytecode
                0x00000000c0005752       0x24 .obj/quickjs.o
 .text.JS_GetFunctionBytecode
                0x00000000c0005776       0x30 .obj/quickjs.o
 .text.js_function_proto_lineNumber
                0x00000000c00057a6       0x38 .obj/quickjs.o
 .text.gc_scan_incref_child
                0x00000000c00057de       0x4e .obj/quickjs.o
 .text.compute_jsstring_size
                0x00000000c000582c       0x4a .obj/quickjs.o
 .text.compute_value_size
                0x00000000c0005876       0x14 .obj/quickjs.o
 .text.check_define_prop_flags
                0x00000000c000588a       0x68 .obj/quickjs.o
 .text.tag_is_number
                0x00000000c00058f2       0x18 .obj/quickjs.o
 .text.is_var_in_arg_scope
                0x00000000c000590a       0x32 .obj/quickjs.o
 .text.string_advance_index
                0x00000000c000593c       0x2e .obj/quickjs.o
 .text.js_string_find_invalid_codepoint.part.0
                0x00000000c000596a       0x66 .obj/quickjs.o
 .text.js_get_atom_index
                0x00000000c00059d0       0x5a .obj/quickjs.o
 .text.gc_decref_child
                0x00000000c0005a2a       0x68 .obj/quickjs.o
 .text.update_label
                0x00000000c0005a92       0x4c .obj/quickjs.o
 .text.find_jump_target
                0x00000000c0005ade      0x120 .obj/quickjs.o
 .text.time_clip
                0x00000000c0005bfe       0x48 .obj/quickjs.o
 .text.js_def_free
                0x00000000c0005c46       0x18 .obj/quickjs.o
 .text.js_def_realloc
                0x00000000c0005c5e       0x3e .obj/quickjs.o
 .text.lre_js_is_ident_first
                0x00000000c0005c9c       0x2c .obj/quickjs.o
 .text.lre_js_is_ident_next
                0x00000000c0005cc8       0x4c .obj/quickjs.o
 .text.simple_next_token
                0x00000000c0005d14      0x244 .obj/quickjs.o
 .text.peek_token
                0x00000000c0005f58       0x14 .obj/quickjs.o
 .text.JS_WriteString
                0x00000000c0005f6c       0xa2 .obj/quickjs.o
 .text.set_eval_ret_undefined
                0x00000000c000600e       0x36 .obj/quickjs.o
 .text.js_cmp_doubles
                0x00000000c0006044       0x42 .obj/quickjs.o
 .text.js_TA_cmp_float64
                0x00000000c0006086        0x6 .obj/quickjs.o
 .text.js_TA_cmp_float32
                0x00000000c000608c       0x12 .obj/quickjs.o
 .text.string_get_month
                0x00000000c000609e       0xa6 .obj/quickjs.o
 .text.string_get_fixed_width_digits.constprop.0
                0x00000000c0006144       0x84 .obj/quickjs.o
 .text.delete_weak_ref.constprop.0
                0x00000000c00061c8       0x34 .obj/quickjs.o
 .text.optimize_scope_make_ref.constprop.0
                0x00000000c00061fc       0xda .obj/quickjs.o
 .text.find_private_class_field.constprop.0
                0x00000000c00062d6       0x30 .obj/quickjs.o
 .text.find_lexical_decl.constprop.0
                0x00000000c0006306       0x5c .obj/quickjs.o
 .text.JS_CompactBigInt1.constprop.0
                0x00000000c0006362       0x50 .obj/quickjs.o
 .text.js_get_fast_array.constprop.0
                0x00000000c00063b2       0x36 .obj/quickjs.o
 .text.copy_str16.constprop.0
                0x00000000c00063e8       0x36 .obj/quickjs.o
 .text.js_fcvt1.constprop.0
                0x00000000c000641e       0x66 .obj/quickjs.o
 .text.js_ecvt1.constprop.0
                0x00000000c0006484       0xb0 .obj/quickjs.o
 .text.JS_AtomGetStrRT.constprop.0
                0x00000000c0006534      0x136 .obj/quickjs.o
 .text.JS_AtomGetStr.constprop.0
                0x00000000c000666a        0x4 .obj/quickjs.o
 .text.JS_DupValue.constprop.0
                0x00000000c000666e       0x1a .obj/quickjs.o
 .text.js_promise_finally_value_thunk
                0x00000000c0006688        0xe .obj/quickjs.o
 .text.js_iterator_proto_iterator
                0x00000000c0006696        0xa .obj/quickjs.o
 .text.js_get_this
                0x00000000c00066a0        0xa .obj/quickjs.o
 .text.bf_delete
                0x00000000c00066aa       0x12 .obj/quickjs.o
 .text.JS_ToBigFloat
                0x00000000c00066bc       0x70 .obj/quickjs.o
 .text.js_object_has_name.constprop.0.isra.0
                0x00000000c000672c       0x74 .obj/quickjs.o
 .text.JS_NewModuleValue
                0x00000000c00067a0       0x10 .obj/quickjs.o
 .text.js_def_malloc_usable_size
                0x00000000c00067b0        0x4 .obj/quickjs.o
 .text.js_bytecode_function_mark
                0x00000000c00067b4       0x6e .obj/quickjs.o
 .text.js_typed_array_mark
                0x00000000c0006822       0x14 .obj/quickjs.o
 .text.find_var
                0x00000000c0006836       0x48 .obj/quickjs.o
 .text.days_from_year
                0x00000000c000687e       0x82 .obj/quickjs.o
 .text.set_date_fields
                0x00000000c0006900      0x118 .obj/quickjs.o
 .text.js_string_memcmp
                0x00000000c0006a18       0x94 .obj/quickjs.o
 .text.js_string_compare.constprop.0
                0x00000000c0006aac       0x58 .obj/quickjs.o
 .text.print_hex
                0x00000000c0006b04       0x5e .obj/quickjs.o
                0x00000000c0006b04                print_hex
 .text.js_malloc_rt
                0x00000000c0006b62        0x8 .obj/quickjs.o
                0x00000000c0006b62                js_malloc_rt
 .text.js_alloc_string_rt
                0x00000000c0006b6a       0x3c .obj/quickjs.o
 .text.js_free_rt
                0x00000000c0006ba6        0x8 .obj/quickjs.o
                0x00000000c0006ba6                js_free_rt
 .text.JS_FreeAtomStruct
                0x00000000c0006bae       0xb4 .obj/quickjs.o
 .text.__JS_FreeAtom
                0x00000000c0006c62       0x1e .obj/quickjs.o
 .text.js_free_string
                0x00000000c0006c80       0x1e .obj/quickjs.o
 .text.map_decref_record
                0x00000000c0006c9e       0x42 .obj/quickjs.o
 .text.js_array_buffer_finalizer
                0x00000000c0006ce0       0x7c .obj/quickjs.o
 .text.js_array_buffer_free
                0x00000000c0006d5c        0x4 .obj/quickjs.o
 .text.js_malloc_usable_size_rt
                0x00000000c0006d60        0x6 .obj/quickjs.o
                0x00000000c0006d60                js_malloc_usable_size_rt
 .text.js_mallocz_rt
                0x00000000c0006d66       0x1e .obj/quickjs.o
                0x00000000c0006d66                js_mallocz_rt
 .text.JS_ResizeAtomHash
                0x00000000c0006d84       0xb6 .obj/quickjs.o
 .text.js_free  0x00000000c0006e3a        0x6 .obj/quickjs.o
                0x00000000c0006e3a                js_free
 .text.string_buffer_set_error
                0x00000000c0006e40       0x26 .obj/quickjs.o
 .text.string_buffer_free
                0x00000000c0006e66       0x1c .obj/quickjs.o
 .text.js_malloc_usable_size
                0x00000000c0006e82        0x4 .obj/quickjs.o
                0x00000000c0006e82                js_malloc_usable_size
 .text.JS_GetRuntimeOpaque
                0x00000000c0006e86        0x6 .obj/quickjs.o
                0x00000000c0006e86                JS_GetRuntimeOpaque
 .text.JS_SetRuntimeOpaque
                0x00000000c0006e8c        0x6 .obj/quickjs.o
                0x00000000c0006e8c                JS_SetRuntimeOpaque
 .text.JS_SetMemoryLimit
                0x00000000c0006e92        0x4 .obj/quickjs.o
                0x00000000c0006e92                JS_SetMemoryLimit
 .text.JS_SetGCThreshold
                0x00000000c0006e96        0x4 .obj/quickjs.o
                0x00000000c0006e96                JS_SetGCThreshold
 .text.JS_SetInterruptHandler
                0x00000000c0006e9a        0xa .obj/quickjs.o
                0x00000000c0006e9a                JS_SetInterruptHandler
 .text.JS_SetCanBlock
                0x00000000c0006ea4        0x6 .obj/quickjs.o
                0x00000000c0006ea4                JS_SetCanBlock
 .text.JS_SetSharedArrayBufferFunctions
                0x00000000c0006eaa       0x16 .obj/quickjs.o
                0x00000000c0006eaa                JS_SetSharedArrayBufferFunctions
 .text.JS_IsJobPending
                0x00000000c0006ec0       0x10 .obj/quickjs.o
                0x00000000c0006ec0                JS_IsJobPending
 .text.JS_SetRuntimeInfo
                0x00000000c0006ed0        0x6 .obj/quickjs.o
                0x00000000c0006ed0                JS_SetRuntimeInfo
 .text.JS_GetContextOpaque
                0x00000000c0006ed6        0x6 .obj/quickjs.o
                0x00000000c0006ed6                JS_GetContextOpaque
 .text.JS_SetContextOpaque
                0x00000000c0006edc        0x6 .obj/quickjs.o
                0x00000000c0006edc                JS_SetContextOpaque
 .text.JS_GetClassProto
                0x00000000c0006ee2       0x34 .obj/quickjs.o
                0x00000000c0006ee2                JS_GetClassProto
 .text.JS_DupContext
                0x00000000c0006f16        0x8 .obj/quickjs.o
                0x00000000c0006f16                JS_DupContext
 .text.JS_GetRuntime
                0x00000000c0006f1e        0x4 .obj/quickjs.o
                0x00000000c0006f1e                JS_GetRuntime
 .text.JS_SetMaxStackSize
                0x00000000c0006f22        0xe .obj/quickjs.o
                0x00000000c0006f22                JS_SetMaxStackSize
 .text.JS_UpdateStackTop
                0x00000000c0006f30       0x10 .obj/quickjs.o
                0x00000000c0006f30                JS_UpdateStackTop
 .text.hash_string8
                0x00000000c0006f40       0x22 .obj/quickjs.o
                0x00000000c0006f40                hash_string8
 .text.hash_string
                0x00000000c0006f62       0x34 .obj/quickjs.o
 .text.__JS_NewAtom
                0x00000000c0006f96      0x2e6 .obj/quickjs.o
 .text.__JS_NewAtomInit
                0x00000000c000727c       0x5a .obj/quickjs.o
 .text.JS_NewAtomStr
                0x00000000c00072d6       0x42 .obj/quickjs.o
 .text.map_hash_key.constprop.0
                0x00000000c0007318       0x96 .obj/quickjs.o
 .text.__JS_FindAtom.constprop.0
                0x00000000c00073ae      0x11c .obj/quickjs.o
 .text.JS_DupAtom
                0x00000000c00074ca       0x24 .obj/quickjs.o
                0x00000000c00074ca                JS_DupAtom
 .text.emit_atom
                0x00000000c00074ee       0x1e .obj/quickjs.o
 .text.JS_FreeAtom
                0x00000000c000750c       0x10 .obj/quickjs.o
                0x00000000c000750c                JS_FreeAtom
 .text.js_free_prop_enum
                0x00000000c000751c       0x42 .obj/quickjs.o
 .text.put_lvalue
                0x00000000c000755e      0x1d8 .obj/quickjs.o
 .text.set_object_name
                0x00000000c0007736      0x10c .obj/quickjs.o
 .text.skip_dead_code
                0x00000000c0007842      0x190 .obj/quickjs.o
 .text.JS_FreeAtomRT
                0x00000000c00079d2        0xe .obj/quickjs.o
                0x00000000c00079d2                JS_FreeAtomRT
 .text.free_bytecode_atoms
                0x00000000c00079e0       0xa2 .obj/quickjs.o
 .text.JS_NewClassID
                0x00000000c0007a82       0x1a .obj/quickjs.o
                0x00000000c0007a82                JS_NewClassID
 .text.JS_IsRegisteredClass
                0x00000000c0007a9c       0x22 .obj/quickjs.o
                0x00000000c0007a9c                JS_IsRegisteredClass
 .text.JS_NewClass
                0x00000000c0007abe       0x70 .obj/quickjs.o
                0x00000000c0007abe                JS_NewClass
 .text.__JS_FreeValue
                0x00000000c0007b2e        0xa .obj/quickjs.o
                0x00000000c0007b2e                __JS_FreeValue
 .text.JS_FreeValue
                0x00000000c0007b38       0x24 .obj/quickjs.o
 .text.js_strict_eq2
                0x00000000c0007b5c      0x166 .obj/quickjs.o
 .text.js_same_value
                0x00000000c0007cc2       0x36 .obj/quickjs.o
 .text.js_object_is
                0x00000000c0007cf8       0x24 .obj/quickjs.o
 .text.map_find_record
                0x00000000c0007d1c       0x8e .obj/quickjs.o
 .text.js_strict_eq_slow
                0x00000000c0007daa       0x4c .obj/quickjs.o
 .text.free_arg_list
                0x00000000c0007df6       0x3e .obj/quickjs.o
 .text.js_free_desc
                0x00000000c0007e34       0x30 .obj/quickjs.o
 .text.JS_ToBoolFree
                0x00000000c0007e64       0xa0 .obj/quickjs.o
 .text.js_method_set_home_object
                0x00000000c0007f04       0x66 .obj/quickjs.o
 .text.JS_FreeBigInt
                0x00000000c0007f6a       0x18 .obj/quickjs.o
 .text.set_value
                0x00000000c0007f82       0x14 .obj/quickjs.o
 .text.JS_SetClassProto
                0x00000000c0007f96       0x36 .obj/quickjs.o
                0x00000000c0007f96                JS_SetClassProto
 .text.JS_ExecutePendingJob
                0x00000000c0007fcc       0x8a .obj/quickjs.o
                0x00000000c0007fcc                JS_ExecutePendingJob
 .text.JS_FreeContext
                0x00000000c0008056      0x150 .obj/quickjs.o
                0x00000000c0008056                JS_FreeContext
 .text.js_c_function_finalizer
                0x00000000c00081a6       0x14 .obj/quickjs.o
 .text.free_property
                0x00000000c00081ba       0x7c .obj/quickjs.o
 .text.free_gc_object
                0x00000000c0008236      0x22e .obj/quickjs.o
 .text.free_zero_refcount
                0x00000000c0008464       0x4e .obj/quickjs.o
 .text.async_func_free
                0x00000000c00084b2       0x60 .obj/quickjs.o
 .text.close_var_refs
                0x00000000c0008512       0x82 .obj/quickjs.o
 .text.free_generator_stack_rt
                0x00000000c0008594       0x2a .obj/quickjs.o
 .text.js_async_generator_complete
                0x00000000c00085be       0x28 .obj/quickjs.o
 .text.js_async_function_resolve_finalizer
                0x00000000c00085e6       0x14 .obj/quickjs.o
 .text.__JS_FreeValueRT
                0x00000000c00085fa       0xbe .obj/quickjs.o
                0x00000000c00085fa                __JS_FreeValueRT
 .text.JS_FreeValueRT
                0x00000000c00086b8       0x26 .obj/quickjs.o
 .text.promise_reaction_data_free
                0x00000000c00086de       0x38 .obj/quickjs.o
 .text.js_free_shape
                0x00000000c0008716       0x98 .obj/quickjs.o
 .text.free_var_ref
                0x00000000c00087ae       0x78 .obj/quickjs.o
 .text.js_free_module_def
                0x00000000c0008826      0x112 .obj/quickjs.o
 .text.js_free_modules
                0x00000000c0008938       0x44 .obj/quickjs.o
 .text.async_func_free_frame
                0x00000000c000897c       0x7a .obj/quickjs.o
 .text.js_regexp_string_iterator_finalizer
                0x00000000c00089f6       0x3e .obj/quickjs.o
 .text.js_array_iterator_finalizer
                0x00000000c0008a34       0x34 .obj/quickjs.o
 .text.js_map_finalizer
                0x00000000c0008a68       0x96 .obj/quickjs.o
 .text.js_typed_array_finalizer
                0x00000000c0008afe       0x40 .obj/quickjs.o
 .text.js_regexp_finalizer
                0x00000000c0008b3e       0x30 .obj/quickjs.o
 .text.js_for_in_iterator_finalizer
                0x00000000c0008b6e       0x56 .obj/quickjs.o
 .text.js_bound_function_finalizer
                0x00000000c0008bc4       0x54 .obj/quickjs.o
 .text.js_bytecode_function_finalizer
                0x00000000c0008c18       0x82 .obj/quickjs.o
 .text.js_object_data_finalizer
                0x00000000c0008c9a       0x24 .obj/quickjs.o
 .text.js_array_finalizer
                0x00000000c0008cbe       0x3a .obj/quickjs.o
 .text.map_delete_record.part.0
                0x00000000c0008cf8       0x78 .obj/quickjs.o
 .text.js_async_generator_free
                0x00000000c0008d70       0x7a .obj/quickjs.o
 .text.js_promise_resolve_function_finalizer
                0x00000000c0008dea       0x46 .obj/quickjs.o
 .text.js_map_iterator_finalizer
                0x00000000c0008e30       0x50 .obj/quickjs.o
 .text.JS_FreeCString
                0x00000000c0008e80       0x12 .obj/quickjs.o
                0x00000000c0008e80                JS_FreeCString
 .text.value_buffer_free
                0x00000000c0008e92       0x48 .obj/quickjs.o
 .text.free_token
                0x00000000c0008eda       0x88 .obj/quickjs.o
 .text.js_free_function_def
                0x00000000c0008f62      0x17a .obj/quickjs.o
 .text.js_compare_bigfloat
                0x00000000c00090dc       0xf2 .obj/quickjs.o
 .text.JS_MarkValue
                0x00000000c00091ce       0x12 .obj/quickjs.o
                0x00000000c00091ce                JS_MarkValue
 .text.js_regexp_string_iterator_mark
                0x00000000c00091e0       0x40 .obj/quickjs.o
 .text.js_array_iterator_mark
                0x00000000c0009220       0x18 .obj/quickjs.o
 .text.js_map_iterator_mark
                0x00000000c0009238       0x18 .obj/quickjs.o
 .text.js_map_mark
                0x00000000c0009250       0x64 .obj/quickjs.o
 .text.js_for_in_iterator_mark
                0x00000000c00092b4       0x12 .obj/quickjs.o
 .text.js_bound_function_mark
                0x00000000c00092c6       0x58 .obj/quickjs.o
 .text.js_object_data_mark
                0x00000000c000931e       0x12 .obj/quickjs.o
 .text.js_array_mark
                0x00000000c0009330       0x44 .obj/quickjs.o
 .text.mark_children
                0x00000000c0009374      0x378 .obj/quickjs.o
 .text.js_promise_resolve_function_mark
                0x00000000c00096ec       0x18 .obj/quickjs.o
 .text.JS_RunGC
                0x00000000c0009704      0x174 .obj/quickjs.o
                0x00000000c0009704                JS_RunGC
 .text.JS_FreeRuntime
                0x00000000c0009878      0x110 .obj/quickjs.o
                0x00000000c0009878                JS_FreeRuntime
 .text.JS_NewRuntime2
                0x00000000c0009988      0x210 .obj/quickjs.o
                0x00000000c0009988                JS_NewRuntime2
 .text.JS_NewRuntime
                0x00000000c0009b98        0xe .obj/quickjs.o
                0x00000000c0009b98                JS_NewRuntime
 .text.JS_IsLiveObject
                0x00000000c0009ba6       0x22 .obj/quickjs.o
                0x00000000c0009ba6                JS_IsLiveObject
 .text.JS_ComputeMemoryUsage
                0x00000000c0009bc8      0x674 .obj/quickjs.o
                0x00000000c0009bc8                JS_ComputeMemoryUsage
 .text.JS_DumpMemoryUsage
                0x00000000c000a23c      0x42e .obj/quickjs.o
                0x00000000c000a23c                JS_DumpMemoryUsage
 .text.JS_GetGlobalObject
                0x00000000c000a66a       0x12 .obj/quickjs.o
                0x00000000c000a66a                JS_GetGlobalObject
 .text.JS_Throw
                0x00000000c000a67c       0x28 .obj/quickjs.o
                0x00000000c000a67c                JS_Throw
 .text.js_promise_finally_thrower
                0x00000000c000a6a4       0x24 .obj/quickjs.o
 .text.JS_GetException
                0x00000000c000a6c8       0x14 .obj/quickjs.o
                0x00000000c000a6c8                JS_GetException
 .text.JS_IsFunction
                0x00000000c000a6dc       0x4c .obj/quickjs.o
                0x00000000c000a6dc                JS_IsFunction
 .text.js_operator_typeof
                0x00000000c000a728       0x8a .obj/quickjs.o
 .text.JS_IsCFunction
                0x00000000c000a7b2       0x2e .obj/quickjs.o
                0x00000000c000a7b2                JS_IsCFunction
 .text.JS_IsConstructor
                0x00000000c000a7e0       0x1a .obj/quickjs.o
                0x00000000c000a7e0                JS_IsConstructor
 .text.JS_SetConstructorBit
                0x00000000c000a7fa       0x28 .obj/quickjs.o
                0x00000000c000a7fa                JS_SetConstructorBit
 .text.JS_IsError
                0x00000000c000a822       0x1e .obj/quickjs.o
                0x00000000c000a822                JS_IsError
 .text.JS_IsUncatchableError
                0x00000000c000a840       0x26 .obj/quickjs.o
                0x00000000c000a840                JS_IsUncatchableError
 .text.JS_SetUncatchableError
                0x00000000c000a866       0x30 .obj/quickjs.o
                0x00000000c000a866                JS_SetUncatchableError
 .text.JS_ResetUncatchableError
                0x00000000c000a896        0xc .obj/quickjs.o
                0x00000000c000a896                JS_ResetUncatchableError
 .text.JS_SetOpaque
                0x00000000c000a8a2       0x10 .obj/quickjs.o
                0x00000000c000a8a2                JS_SetOpaque
 .text.JS_GetOpaque
                0x00000000c000a8b2       0x24 .obj/quickjs.o
                0x00000000c000a8b2                JS_GetOpaque
 .text.js_c_function_data_call
                0x00000000c000a8d6       0xaa .obj/quickjs.o
 .text.js_generator_finalizer
                0x00000000c000a980       0x38 .obj/quickjs.o
 .text.js_c_function_data_mark
                0x00000000c000a9b8       0x56 .obj/quickjs.o
 .text.js_c_function_data_finalizer
                0x00000000c000aa0e       0x5e .obj/quickjs.o
 .text.js_proxy_revoke
                0x00000000c000aa6c       0x44 .obj/quickjs.o
 .text.js_proxy_mark
                0x00000000c000aab0       0x52 .obj/quickjs.o
 .text.js_proxy_finalizer
                0x00000000c000ab02       0x4e .obj/quickjs.o
 .text.js_async_generator_mark
                0x00000000c000ab50       0x90 .obj/quickjs.o
 .text.js_async_generator_finalizer
                0x00000000c000abe0       0x2e .obj/quickjs.o
 .text.js_async_from_sync_iterator_mark
                0x00000000c000ac0e       0x52 .obj/quickjs.o
 .text.js_async_from_sync_iterator_finalizer
                0x00000000c000ac60       0x4e .obj/quickjs.o
 .text.js_promise_mark
                0x00000000c000acae       0xd4 .obj/quickjs.o
 .text.js_promise_finalizer
                0x00000000c000ad82       0x88 .obj/quickjs.o
 .text.JS_SetIsHTMLDDA
                0x00000000c000ae0a       0x1e .obj/quickjs.o
                0x00000000c000ae0a                JS_SetIsHTMLDDA
 .text.JS_ToBool
                0x00000000c000ae28       0x20 .obj/quickjs.o
                0x00000000c000ae28                JS_ToBool
 .text.JS_DetectModule
                0x00000000c000ae48       0x4e .obj/quickjs.o
                0x00000000c000ae48                JS_DetectModule
 .text.JS_SetModuleLoaderFunc
                0x00000000c000ae96        0xe .obj/quickjs.o
                0x00000000c000ae96                JS_SetModuleLoaderFunc
 .text.JS_GetScriptOrModuleName
                0x00000000c000aea4       0x72 .obj/quickjs.o
                0x00000000c000aea4                JS_GetScriptOrModuleName
 .text.JS_GetModuleName
                0x00000000c000af16        0x6 .obj/quickjs.o
                0x00000000c000af16                JS_GetModuleName
 .text.lre_check_stack_overflow
                0x00000000c000af1c        0x4 .obj/quickjs.o
                0x00000000c000af1c                lre_check_stack_overflow
 .text.lre_realloc
                0x00000000c000af20        0x6 .obj/quickjs.o
                0x00000000c000af20                lre_realloc
 .text.JS_AddIntrinsicRegExpCompiler
                0x00000000c000af26        0xe .obj/quickjs.o
                0x00000000c000af26                JS_AddIntrinsicRegExpCompiler
 .text.JS_PromiseState
                0x00000000c000af34       0x24 .obj/quickjs.o
                0x00000000c000af34                JS_PromiseState
 .text.JS_PromiseResult
                0x00000000c000af58       0x2e .obj/quickjs.o
                0x00000000c000af58                JS_PromiseResult
 .text.JS_SetHostPromiseRejectionTracker
                0x00000000c000af86        0xa .obj/quickjs.o
                0x00000000c000af86                JS_SetHostPromiseRejectionTracker
 .text.JS_NewPromiseCapability
                0x00000000c000af90        0xc .obj/quickjs.o
                0x00000000c000af90                JS_NewPromiseCapability
 .text.JS_CallInternal
                0x00000000c000af9c     0x6870 .obj/quickjs.o
 .text.JS_CallFree
                0x00000000c001180c       0x36 .obj/quickjs.o
 .text.JS_GetPropertyInternal
                0x00000000c0011842      0x364 .obj/quickjs.o
                0x00000000c0011842                JS_GetPropertyInternal
 .text.JS_IteratorGetCompleteValue
                0x00000000c0011ba6       0x82 .obj/quickjs.o
 .text.js_is_regexp
                0x00000000c0011c28       0x80 .obj/quickjs.o
 .text.JS_GetPropertyValue
                0x00000000c0011ca8      0x224 .obj/quickjs.o
 .text.JS_GetPropertyUint32
                0x00000000c0011ecc       0x38 .obj/quickjs.o
                0x00000000c0011ecc                JS_GetPropertyUint32
 .text.JS_GetOwnPropertyInternal
                0x00000000c0011f04      0x1da .obj/quickjs.o
 .text.JS_SetPropertyInternal
                0x00000000c00120de      0x5aa .obj/quickjs.o
                0x00000000c00120de                JS_SetPropertyInternal
 .text.JS_SetPropertyValue
                0x00000000c0012688      0x218 .obj/quickjs.o
 .text.JS_SetPropertyUint32
                0x00000000c00128a0       0x42 .obj/quickjs.o
                0x00000000c00128a0                JS_SetPropertyUint32
 .text.JS_DefineProperty
                0x00000000c00128e2      0x6d4 .obj/quickjs.o
                0x00000000c00128e2                JS_DefineProperty
 .text.JS_DefinePropertyValue
                0x00000000c0012fb6       0x40 .obj/quickjs.o
                0x00000000c0012fb6                JS_DefinePropertyValue
 .text.JS_ThrowError2
                0x00000000c0012ff6       0x90 .obj/quickjs.o
 .text.JS_ThrowError
                0x00000000c0013086       0x42 .obj/quickjs.o
 .text.JS_ThrowTypeErrorOrFalse
                0x00000000c00130c8       0x44 .obj/quickjs.o
 .text.JS_ThrowSyntaxError
                0x00000000c001310c       0x2a .obj/quickjs.o
                0x00000000c001310c                JS_ThrowSyntaxError
 .text.__JS_ThrowSyntaxErrorAtom
                0x00000000c0013136       0x36 .obj/quickjs.o
 .text.js_resolve_export_throw_error
                0x00000000c001316c       0x92 .obj/quickjs.o
 .text.bc_read_error_end
                0x00000000c00131fe       0x28 .obj/quickjs.o
 .text.bc_get_u8
                0x00000000c0013226       0x24 .obj/quickjs.o
 .text.bc_get_leb128
                0x00000000c001324a       0x32 .obj/quickjs.o
 .text.bc_get_leb128_u16
                0x00000000c001327c       0x26 .obj/quickjs.o
 .text.bc_get_u64
                0x00000000c00132a2       0x5c .obj/quickjs.o
 .text.bc_get_buf
                0x00000000c00132fe       0x4a .obj/quickjs.o
 .text.bc_idx_to_atom
                0x00000000c0013348       0x6c .obj/quickjs.o
 .text.bc_get_atom
                0x00000000c00133b4       0x42 .obj/quickjs.o
 .text.JS_ThrowTypeError
                0x00000000c00133f6       0x2a .obj/quickjs.o
                0x00000000c00133f6                JS_ThrowTypeError
 .text.call_setter
                0x00000000c0013420       0x88 .obj/quickjs.o
 .text.check_function
                0x00000000c00134a8       0x2a .obj/quickjs.o
 .text.__JS_ThrowTypeErrorAtom
                0x00000000c00134d2       0x36 .obj/quickjs.o
 .text.JS_ThrowTypeErrorReadOnly
                0x00000000c0013508       0x48 .obj/quickjs.o
 .text.JS_ThrowTypeErrorInvalidClass
                0x00000000c0013550       0x28 .obj/quickjs.o
 .text.JS_GetOpaque2
                0x00000000c0013578       0x34 .obj/quickjs.o
                0x00000000c0013578                JS_GetOpaque2
 .text.js_map_get
                0x00000000c00135ac       0x78 .obj/quickjs.o
 .text.js_map_delete
                0x00000000c0013624       0x7c .obj/quickjs.o
 .text.js_map_has
                0x00000000c00136a0       0x64 .obj/quickjs.o
 .text.js_map_get_size
                0x00000000c0013704       0x4c .obj/quickjs.o
 .text.js_map_clear
                0x00000000c0013750       0x60 .obj/quickjs.o
 .text.js_array_buffer_get_byteLength
                0x00000000c00137b0       0x44 .obj/quickjs.o
 .text.JS_EvalInternal
                0x00000000c00137f4       0x80 .obj/quickjs.o
 .text.JS_EvalThis
                0x00000000c0013874       0x7a .obj/quickjs.o
                0x00000000c0013874                JS_EvalThis
 .text.JS_Eval  0x00000000c00138ee       0x18 .obj/quickjs.o
                0x00000000c00138ee                JS_Eval
 .text.js_promise_executor
                0x00000000c0013906       0x72 .obj/quickjs.o
 .text.JS_ThrowTypeErrorNotAnObject
                0x00000000c0013978       0x10 .obj/quickjs.o
 .text.JS_IteratorClose
                0x00000000c0013988       0xb8 .obj/quickjs.o
 .text.js_regexp_get_flag
                0x00000000c0013a40       0x80 .obj/quickjs.o
 .text.JS_CheckBrand
                0x00000000c0013ac0       0xfa .obj/quickjs.o
 .text.JS_SpeciesConstructor
                0x00000000c0013bba      0x118 .obj/quickjs.o
 .text.JS_ThrowTypeErrorDetachedArrayBuffer
                0x00000000c0013cd2       0x10 .obj/quickjs.o
 .text.JS_ThrowUnsupportedOperation
                0x00000000c0013ce2       0x10 .obj/quickjs.o
 .text.invalid_mul_pow10
                0x00000000c0013cf2       0x10 .obj/quickjs.o
 .text.invalid_mul_pow10_to_float64
                0x00000000c0013d02        0x8 .obj/quickjs.o
 .text.invalid_binary_arith
                0x00000000c0013d0a       0x2e .obj/quickjs.o
 .text.invalid_unary_arith
                0x00000000c0013d38       0x20 .obj/quickjs.o
 .text.invalid_to_string
                0x00000000c0013d58        0x8 .obj/quickjs.o
 .text.JS_SetThisTimeValue
                0x00000000c0013d60       0x80 .obj/quickjs.o
 .text.js_thisBigIntValue
                0x00000000c0013de0       0x4a .obj/quickjs.o
 .text.js_bigint_valueOf
                0x00000000c0013e2a        0x8 .obj/quickjs.o
 .text.js_symbol_keyFor
                0x00000000c0013e32       0x4a .obj/quickjs.o
 .text.js_thisSymbolValue
                0x00000000c0013e7c       0x48 .obj/quickjs.o
 .text.js_symbol_valueOf
                0x00000000c0013ec4        0x8 .obj/quickjs.o
 .text.js_string_toString
                0x00000000c0013ecc       0x4c .obj/quickjs.o
 .text.js_thisBooleanValue
                0x00000000c0013f18       0x4a .obj/quickjs.o
 .text.js_boolean_valueOf
                0x00000000c0013f62        0x8 .obj/quickjs.o
 .text.js_thisNumberValue
                0x00000000c0013f6a       0x46 .obj/quickjs.o
 .text.js_number_valueOf
                0x00000000c0013fb0        0x8 .obj/quickjs.o
 .text.get_typed_array
                0x00000000c0013fb8       0x5e .obj/quickjs.o
 .text.js_typed_array_get_length_internal
                0x00000000c0014016       0x34 .obj/quickjs.o
 .text.js_typed_array_reverse
                0x00000000c001404a       0xd0 .obj/quickjs.o
 .text.js_typed_array_get_byteOffset
                0x00000000c001411a       0x58 .obj/quickjs.o
 .text.js_typed_array_get_byteLength
                0x00000000c0014172       0x58 .obj/quickjs.o
 .text.js_typed_array_get_buffer
                0x00000000c00141ca       0x2e .obj/quickjs.o
 .text.validate_typed_array
                0x00000000c00141f8       0x32 .obj/quickjs.o
 .text.js_typed_array_get_length
                0x00000000c001422a       0x2e .obj/quickjs.o
 .text.js_throw_type_error
                0x00000000c0014258       0x10 .obj/quickjs.o
 .text.js_function_proto_caller
                0x00000000c0014268       0x46 .obj/quickjs.o
 .text.js_typed_array_base_constructor
                0x00000000c00142ae       0x10 .obj/quickjs.o
 .text.JS_ThrowTypeErrorRevokedProxy.isra.0
                0x00000000c00142be       0x10 .obj/quickjs.o
 .text.JS_IsArray
                0x00000000c00142ce       0x6c .obj/quickjs.o
                0x00000000c00142ce                JS_IsArray
 .text.js_array_isArray
                0x00000000c001433a       0x30 .obj/quickjs.o
 .text.get_proxy_method
                0x00000000c001436a       0x74 .obj/quickjs.o
 .text.JS_IsExtensible
                0x00000000c00143de       0xbc .obj/quickjs.o
                0x00000000c00143de                JS_IsExtensible
 .text.js_object_isExtensible
                0x00000000c001449a       0x48 .obj/quickjs.o
 .text.JS_GetPrototype
                0x00000000c00144e2      0x13c .obj/quickjs.o
                0x00000000c00144e2                JS_GetPrototype
 .text.JS_GetPrototypeFree
                0x00000000c001461e       0x2a .obj/quickjs.o
 .text.js_object_getPrototypeOf
                0x00000000c0014648       0x2e .obj/quickjs.o
 .text.JS_PreventExtensions
                0x00000000c0014676       0xc2 .obj/quickjs.o
                0x00000000c0014676                JS_PreventExtensions
 .text.js_object_preventExtensions
                0x00000000c0014738       0x82 .obj/quickjs.o
 .text.JS_GetFunctionRealm
                0x00000000c00147ba       0x74 .obj/quickjs.o
 .text.JS_SetObjectData.isra.0
                0x00000000c001482e       0x80 .obj/quickjs.o
 .text.JS_ThrowReferenceError
                0x00000000c00148ae       0x2a .obj/quickjs.o
                0x00000000c00148ae                JS_ThrowReferenceError
 .text.JS_ThrowReferenceErrorUninitialized
                0x00000000c00148d8       0x32 .obj/quickjs.o
 .text.JS_ThrowReferenceErrorUninitialized2.isra.0
                0x00000000c001490a       0x28 .obj/quickjs.o
 .text.JS_ThrowReferenceErrorNotDefined
                0x00000000c0014932       0x28 .obj/quickjs.o
 .text.JS_ThrowRangeError
                0x00000000c001495a       0x2a .obj/quickjs.o
                0x00000000c001495a                JS_ThrowRangeError
 .text.JS_ThrowInternalError
                0x00000000c0014984       0x2a .obj/quickjs.o
                0x00000000c0014984                JS_ThrowInternalError
 .text.__js_poll_interrupts
                0x00000000c00149ae       0x4c .obj/quickjs.o
 .text.js_poll_interrupts
                0x00000000c00149fa       0x18 .obj/quickjs.o
 .text.JS_OrdinaryIsInstanceOf
                0x00000000c0014a12      0x130 .obj/quickjs.o
 .text.JS_IsInstanceOf
                0x00000000c0014b42       0xa4 .obj/quickjs.o
                0x00000000c0014b42                JS_IsInstanceOf
 .text.js_function_hasInstance
                0x00000000c0014be6       0x36 .obj/quickjs.o
 .text.JS_ThrowOutOfMemory
                0x00000000c0014c1c       0x30 .obj/quickjs.o
                0x00000000c0014c1c                JS_ThrowOutOfMemory
 .text.js_malloc
                0x00000000c0014c4c       0x26 .obj/quickjs.o
                0x00000000c0014c4c                js_malloc
 .text.js_strndup
                0x00000000c0014c72       0x36 .obj/quickjs.o
                0x00000000c0014c72                js_strndup
 .text.js_strdup
                0x00000000c0014ca8       0x20 .obj/quickjs.o
                0x00000000c0014ca8                js_strdup
 .text.get_var_ref
                0x00000000c0014cc8       0xd6 .obj/quickjs.o
 .text.js_clone_shape
                0x00000000c0014d9e       0xa4 .obj/quickjs.o
 .text.js_shape_prepare_update
                0x00000000c0014e42       0x8c .obj/quickjs.o
 .text.JS_AutoInitProperty
                0x00000000c0014ece       0x8a .obj/quickjs.o
 .text.JS_SetPrototypeInternal
                0x00000000c0014f58      0x1c8 .obj/quickjs.o
 .text.JS_SetPrototype
                0x00000000c0015120        0xa .obj/quickjs.o
                0x00000000c0015120                JS_SetPrototype
 .text.js_reflect_setPrototypeOf
                0x00000000c001512a       0x38 .obj/quickjs.o
 .text.js_object_set___proto__
                0x00000000c0015162       0x56 .obj/quickjs.o
 .text.js_object_setPrototypeOf
                0x00000000c00151b8       0x30 .obj/quickjs.o
 .text.js_update_property_flags
                0x00000000c00151e8       0x40 .obj/quickjs.o
 .text.seal_template_obj
                0x00000000c0015228       0x78 .obj/quickjs.o
 .text.JS_EnqueueJob
                0x00000000c00152a0       0x86 .obj/quickjs.o
                0x00000000c00152a0                JS_EnqueueJob
 .text.fulfill_or_reject_promise
                0x00000000c0015326      0x142 .obj/quickjs.o
 .text.js_promise_resolve_function_call
                0x00000000c0015468      0x132 .obj/quickjs.o
 .text.JS_NewBigInt
                0x00000000c001559a       0x40 .obj/quickjs.o
 .text.js_create_module_var
                0x00000000c00155da       0x5c .obj/quickjs.o
 .text.add_reloc
                0x00000000c0015636       0x30 .obj/quickjs.o
 .text.js_typed_array_sort
                0x00000000c0015666      0x2be .obj/quickjs.o
 .text.js_new_shape2.constprop.0
                0x00000000c0015924      0x13e .obj/quickjs.o
 .text.typed_array_init.isra.0
                0x00000000c0015a62       0x86 .obj/quickjs.o
 .text.js_mallocz
                0x00000000c0015ae8       0x26 .obj/quickjs.o
                0x00000000c0015ae8                js_mallocz
 .text.async_func_init
                0x00000000c0015b0e      0x152 .obj/quickjs.o
 .text.js_closure2
                0x00000000c0015c60       0xae .obj/quickjs.o
 .text.perform_promise_then
                0x00000000c0015d0e      0x1a8 .obj/quickjs.o
 .text.js_new_module_def
                0x00000000c0015eb6       0x80 .obj/quickjs.o
 .text.js_realloc
                0x00000000c0015f36       0x30 .obj/quickjs.o
                0x00000000c0015f36                js_realloc
 .text.resize_properties
                0x00000000c0015f66      0x15c .obj/quickjs.o
 .text.add_shape_property
                0x00000000c00160c2      0x110 .obj/quickjs.o
 .text.add_property
                0x00000000c00161d2      0x198 .obj/quickjs.o
 .text.JS_DefineAutoInitProperty
                0x00000000c001636a       0xc6 .obj/quickjs.o
 .text.JS_NewObjectFromShape
                0x00000000c0016430      0x164 .obj/quickjs.o
 .text.JS_NewObjectProtoClass
                0x00000000c0016594       0x98 .obj/quickjs.o
                0x00000000c0016594                JS_NewObjectProtoClass
 .text.js_create_from_ctor
                0x00000000c001662c       0xb2 .obj/quickjs.o
 .text.js_array_buffer_constructor3
                0x00000000c00166de      0x148 .obj/quickjs.o
 .text.js_array_buffer_constructor2
                0x00000000c0016826       0x1e .obj/quickjs.o
 .text.js_boolean_constructor
                0x00000000c0016844       0x6e .obj/quickjs.o
 .text.JS_NewObjectClass
                0x00000000c00168b2       0x16 .obj/quickjs.o
                0x00000000c00168b2                JS_NewObjectClass
 .text.JS_NewError
                0x00000000c00168c8        0xa .obj/quickjs.o
                0x00000000c00168c8                JS_NewError
 .text.js_create_map_iterator
                0x00000000c00168d2       0x9e .obj/quickjs.o
 .text.JS_NewObjectProto
                0x00000000c0016970        0xa .obj/quickjs.o
                0x00000000c0016970                JS_NewObjectProto
 .text.JS_GetImportMeta
                0x00000000c001697a       0x50 .obj/quickjs.o
                0x00000000c001697a                JS_GetImportMeta
 .text.JS_NewObject
                0x00000000c00169ca       0x10 .obj/quickjs.o
                0x00000000c00169ca                JS_NewObject
 .text.js_create_module_function
                0x00000000c00169da      0x12a .obj/quickjs.o
 .text.js_proxy_constructor
                0x00000000c0016b04       0xfc .obj/quickjs.o
 .text.JS_NewArray
                0x00000000c0016c00       0x12 .obj/quickjs.o
                0x00000000c0016c00                JS_NewArray
 .text.convert_fast_array_to_array
                0x00000000c0016c12       0xae .obj/quickjs.o
 .text.ident_realloc
                0x00000000c0016cc0       0x70 .obj/quickjs.o
 .text.delete_property
                0x00000000c0016d30      0x386 .obj/quickjs.o
 .text.js_realloc2
                0x00000000c00170b6       0x52 .obj/quickjs.o
                0x00000000c00170b6                js_realloc2
 .text.string_buffer_widen
                0x00000000c0017108       0x72 .obj/quickjs.o
 .text.expand_fast_array
                0x00000000c001717a       0x4a .obj/quickjs.o
 .text.add_fast_array_element
                0x00000000c00171c4       0xba .obj/quickjs.o
 .text.js_allocate_fast_array
                0x00000000c001727e       0x7c .obj/quickjs.o
 .text.js_realloc_array
                0x00000000c00172fa       0x58 .obj/quickjs.o
 .text.js_resize_array
                0x00000000c0017352        0xe .obj/quickjs.o
 .text.get_exported_names
                0x00000000c0017360      0x126 .obj/quickjs.o
 .text.js_resolve_export1
                0x00000000c0017486      0x176 .obj/quickjs.o
 .text.js_resolve_export
                0x00000000c00175fc       0x48 .obj/quickjs.o
 .text.gather_available_ancestors
                0x00000000c0017644       0xfc .obj/quickjs.o
 .text.bc_atom_to_idx
                0x00000000c0017740       0xd2 .obj/quickjs.o
 .text.bc_put_atom.isra.0
                0x00000000c0017812       0x3c .obj/quickjs.o
 .text.BC_add_object_ref1
                0x00000000c001784e       0x4a .obj/quickjs.o
 .text.new_label_fd
                0x00000000c0017898       0x5a .obj/quickjs.o
 .text.new_label
                0x00000000c00178f2        0x8 .obj/quickjs.o
 .text.emit_goto
                0x00000000c00178fa       0x5c .obj/quickjs.o
 .text.emit_class_field_init
                0x00000000c0017956       0x8a .obj/quickjs.o
 .text.emit_return
                0x00000000c00179e0      0x1b8 .obj/quickjs.o
 .text.optional_chain_test
                0x00000000c0017b98       0x7c .obj/quickjs.o
 .text.js_emit_spread_code
                0x00000000c0017c14       0xa6 .obj/quickjs.o
 .text.var_object_test
                0x00000000c0017cba       0x92 .obj/quickjs.o
 .text.cpool_add
                0x00000000c0017d4c       0x52 .obj/quickjs.o
 .text.emit_push_const
                0x00000000c0017d9e       0x76 .obj/quickjs.o
 .text.emit_class_init_end
                0x00000000c0017e14       0x58 .obj/quickjs.o
 .text.add_global_var
                0x00000000c0017e6c       0x6c .obj/quickjs.o
 .text.add_req_module_entry
                0x00000000c0017ed8       0x76 .obj/quickjs.o
 .text.js_map_set
                0x00000000c0017f4e      0x200 .obj/quickjs.o
 .text.push_scope
                0x00000000c001814e       0xd0 .obj/quickjs.o
 .text.js_atof  0x00000000c001821e      0x4f8 .obj/quickjs.o
 .text.JS_NewSymbol
                0x00000000c0018716       0x40 .obj/quickjs.o
 .text.JS_NewSymbolFromAtom.constprop.0
                0x00000000c0018756       0x5c .obj/quickjs.o
 .text.js_alloc_string
                0x00000000c00187b2       0x26 .obj/quickjs.o
 .text.string_buffer_init2
                0x00000000c00187d8       0x38 .obj/quickjs.o
 .text.string_buffer_init
                0x00000000c0018810        0x6 .obj/quickjs.o
 .text.js_new_string16
                0x00000000c0018816       0x42 .obj/quickjs.o
 .text.JS_ReadString
                0x00000000c0018858       0x82 .obj/quickjs.o
 .text.JS_NewBigInt64_1
                0x00000000c00188da       0x64 .obj/quickjs.o
                0x00000000c00188da                JS_NewBigInt64_1
 .text.JS_NewBigInt64
                0x00000000c001893e        0x8 .obj/quickjs.o
                0x00000000c001893e                JS_NewBigInt64
 .text.js_TA_get_int64
                0x00000000c0018946        0xa .obj/quickjs.o
 .text.JS_NewBigUint64
                0x00000000c0018950       0x64 .obj/quickjs.o
                0x00000000c0018950                JS_NewBigUint64
 .text.js_TA_get_uint64
                0x00000000c00189b4        0xa .obj/quickjs.o
 .text.js_string_to_bigint
                0x00000000c00189be       0x6a .obj/quickjs.o
 .text.throw_bf_exception.isra.0
                0x00000000c0018a28       0x42 .obj/quickjs.o
 .text.string_buffer_realloc
                0x00000000c0018a6a       0xbe .obj/quickjs.o
 .text.string_buffer_write8
                0x00000000c0018b28       0x82 .obj/quickjs.o
 .text.string_buffer_concat
                0x00000000c0018baa       0xe4 .obj/quickjs.o
 .text.string_buffer_puts8
                0x00000000c0018c8e       0x22 .obj/quickjs.o
 .text.encodeURI_hex.isra.0
                0x00000000c0018cb0       0x78 .obj/quickjs.o
 .text.string_buffer_putc8
                0x00000000c0018d28       0x52 .obj/quickjs.o
 .text.string_buffer_putc_slow
                0x00000000c0018d7a       0x80 .obj/quickjs.o
 .text.string_buffer_putc16
                0x00000000c0018dfa       0x3e .obj/quickjs.o
 .text.string_buffer_putc
                0x00000000c0018e38       0x50 .obj/quickjs.o
 .text.string_buffer_fill
                0x00000000c0018e88       0x4a .obj/quickjs.o
 .text.JS_NewStringLen
                0x00000000c0018ed2      0x15e .obj/quickjs.o
                0x00000000c0018ed2                JS_NewStringLen
 .text.JS_NewAtomLen
                0x00000000c0019030       0x52 .obj/quickjs.o
                0x00000000c0019030                JS_NewAtomLen
 .text.JS_NewAtom
                0x00000000c0019082       0x20 .obj/quickjs.o
                0x00000000c0019082                JS_NewAtom
 .text.js_host_resolve_imported_module
                0x00000000c00190a2      0x1a4 .obj/quickjs.o
 .text.JS_GetPropertyStr
                0x00000000c0019246       0x48 .obj/quickjs.o
                0x00000000c0019246                JS_GetPropertyStr
 .text.JS_NewCModule
                0x00000000c001928e       0x2a .obj/quickjs.o
                0x00000000c001928e                JS_NewCModule
 .text.JS_SetModuleExport
                0x00000000c00192b8       0x74 .obj/quickjs.o
                0x00000000c00192b8                JS_SetModuleExport
 .text.find_atom
                0x00000000c001932c       0x94 .obj/quickjs.o
 .text.js_new_function_def
                0x00000000c00193c0       0xdc .obj/quickjs.o
 .text.emit_class_init_start
                0x00000000c001949c       0xc4 .obj/quickjs.o
 .text.parse_ident
                0x00000000c0019560      0x104 .obj/quickjs.o
 .text.JS_NewString
                0x00000000c0019664       0x20 .obj/quickjs.o
                0x00000000c0019664                JS_NewString
 .text.JS_NewAtomUInt32
                0x00000000c0019684       0x4e .obj/quickjs.o
                0x00000000c0019684                JS_NewAtomUInt32
 .text.__JS_AtomToValue
                0x00000000c00196d2       0xa2 .obj/quickjs.o
 .text.JS_AtomToValue
                0x00000000c0019774        0xa .obj/quickjs.o
                0x00000000c0019774                JS_AtomToValue
 .text.JS_AtomToString
                0x00000000c001977e        0xa .obj/quickjs.o
                0x00000000c001977e                JS_AtomToString
 .text.JS_ToPrimitiveFree
                0x00000000c0019788      0x1a0 .obj/quickjs.o
 .text.JS_ToPrimitive
                0x00000000c0019928       0x24 .obj/quickjs.o
 .text.string_buffer_end
                0x00000000c001994c       0x96 .obj/quickjs.o
 .text.JS_NewAtomString
                0x00000000c00199e2       0x44 .obj/quickjs.o
                0x00000000c00199e2                JS_NewAtomString
 .text.exported_names_cmp
                0x00000000c0019a26       0x66 .obj/quickjs.o
 .text.js_symbol_get_description
                0x00000000c0019a8c       0x6c .obj/quickjs.o
 .text.js_boolean_toString
                0x00000000c0019af8       0x34 .obj/quickjs.o
 .text.js_function_proto_fileName
                0x00000000c0019b2c       0x38 .obj/quickjs.o
 .text.js_object___getClass
                0x00000000c0019b64       0x52 .obj/quickjs.o
 .text.js_typed_array_get_toStringTag
                0x00000000c0019bb6       0x3e .obj/quickjs.o
 .text.js_new_string8
                0x00000000c0019bf4       0x52 .obj/quickjs.o
 .text.js_new_string_char
                0x00000000c0019c46       0x34 .obj/quickjs.o
 .text.js_string_get_own_property
                0x00000000c0019c7a       0x7a .obj/quickjs.o
 .text.js_string_iterator_next
                0x00000000c0019cf4       0xc6 .obj/quickjs.o
 .text.js_sub_string
                0x00000000c0019dba       0xd2 .obj/quickjs.o
 .text.JS_NewAtomInt64
                0x00000000c0019e8c       0x58 .obj/quickjs.o
 .text.js_dtoa  0x00000000c0019ee4      0x3e2 .obj/quickjs.o
 .text.JS_ToStringInternal
                0x00000000c001a2c6      0x152 .obj/quickjs.o
                0x00000000c001a2c6                JS_ToStringInternal
 .text.JS_ToString
                0x00000000c001a418        0xa .obj/quickjs.o
                0x00000000c001a418                JS_ToString
 .text.JS_ToStringFree
                0x00000000c001a422       0x2a .obj/quickjs.o
 .text.JS_ConcatString3
                0x00000000c001a44c       0xe2 .obj/quickjs.o
 .text.js_get_function_name
                0x00000000c001a52e       0x76 .obj/quickjs.o
 .text.JS_ConcatString
                0x00000000c001a5a4      0x252 .obj/quickjs.o
 .text.js_error_toString
                0x00000000c001a7f6      0x128 .obj/quickjs.o
 .text.string_buffer_concat_value_free
                0x00000000c001a91e       0x86 .obj/quickjs.o
 .text.js_regexp_toString
                0x00000000c001a9a4       0xaa .obj/quickjs.o
 .text.check_regexp_g_flag
                0x00000000c001aa4e       0xa0 .obj/quickjs.o
 .text.JS_ToStringCheckObject
                0x00000000c001aaee       0x20 .obj/quickjs.o
 .text.JS_ToQuotedString
                0x00000000c001ab0e      0x17a .obj/quickjs.o
 .text.JS_ToQuotedStringFree
                0x00000000c001ac88       0x2a .obj/quickjs.o
 .text.js_string___quote
                0x00000000c001acb2        0x8 .obj/quickjs.o
 .text.js_string_CreateHTML
                0x00000000c001acba      0x160 .obj/quickjs.o
 .text.js_string_toLowerCase
                0x00000000c001ae1a      0x1be .obj/quickjs.o
 .text.js_string_isWellFormed
                0x00000000c001afd8       0x5a .obj/quickjs.o
 .text.js_string_concat
                0x00000000c001b032       0x6a .obj/quickjs.o
 .text.js_string_toWellFormed
                0x00000000c001b09c       0xfe .obj/quickjs.o
 .text.js_string_trim
                0x00000000c001b19a       0xb0 .obj/quickjs.o
 .text.js_string_normalize1
                0x00000000c001b24a       0xd0 .obj/quickjs.o
 .text.string_buffer_concat_value
                0x00000000c001b31a       0x7c .obj/quickjs.o
 .text.js_Date_parse
                0x00000000c001b396      0x412 .obj/quickjs.o
 .text.js_symbol_for
                0x00000000c001b7a8       0x34 .obj/quickjs.o
 .text.js_symbol_constructor
                0x00000000c001b7dc       0x5e .obj/quickjs.o
 .text.js_string_localeCompare
                0x00000000c001b83a      0x110 .obj/quickjs.o
 .text.js_global_unescape
                0x00000000c001b94a       0xe8 .obj/quickjs.o
 .text.js_global_escape
                0x00000000c001ba32       0xb8 .obj/quickjs.o
 .text.JS_ToCStringLen2
                0x00000000c001baea      0x1fe .obj/quickjs.o
                0x00000000c001baea                JS_ToCStringLen2
 .text.JS_ToNumberHintFree
                0x00000000c001bce8      0x1c4 .obj/quickjs.o
 .text.JS_ToNumberFree
                0x00000000c001beac        0xa .obj/quickjs.o
 .text.JS_ToInt32Free
                0x00000000c001beb6       0xa6 .obj/quickjs.o
 .text.js_get_length32
                0x00000000c001bf5c       0x54 .obj/quickjs.o
 .text.JS_ToInt32
                0x00000000c001bfb0       0x28 .obj/quickjs.o
                0x00000000c001bfb0                JS_ToInt32
 .text.js_string_codePointRange
                0x00000000c001bfd8       0xa8 .obj/quickjs.o
                0x00000000c001bfd8                js_string_codePointRange
 .text.js_math_clz32
                0x00000000c001c080       0x44 .obj/quickjs.o
 .text.js_math_imul
                0x00000000c001c0c4       0x4e .obj/quickjs.o
 .text.js_string_fromCharCode
                0x00000000c001c112       0x7c .obj/quickjs.o
 .text.JS_ToUint8ClampFree
                0x00000000c001c18e       0xa2 .obj/quickjs.o
 .text.JS_ToFloat64Free
                0x00000000c001c230       0xa0 .obj/quickjs.o
 .text.JS_ToFloat64
                0x00000000c001c2d0       0x28 .obj/quickjs.o
                0x00000000c001c2d0                JS_ToFloat64
 .text.JS_NumberIsInteger
                0x00000000c001c2f8       0x62 .obj/quickjs.o
 .text.js_number_isInteger
                0x00000000c001c35a       0x30 .obj/quickjs.o
 .text.js_Date_UTC
                0x00000000c001c38a      0x136 .obj/quickjs.o
 .text.JS_ThisTimeValue
                0x00000000c001c4c0       0x46 .obj/quickjs.o
 .text.get_date_fields
                0x00000000c001c506      0x19a .obj/quickjs.o
 .text.get_date_field
                0x00000000c001c6a0       0x98 .obj/quickjs.o
 .text.js_date_getTimezoneOffset
                0x00000000c001c738       0x56 .obj/quickjs.o
 .text.js_date_getTime
                0x00000000c001c78e       0x4c .obj/quickjs.o
 .text.set_date_field
                0x00000000c001c7da      0x10e .obj/quickjs.o
 .text.js_date_setYear
                0x00000000c001c8e8       0xd4 .obj/quickjs.o
 .text.js_date_setTime
                0x00000000c001c9bc       0x54 .obj/quickjs.o
 .text.js_math_hypot
                0x00000000c001ca10       0xa0 .obj/quickjs.o
 .text.js_math_min_max
                0x00000000c001cab0      0x16a .obj/quickjs.o
 .text.js_string_fromCodePoint
                0x00000000c001cc1a       0xc2 .obj/quickjs.o
 .text.js_number_isSafeInteger
                0x00000000c001ccdc       0x8c .obj/quickjs.o
 .text.js_global_isFinite
                0x00000000c001cd68       0x4e .obj/quickjs.o
 .text.js_number_isFinite
                0x00000000c001cdb6       0x22 .obj/quickjs.o
 .text.js_global_isNaN
                0x00000000c001cdd8       0x36 .obj/quickjs.o
 .text.js_number_isNaN
                0x00000000c001ce0e       0x22 .obj/quickjs.o
 .text.JS_ToArrayLengthFree
                0x00000000c001ce30      0x110 .obj/quickjs.o
 .text.set_array_length
                0x00000000c001cf40      0x1f0 .obj/quickjs.o
 .text.JS_ToInt32SatFree
                0x00000000c001d130       0x98 .obj/quickjs.o
 .text.JS_ToInt32Sat
                0x00000000c001d1c8       0x28 .obj/quickjs.o
                0x00000000c001d1c8                JS_ToInt32Sat
 .text.js_get_radix
                0x00000000c001d1f0       0x3a .obj/quickjs.o
 .text.js_number_toString
                0x00000000c001d22a       0x94 .obj/quickjs.o
 .text.js_string_codePointAt
                0x00000000c001d2be       0x9c .obj/quickjs.o
 .text.js_string_charCodeAt
                0x00000000c001d35a       0xbe .obj/quickjs.o
 .text.js_string_charAt
                0x00000000c001d418       0xd0 .obj/quickjs.o
 .text.js_number_toPrecision
                0x00000000c001d4e8       0xb8 .obj/quickjs.o
 .text.js_number_toFixed
                0x00000000c001d5a0       0xa2 .obj/quickjs.o
 .text.js_number_toExponential
                0x00000000c001d642       0xcc .obj/quickjs.o
 .text.JS_ToInt32Clamp
                0x00000000c001d70e       0x60 .obj/quickjs.o
                0x00000000c001d70e                JS_ToInt32Clamp
 .text.js_typed_array_indexOf
                0x00000000c001d76e      0x360 .obj/quickjs.o
 .text.js_typed_array_copyWithin
                0x00000000c001dace       0xf2 .obj/quickjs.o
 .text.js_string_slice
                0x00000000c001dbc0       0xc0 .obj/quickjs.o
 .text.js_string_substr
                0x00000000c001dc80       0xba .obj/quickjs.o
 .text.js_string_substring
                0x00000000c001dd3a       0xc8 .obj/quickjs.o
 .text.JS_ToInt64SatFree
                0x00000000c001de02       0x9e .obj/quickjs.o
 .text.JS_ToInt64Sat
                0x00000000c001dea0       0x28 .obj/quickjs.o
                0x00000000c001dea0                JS_ToInt64Sat
 .text.JS_ToIndex
                0x00000000c001dec8       0x40 .obj/quickjs.o
                0x00000000c001dec8                JS_ToIndex
 .text.js_dataview_constructor
                0x00000000c001df08      0x15e .obj/quickjs.o
 .text.js_shared_array_buffer_constructor
                0x00000000c001e066       0x3e .obj/quickjs.o
 .text.js_array_buffer_constructor
                0x00000000c001e0a4       0x3e .obj/quickjs.o
 .text.js_dataview_getValue
                0x00000000c001e0e2      0x30e .obj/quickjs.o
 .text.JS_ToInt64Clamp
                0x00000000c001e3f0       0x5e .obj/quickjs.o
                0x00000000c001e3f0                JS_ToInt64Clamp
 .text.JS_ToLengthFree
                0x00000000c001e44e       0x32 .obj/quickjs.o
 .text.js_get_length64
                0x00000000c001e480       0x4c .obj/quickjs.o
 .text.JS_ToInt64
                0x00000000c001e4cc       0xa6 .obj/quickjs.o
                0x00000000c001e4cc                JS_ToInt64
 .text.JS_ToNumericFree
                0x00000000c001e572        0xa .obj/quickjs.o
 .text.js_add_slow
                0x00000000c001e57c      0x1c2 .obj/quickjs.o
 .text.js_binary_arith_slow
                0x00000000c001e73e      0x256 .obj/quickjs.o
 .text.js_unary_arith_slow
                0x00000000c001e994      0x12a .obj/quickjs.o
 .text.js_not_slow
                0x00000000c001eabe       0x7e .obj/quickjs.o
 .text.js_shr_slow
                0x00000000c001eb3c       0xf6 .obj/quickjs.o
 .text.js_binary_logic_slow
                0x00000000c001ec32      0x15a .obj/quickjs.o
 .text.js_number_constructor
                0x00000000c001ed8c       0xb4 .obj/quickjs.o
 .text.JS_ToCString
                0x00000000c001ee40       0x10 .obj/quickjs.o
 .text.JS_AtomToCString
                0x00000000c001ee50       0x40 .obj/quickjs.o
                0x00000000c001ee50                JS_AtomToCString
 .text.build_backtrace
                0x00000000c001ee90      0x2f2 .obj/quickjs.o
 .text.js_resolve_module
                0x00000000c001f182       0xaa .obj/quickjs.o
 .text.JS_ResolveModule
                0x00000000c001f22c       0x32 .obj/quickjs.o
                0x00000000c001f22c                JS_ResolveModule
 .text.js_parseFloat
                0x00000000c001f25e       0x52 .obj/quickjs.o
 .text.js_parseInt
                0x00000000c001f2b0       0xa2 .obj/quickjs.o
 .text.js_compile_regexp
                0x00000000c001f352      0x14c .obj/quickjs.o
 .text.JS_StringToBigInt
                0x00000000c001f49e       0xda .obj/quickjs.o
 .text.JS_StringToBigIntErr
                0x00000000c001f578       0x42 .obj/quickjs.o
 .text.JS_ToBigIntFree
                0x00000000c001f5ba       0x9e .obj/quickjs.o
 .text.JS_ToBigInt64Free
                0x00000000c001f658       0x3e .obj/quickjs.o
 .text.JS_ToBigInt64
                0x00000000c001f696       0x28 .obj/quickjs.o
                0x00000000c001f696                JS_ToBigInt64
 .text.JS_ToInt64Ext
                0x00000000c001f6be       0x18 .obj/quickjs.o
                0x00000000c001f6be                JS_ToInt64Ext
 .text.js_dataview_setValue
                0x00000000c001f6d6      0x1fa .obj/quickjs.o
 .text.js_typed_array_fill
                0x00000000c001f8d0      0x1c6 .obj/quickjs.o
 .text.JS_ToBigInt
                0x00000000c001fa96       0x28 .obj/quickjs.o
 .text.js_bigint_asUintN
                0x00000000c001fabe      0x12c .obj/quickjs.o
 .text.js_binary_arith_bigint
                0x00000000c001fbea      0x22a .obj/quickjs.o
 .text.js_unary_arith_bigint
                0x00000000c001fe14      0x12c .obj/quickjs.o
 .text.js_bigint_constructor
                0x00000000c001ff40      0x1e4 .obj/quickjs.o
 .text.js_relational_slow
                0x00000000c0020124      0x232 .obj/quickjs.o
 .text.js_eq_slow
                0x00000000c0020356      0x2dc .obj/quickjs.o
 .text.js_atom_concat_str
                0x00000000c0020632       0xc0 .obj/quickjs.o
 .text.js_string_normalize
                0x00000000c00206f2      0x164 .obj/quickjs.o
 .text.JS_EvalObject
                0x00000000c0020856       0x86 .obj/quickjs.o
 .text.js_function_constructor
                0x00000000c00208dc      0x1ee .obj/quickjs.o
 .text.js_global_eval
                0x00000000c0020aca       0x18 .obj/quickjs.o
 .text.JS_AtomIsNumericIndex1
                0x00000000c0020ae2      0x1d8 .obj/quickjs.o
 .text.JS_AtomIsNumericIndex
                0x00000000c0020cba       0x38 .obj/quickjs.o
 .text.JS_CreateProperty
                0x00000000c0020cf2      0x28e .obj/quickjs.o
 .text.js_string_includes
                0x00000000c0020f80      0x17a .obj/quickjs.o
 .text.js_string_indexOf
                0x00000000c00210fa      0x15a .obj/quickjs.o
 .text.JS_ToPropertyKey
                0x00000000c0021254        0xa .obj/quickjs.o
                0x00000000c0021254                JS_ToPropertyKey
 .text.JS_ValueToAtom
                0x00000000c002125e       0x78 .obj/quickjs.o
                0x00000000c002125e                JS_ValueToAtom
 .text.js_date_Symbol_toPrimitive
                0x00000000c00212d6       0x98 .obj/quickjs.o
 .text.js_regexp_get_source
                0x00000000c002136e      0x1b8 .obj/quickjs.o
 .text.js_bigint_to_string1
                0x00000000c0021526       0x9c .obj/quickjs.o
 .text.js_bigint_toString
                0x00000000c00215c2       0x8e .obj/quickjs.o
 .text.js_bigint_to_string
                0x00000000c0021650        0xa .obj/quickjs.o
 .text.get_date_string
                0x00000000c002165a      0x30c .obj/quickjs.o
 .text.js_date_constructor
                0x00000000c0021966      0x244 .obj/quickjs.o
 .text.add_var  0x00000000c0021baa       0x86 .obj/quickjs.o
 .text.add_scope_var
                0x00000000c0021c30       0x52 .obj/quickjs.o
 .text.add_private_class_field
                0x00000000c0021c82       0x3e .obj/quickjs.o
 .text.add_var_this
                0x00000000c0021cc0       0x2e .obj/quickjs.o
 .text.add_arguments_var
                0x00000000c0021cee       0x30 .obj/quickjs.o
 .text.add_func_var
                0x00000000c0021d1e       0x54 .obj/quickjs.o